
 Start         Length     Name                   Class
 0001:00401000 0001B210H .text                   CODE
 0002:0041D000 000001C0H .itext                  ICODE
 0003:0041E000 00000128H .data                   DATA
 0004:0041F000 0000015CH .bss                    BSS
 0005:00000000 00000000H .tls                    TLS


Detailed map of segments

 0001:00000000 00000336 C=CODE     S=.text    G=(none)   M=System   ACBP=A9
 0001:00000338 000001C3 C=CODE     S=.text    G=(none)   M=SysInit  ACBP=A9
 0001:000004FC 0000012E C=CODE     S=.text    G=(none)   M=SysUtils ACBP=A9
 0001:0000062C 0000004C C=CODE     S=.text    G=(none)   M=Windows  ACBP=A9
 0001:00000678 0000004E C=CODE     S=.text    G=(none)   M=Math     ACBP=A9
 0001:000006C8 00000016 C=CODE     S=.text    G=(none)   M=StrUtils ACBP=A9
 0001:000006E0 0000005E C=CODE     S=.text    G=(none)   M=Classes  ACBP=A9
 0001:00000740 00000006 C=CODE     S=.text    G=(none)   M=TypInfo  ACBP=A9
 0001:00000748 000000B6 C=CODE     S=.text    G=(none)   M=Variants ACBP=A9
 0001:00000800 00000006 C=CODE     S=.text    G=(none)   M=VarUtils ACBP=A9
 0001:00000808 00000172 C=CODE     S=.text    G=(none)   M=ZCompatibility ACBP=A9
 0001:0000097C 00000486 C=CODE     S=.text    G=(none)   M=ZMessages ACBP=A9
 0001:00000E04 000005D6 C=CODE     S=.text    G=(none)   M=ZMatchPattern ACBP=A9
 0001:000013DC 00001BFA C=CODE     S=.text    G=(none)   M=ZSysUtils ACBP=A9
 0001:00002FD8 0000047E C=CODE     S=.text    G=(none)   M=ZClasses ACBP=A9
 0001:00003458 000032B0 C=CODE     S=.text    G=(none)   M=ZVariant ACBP=A9
 0001:00006708 00001A8A C=CODE     S=.text    G=(none)   M=ZCollections ACBP=A9
 0001:00008194 000023CE C=CODE     S=.text    G=(none)   M=ZTokenizer ACBP=A9
 0001:0000A564 00000016 C=CODE     S=.text    G=(none)   M=Contnrs  ACBP=A9
 0001:0000A57C 00001509 C=CODE     S=.text    G=(none)   M=ZExprParser ACBP=A9
 0001:0000BA88 00000B06 C=CODE     S=.text    G=(none)   M=ZFunctionsOther ACBP=A9
 0001:0000C590 000006B4 C=CODE     S=.text    G=(none)   M=ZFunctionsConvert ACBP=A9
 0001:0000CC44 00001FCE C=CODE     S=.text    G=(none)   M=ZFunctionsStrings ACBP=A9
 0001:0000EC14 0000016E C=CODE     S=.text    G=(none)   M=DateUtils ACBP=A9
 0001:0000ED84 00005D0A C=CODE     S=.text    G=(none)   M=ZFunctionsDateTime ACBP=A9
 0001:00014A90 00001F2E C=CODE     S=.text    G=(none)   M=ZFunctionsMath ACBP=A9
 0001:000169C0 00000B36 C=CODE     S=.text    G=(none)   M=ZFunctions ACBP=A9
 0001:000174F8 000005F6 C=CODE     S=.text    G=(none)   M=ZVariables ACBP=A9
 0001:00017AF0 00000EED C=CODE     S=.text    G=(none)   M=ZExprToken ACBP=A9
 0001:000189E0 0000183E C=CODE     S=.text    G=(none)   M=ZExpression ACBP=A9
 0001:0001A220 00000E8E C=CODE     S=.text    G=(none)   M=ZURL     ACBP=A9
 0001:0001B0B0 0000015F C=CODE     S=.text    G=(none)   M=.ZCore   ACBP=A9
 0002:00000000 00000006 C=ICODE    S=.itext   G=(none)   M=System   ACBP=A9
 0002:00000008 00000006 C=ICODE    S=.itext   G=(none)   M=SysUtils ACBP=A9
 0002:00000010 00000011 C=ICODE    S=.itext   G=(none)   M=Windows  ACBP=A9
 0002:00000024 00000006 C=ICODE    S=.itext   G=(none)   M=Classes  ACBP=A9
 0002:0000002C 00000006 C=ICODE    S=.itext   G=(none)   M=TypInfo  ACBP=A9
 0002:00000034 00000006 C=ICODE    S=.itext   G=(none)   M=Variants ACBP=A9
 0002:0000003C 00000006 C=ICODE    S=.itext   G=(none)   M=VarUtils ACBP=A9
 0002:00000044 00000008 C=ICODE    S=.itext   G=(none)   M=ZCompatibility ACBP=A9
 0002:0000004C 00000008 C=ICODE    S=.itext   G=(none)   M=ZMessages ACBP=A9
 0002:00000054 00000008 C=ICODE    S=.itext   G=(none)   M=ZMatchPattern ACBP=A9
 0002:0000005C 00000008 C=ICODE    S=.itext   G=(none)   M=ZSysUtils ACBP=A9
 0002:00000064 00000008 C=ICODE    S=.itext   G=(none)   M=ZClasses ACBP=A9
 0002:0000006C 000000A7 C=ICODE    S=.itext   G=(none)   M=ZVariant ACBP=A9
 0002:00000114 00000008 C=ICODE    S=.itext   G=(none)   M=ZCollections ACBP=A9
 0002:0000011C 00000008 C=ICODE    S=.itext   G=(none)   M=ZTokenizer ACBP=A9
 0002:00000124 00000008 C=ICODE    S=.itext   G=(none)   M=ZExprParser ACBP=A9
 0002:0000012C 00000008 C=ICODE    S=.itext   G=(none)   M=ZFunctionsOther ACBP=A9
 0002:00000134 00000043 C=ICODE    S=.itext   G=(none)   M=ZFunctionsConvert ACBP=A9
 0002:00000178 00000008 C=ICODE    S=.itext   G=(none)   M=ZFunctionsStrings ACBP=A9
 0002:00000180 00000008 C=ICODE    S=.itext   G=(none)   M=ZFunctionsDateTime ACBP=A9
 0002:00000188 00000008 C=ICODE    S=.itext   G=(none)   M=ZFunctionsMath ACBP=A9
 0002:00000190 00000008 C=ICODE    S=.itext   G=(none)   M=ZFunctions ACBP=A9
 0002:00000198 00000008 C=ICODE    S=.itext   G=(none)   M=ZVariables ACBP=A9
 0002:000001A0 00000008 C=ICODE    S=.itext   G=(none)   M=ZExprToken ACBP=A9
 0002:000001A8 00000008 C=ICODE    S=.itext   G=(none)   M=ZExpression ACBP=A9
 0002:000001B0 00000008 C=ICODE    S=.itext   G=(none)   M=ZURL     ACBP=A9
 0002:000001B8 00000005 C=ICODE    S=.itext   G=(none)   M=.ZCore   ACBP=A9
 0003:00000000 00000030 C=DATA     S=.data    G=DGROUP   M=SysInit  ACBP=A9
 0003:00000030 0000007D C=DATA     S=.data    G=DGROUP   M=ZExprParser ACBP=A9
 0003:000000B0 00000024 C=DATA     S=.data    G=DGROUP   M=ZExprToken ACBP=A9
 0004:00000000 0000000C C=BSS      S=.bss     G=DGROUP   M=SysInit  ACBP=A9
 0004:0000000C 00000008 C=BSS      S=.bss     G=DGROUP   M=Windows  ACBP=A9
 0004:00000014 00000004 C=BSS      S=.bss     G=DGROUP   M=ZCompatibility ACBP=A9
 0004:00000018 00000004 C=BSS      S=.bss     G=DGROUP   M=ZMessages ACBP=A9
 0004:0000001C 00000004 C=BSS      S=.bss     G=DGROUP   M=ZMatchPattern ACBP=A9
 0004:00000020 00000004 C=BSS      S=.bss     G=DGROUP   M=ZSysUtils ACBP=A9
 0004:00000024 00000004 C=BSS      S=.bss     G=DGROUP   M=ZClasses ACBP=A9
 0004:00000028 00000038 C=BSS      S=.bss     G=DGROUP   M=ZVariant ACBP=A9
 0004:00000060 00000004 C=BSS      S=.bss     G=DGROUP   M=ZCollections ACBP=A9
 0004:00000064 00000004 C=BSS      S=.bss     G=DGROUP   M=ZTokenizer ACBP=A9
 0004:00000068 00000004 C=BSS      S=.bss     G=DGROUP   M=ZExprParser ACBP=A9
 0004:0000006C 00000004 C=BSS      S=.bss     G=DGROUP   M=ZFunctionsOther ACBP=A9
 0004:00000070 000000CC C=BSS      S=.bss     G=DGROUP   M=ZFunctionsConvert ACBP=A9
 0004:0000013C 00000004 C=BSS      S=.bss     G=DGROUP   M=ZFunctionsStrings ACBP=A9
 0004:00000140 00000004 C=BSS      S=.bss     G=DGROUP   M=ZFunctionsDateTime ACBP=A9
 0004:00000144 00000004 C=BSS      S=.bss     G=DGROUP   M=ZFunctionsMath ACBP=A9
 0004:00000148 00000004 C=BSS      S=.bss     G=DGROUP   M=ZFunctions ACBP=A9
 0004:0000014C 00000004 C=BSS      S=.bss     G=DGROUP   M=ZVariables ACBP=A9
 0004:00000150 00000004 C=BSS      S=.bss     G=DGROUP   M=ZExprToken ACBP=A9
 0004:00000154 00000004 C=BSS      S=.bss     G=DGROUP   M=ZExpression ACBP=A9
 0004:00000158 00000004 C=BSS      S=.bss     G=DGROUP   M=ZURL     ACBP=A9


  Address             Publics by Name

 0002:000001B8       .ZCore..ZCore
 0001:0001B1F0       .ZCore.@GetPackageInfoTable
 0001:0001B1F8       .ZCore.@PackageLoad
 0001:0001B204       .ZCore.@PackageUnload
 0002:00000024       Classes.Classes
 0001:00000738       Classes.Finalization
 0001:000006E8       Classes.TList.Clear
 0001:000006F0       Classes.TList.Delete
 0001:000006E0       Classes.TList.Destroy
 0001:000006F8       Classes.TList.Error
 0001:00000700       Classes.TList.Grow
 0001:00000708       Classes.TList.Notify
 0001:00000720       Classes.TStringList.Create
 0001:00000728       Classes.TStringList.SetCaseSensitive
 0001:00000710       Classes.TStrings.GetName
 0001:00000718       Classes.TStrings.GetValue
 0001:00000730       Classes.TStringStream.Create
 0001:0000A564       Contnrs.TObjectList.Add
 0001:0000A56C       Contnrs.TObjectList.Create
 0001:0000A574       Contnrs.TObjectList.GetItem
 0001:0000EC14       DateUtils.DateOf
 0001:0000EC34       DateUtils.DayOf
 0001:0000ECB4       DateUtils.DayOfTheWeek
 0001:0000EC64       DateUtils.DayOfTheYear
 0001:0000ED24       DateUtils.DaysBetween
 0001:0000EC3C       DateUtils.HourOf
 0001:0000EC94       DateUtils.HourOfTheMonth
 0001:0000ECBC       DateUtils.HourOfTheWeek
 0001:0000EC6C       DateUtils.HourOfTheYear
 0001:0000ED2C       DateUtils.HoursBetween
 0001:0000ED5C       DateUtils.IncDay
 0001:0000ED64       DateUtils.IncHour
 0001:0000ED7C       DateUtils.IncMilliSecond
 0001:0000ED6C       DateUtils.IncMinute
 0001:0000ED74       DateUtils.IncSecond
 0001:0000ED54       DateUtils.IncWeek
 0001:0000ED4C       DateUtils.IncYear
 0001:0000EC54       DateUtils.MilliSecondOf
 0001:0000ECEC       DateUtils.MilliSecondOfTheDay
 0001:0000ECFC       DateUtils.MilliSecondOfTheHour
 0001:0000ED04       DateUtils.MilliSecondOfTheMinute
 0001:0000ECAC       DateUtils.MilliSecondOfTheMonth
 0001:0000ECD4       DateUtils.MilliSecondOfTheWeek
 0001:0000EC84       DateUtils.MilliSecondOfTheYear
 0001:0000ED44       DateUtils.MilliSecondsBetween
 0001:0000EC44       DateUtils.MinuteOf
 0001:0000ECDC       DateUtils.MinuteOfTheDay
 0001:0000EC9C       DateUtils.MinuteOfTheMonth
 0001:0000ECC4       DateUtils.MinuteOfTheWeek
 0001:0000EC74       DateUtils.MinuteOfTheYear
 0001:0000ED34       DateUtils.MinutesBetween
 0001:0000EC2C       DateUtils.MonthOf
 0001:0000ED14       DateUtils.MonthsBetween
 0001:0000EC4C       DateUtils.SecondOf
 0001:0000ECE4       DateUtils.SecondOfTheDay
 0001:0000ECF4       DateUtils.SecondOfTheHour
 0001:0000ECA4       DateUtils.SecondOfTheMonth
 0001:0000ECCC       DateUtils.SecondOfTheWeek
 0001:0000EC7C       DateUtils.SecondOfTheYear
 0001:0000ED3C       DateUtils.SecondsBetween
 0001:0000EC1C       DateUtils.TimeOf
 0001:0000EC8C       DateUtils.WeekOfTheMonth
 0001:0000EC5C       DateUtils.WeekOfTheYear
 0001:0000ED1C       DateUtils.WeeksBetween
 0001:0000EC24       DateUtils.YearOf
 0001:0000ED0C       DateUtils.YearsBetween
 0001:00000678       Math.ArcCos
 0001:00000680       Math.ArcSin
 0001:00000698       Math.Ceil
 0001:00000690       Math.Cotan
 0001:000006A0       Math.Floor
 0001:000006A8       Math.Log10
 0001:000006C0       Math.Min
 0001:000006B8       Math.MinIntValue
 0001:000006B0       Math.Power
 0001:00000688       Math.Tan
 0001:000006C8       StrUtils.LeftStr
 0001:000006D0       StrUtils.RightStr
 0001:000006D8       StrUtils.Soundex
 0001:00000480       SysInit.@InitPkg
 0001:000004E4       SysInit.@PackageLoad
 0001:000004F0       SysInit.@PackageUnload
 0001:00000370       SysInit.AllocTlsBuffer
 0001:0000042C       SysInit.ExitProcessTLS
 0001:000003F4       SysInit.ExitThreadTLS
 0001:00000338       SysInit.FreeLibrary
 0001:0000037C       SysInit.GetTlsSize
 0004:00000004       SysInit.HInstance
 0001:00000450       SysInit.InitializeModule
 0001:000003C8       SysInit.InitProcessTLS
 0001:00000384       SysInit.InitThreadTLS
 0001:00000340       SysInit.LocalAlloc
 0001:00000348       SysInit.LocalFree
 0003:00000008       SysInit.Module
 0004:00000000       SysInit.ModuleIsLib
 0004:00000001       SysInit.ModuleIsPackage
 0003:00000004       SysInit.PtrToNil
 0001:00000350       SysInit.TlsAlloc
 0004:00000008       SysInit.tlsBuffer
 0001:00000358       SysInit.TlsFree
 0001:00000360       SysInit.TlsGetValue
 0003:00000000       SysInit.TlsIndex
 0005:00000000       SysInit.TlsLast
 0003:00000020       SysInit.TlsProc
 0001:00000368       SysInit.TlsSetValue
 0001:0000045C       SysInit.UninitializeModule
 0001:00000070       System.@AbstractError
 0001:00000288       System.@AddRefRecord
 0001:00000120       System.@AfterConstruction
 0001:000000D8       System.@AsClass
 0001:00000128       System.@BeforeDestruction
 0001:00000110       System.@ClassCreate
 0001:00000118       System.@ClassDestroy
 0001:00000290       System.@CopyRecord
 0001:00000150       System.@DoneExcept
 0001:000002C0       System.@DynArrayClear
 0001:000002B0       System.@DynArrayLength
 0001:000002B8       System.@DynArraySetLength
 0001:00000188       System.@EnsureAnsiString
 0001:00000180       System.@EnsureUnicodeString
 0001:00000078       System.@FillChar
 0001:00000280       System.@FinalizeArray
 0001:00000278       System.@FinalizeRecord
 0001:00000130       System.@HandleAnyException
 0001:00000138       System.@HandleFinally
 0001:00000270       System.@InitializeRecord
 0001:000002F0       System.@IntfAddRef
 0001:000002E8       System.@IntfCast
 0001:000002D8       System.@IntfClear
 0001:000002E0       System.@IntfCopy
 0001:00000080       System.@IntOver
 0001:000000D0       System.@IsClass
 0001:00000198       System.@LStrAddRef
 0001:00000170       System.@LStrClr
 0001:00000178       System.@LStrFromPCharLen
 0001:00000208       System.@LStrFromUStr
 0001:00000190       System.@LStrLen
 0001:00000158       System.@PackageLoad
 0001:00000160       System.@PackageUnload
 0001:00000148       System.@RaiseAgain
 0001:00000140       System.@RaiseExcept
 0001:00000000       System.@ReallocMem
 0001:00000060       System.@ROUND
 0001:00000168       System.@RunError
 0001:00000068       System.@TRUNC
 0001:000001B8       System.@UStrAddRef
 0001:000001C8       System.@UStrArrayClr
 0001:000001D0       System.@UStrAsg
 0001:00000230       System.@UStrCat
 0001:00000238       System.@UStrCat3
 0001:00000240       System.@UStrCatN
 0001:000001C0       System.@UStrClr
 0001:00000250       System.@UStrCopy
 0001:00000258       System.@UStrDelete
 0001:00000248       System.@UStrEqual
 0001:00000200       System.@UStrFromLStr
 0001:000001E8       System.@UStrFromPCharLen
 0001:000001F0       System.@UStrFromPWCharLen
 0001:000001F8       System.@UStrFromWChar
 0001:00000210       System.@UStrFromWStr
 0001:000001D8       System.@UStrLAsg
 0001:00000220       System.@UStrLen
 0001:00000228       System.@UStrSetLength
 0001:000001E0       System.@UStrToPWChar
 0001:000001A8       System.@WStrArrayClr
 0001:000001A0       System.@WStrClr
 0001:000001B0       System.@WStrFromPWCharLen
 0001:00000218       System.@WStrFromUStr
 0001:000002A0       System.@_lldiv
 0001:000002A8       System.@_llmod
 0001:00000298       System.@_llmulo
 0001:00000050       System.ArcTan
 0001:00000038       System.Cos
 0001:00000030       System.Exp
 0001:00000330       System.Finalization
 0001:00000028       System.Frac
 0001:00000020       System.Int
 0001:00000048       System.Ln
 0001:00000328       System.LoadResString
 0001:00000008       System.Move
 0001:00000268       System.Pos
 0001:00000010       System.Random
 0001:000002C8       System.RegisterModule
 0001:00000040       System.Sin
 0001:00000058       System.Sqrt
 0002:00000000       System.System
 0001:000002F8       System.TInterfacedObject.AfterConstruction
 0001:00000300       System.TInterfacedObject.BeforeDestruction
 0001:00000308       System.TInterfacedObject.NewInstance
 0001:00000310       System.TInterfacedObject.QueryInterface
 0001:00000318       System.TInterfacedObject._AddRef
 0001:00000320       System.TInterfacedObject._Release
 0001:000000F8       System.TObject.AfterConstruction
 0001:00000100       System.TObject.BeforeDestruction
 0001:00000088       System.TObject.ClassName
 0001:000000A0       System.TObject.Create
 0001:000000F0       System.TObject.DefaultHandler
 0001:000000A8       System.TObject.Destroy
 0001:00000108       System.TObject.Dispatch
 0001:000000B8       System.TObject.Equals
 0001:000000B0       System.TObject.Free
 0001:00000098       System.TObject.FreeInstance
 0001:000000C0       System.TObject.GetHashCode
 0001:000000C8       System.TObject.GetInterfaceEntry
 0001:00000090       System.TObject.NewInstance
 0001:000000E0       System.TObject.SafeCallException
 0001:000000E8       System.TObject.ToString
 0001:00000260       System.UniqueString
 0001:000002D0       System.UnregisterModule
 0001:00000018       System.UpCase
 0001:00000524       SysUtils.AnsiCompareStr
 0001:0000051C       SysUtils.AnsiLowerCase
 0001:0000060C       SysUtils.AnsiPos
 0001:00000514       SysUtils.AnsiUpperCase
 0001:000004FC       SysUtils.CharInSet
 0001:000005A4       SysUtils.Date
 0001:0000059C       SysUtils.EncodeDate
 0001:0000058C       SysUtils.EncodeTime
 0001:000005DC       SysUtils.Exception.Create
 0001:000005E4       SysUtils.Exception.CreateFmt
 0001:000005EC       SysUtils.Exception.Destroy
 0001:000005F4       SysUtils.Exception.GetBaseException
 0001:000005FC       SysUtils.Exception.RaisingException
 0001:00000604       SysUtils.Exception.ToString
 0001:00000624       SysUtils.Finalization
 0001:0000056C       SysUtils.FloatToStr
 0001:00000564       SysUtils.Format
 0001:000005C4       SysUtils.FormatDateTime
 0001:000005BC       SysUtils.IncMonth
 0001:00000544       SysUtils.IntToStr
 0001:0000054C       SysUtils.IntToStr
 0001:00000594       SysUtils.IsLeapYear
 0001:0000050C       SysUtils.LowerCase
 0001:000005B4       SysUtils.Now
 0001:00000614       SysUtils.StringReplace
 0001:000005CC       SysUtils.StrToDateDef
 0001:000005D4       SysUtils.StrToDateTime
 0001:00000574       SysUtils.StrToFloat
 0001:00000584       SysUtils.StrToFloatDef
 0001:0000057C       SysUtils.StrToFloatDef
 0001:00000554       SysUtils.StrToInt
 0001:0000055C       SysUtils.StrToIntDef
 0002:00000008       SysUtils.SysUtils
 0001:0000061C       SysUtils.TEncoding.GetUnicode
 0001:000005AC       SysUtils.Time
 0001:0000052C       SysUtils.Trim
 0001:00000534       SysUtils.TrimLeft
 0001:0000053C       SysUtils.TrimRight
 0001:00000504       SysUtils.UpperCase
 0001:00000740       TypInfo.Finalization
 0002:0000002C       TypInfo.TypInfo
 0001:000007E0       Variants.@VarArrayGet
 0001:000007E8       Variants.@VarArrayPut
 0001:00000748       Variants.@VarClr
 0001:00000788       Variants.@VarFromBool
 0001:00000780       Variants.@VarFromInt
 0001:000007A8       Variants.@VarFromIntf
 0001:00000790       Variants.@VarFromReal
 0001:00000798       Variants.@VarFromTDateTime
 0001:000007A0       Variants.@VarFromUStr
 0001:00000760       Variants.@VarToBool
 0001:00000758       Variants.@VarToInt64
 0001:00000750       Variants.@VarToInteger
 0001:00000778       Variants.@VarToIntf
 0001:00000768       Variants.@VarToReal
 0001:00000770       Variants.@VarToUStr
 0001:000007F8       Variants.Finalization
 0001:000007F0       Variants.Null
 0001:000007B8       Variants.VarArrayCreate
 0001:000007C0       Variants.VarArrayDimCount
 0001:000007D0       Variants.VarArrayHighBound
 0001:000007C8       Variants.VarArrayLowBound
 0002:00000034       Variants.Variants
 0001:000007D8       Variants.VarIsArray
 0001:000007B0       Variants.VarType
 0001:00000800       VarUtils.Finalization
 0002:0000003C       VarUtils.VarUtils
 0004:0000000C       Windows..2
 0001:00000634       Windows.Finalization
 0001:0000062C       Windows.FreeLibrary
 0004:00000010       Windows.HtmlHelpModule
 0002:00000010       Windows.Windows
 0004:00000024       ZClasses..2
 0001:000031D8       ZClasses..TZAbstractObject
 0001:00003428       ZClasses.Finalization
 0001:00003320       ZClasses.TZAbstractObject.Clone
 0001:00003278       ZClasses.TZAbstractObject.Equals
 0001:00003380       ZClasses.TZAbstractObject.InstanceOf
 0001:0000339C       ZClasses.TZAbstractObject.ToString
 0002:00000064       ZClasses.ZClasses
 0004:00000060       ZCollections..6
 0001:00006A10       ZCollections..TZCollection
 0001:00006E00       ZCollections..TZHashMap
 0001:000067BC       ZCollections..TZIterator
 0001:00006FA4       ZCollections..TZStack
 0001:00006C30       ZCollections..TZUnmodifiableCollection
 0001:00008164       ZCollections.Finalization
 0001:00007124       ZCollections.ReturnAddr
 0001:00007338       ZCollections.TZCollection.Add
 0001:00007370       ZCollections.TZCollection.AddAll
 0001:00007400       ZCollections.TZCollection.Clear
 0001:00007248       ZCollections.TZCollection.Clone
 0001:0000741C       ZCollections.TZCollection.Contains
 0001:00007438       ZCollections.TZCollection.ContainsAll
 0001:000070E0       ZCollections.TZCollection.Create
 0001:000074D4       ZCollections.TZCollection.Delete
 0001:00007100       ZCollections.TZCollection.Destroy
 0001:00007128       ZCollections.TZCollection.Error
 0001:00007524       ZCollections.TZCollection.Exchange
 0001:00007590       ZCollections.TZCollection.First
 0001:000075A8       ZCollections.TZCollection.Get
 0001:000075C8       ZCollections.TZCollection.GetCount
 0001:000075CC       ZCollections.TZCollection.GetIterator
 0001:00007160       ZCollections.TZCollection.Grow
 0001:00007600       ZCollections.TZCollection.IndexOf
 0001:00007700       ZCollections.TZCollection.Insert
 0001:00007768       ZCollections.TZCollection.Last
 0001:0000778C       ZCollections.TZCollection.Put
 0001:000077AC       ZCollections.TZCollection.Remove
 0001:000077D0       ZCollections.TZCollection.RemoveAll
 0001:0000719C       ZCollections.TZCollection.SetCapacity
 0001:000071F0       ZCollections.TZCollection.SetCount
 0001:00007860       ZCollections.TZCollection.ToString
 0001:00007F40       ZCollections.TZHashMap.Clear
 0001:00007D50       ZCollections.TZHashMap.Clone
 0001:00007C50       ZCollections.TZHashMap.Create
 0001:00007D04       ZCollections.TZHashMap.Destroy
 0001:00007E14       ZCollections.TZHashMap.Get
 0001:00007EC0       ZCollections.TZHashMap.GetCount
 0001:00007E90       ZCollections.TZHashMap.GetKeys
 0001:00007EA8       ZCollections.TZHashMap.GetValues
 0001:00007E4C       ZCollections.TZHashMap.Put
 0001:00007ED0       ZCollections.TZHashMap.Remove
 0001:00007048       ZCollections.TZIterator.Create
 0001:0000708C       ZCollections.TZIterator.HasNext
 0001:000070A4       ZCollections.TZIterator.Next
 0001:00007FE0       ZCollections.TZStack.Clone
 0001:00007F5C       ZCollections.TZStack.Create
 0001:00007FAC       ZCollections.TZStack.Destroy
 0001:00008054       ZCollections.TZStack.GetCount
 0001:00008064       ZCollections.TZStack.Peek
 0001:000080A4       ZCollections.TZStack.Pop
 0001:00008100       ZCollections.TZStack.Push
 0001:0000814C       ZCollections.TZStack.ToString
 0001:00007AF0       ZCollections.TZUnmodifiableCollection.Add
 0001:00007B04       ZCollections.TZUnmodifiableCollection.AddAll
 0001:00007B14       ZCollections.TZUnmodifiableCollection.Clear
 0001:00007A70       ZCollections.TZUnmodifiableCollection.Clone
 0001:00007B20       ZCollections.TZUnmodifiableCollection.Contains
 0001:00007B30       ZCollections.TZUnmodifiableCollection.ContainsAll
 0001:000079C0       ZCollections.TZUnmodifiableCollection.Create
 0001:00007B40       ZCollections.TZUnmodifiableCollection.Delete
 0001:00007A3C       ZCollections.TZUnmodifiableCollection.Destroy
 0001:00007B4C       ZCollections.TZUnmodifiableCollection.Exchange
 0001:00007B58       ZCollections.TZUnmodifiableCollection.First
 0001:00007B70       ZCollections.TZUnmodifiableCollection.Get
 0001:00007B90       ZCollections.TZUnmodifiableCollection.GetCount
 0001:00007BA0       ZCollections.TZUnmodifiableCollection.GetIterator
 0001:00007BD4       ZCollections.TZUnmodifiableCollection.IndexOf
 0001:00007BE4       ZCollections.TZUnmodifiableCollection.Insert
 0001:00007BF0       ZCollections.TZUnmodifiableCollection.Last
 0001:00007C08       ZCollections.TZUnmodifiableCollection.Put
 0001:00007A9C       ZCollections.TZUnmodifiableCollection.RaiseException
 0001:00007C14       ZCollections.TZUnmodifiableCollection.Remove
 0001:00007C28       ZCollections.TZUnmodifiableCollection.RemoveAll
 0001:00007C38       ZCollections.TZUnmodifiableCollection.ToString
 0002:00000114       ZCollections.ZCollections
 0004:00000014       ZCompatibility..1
 0001:000008D0       ZCompatibility.AnsiProperCase
 0001:0000094C       ZCompatibility.Finalization
 0001:0000083C       ZCompatibility.Hash
 0002:00000044       ZCompatibility.ZCompatibility
 0004:00000154       ZExpression..4
 0001:00018A84       ZExpression..TZExecutionStack
 0001:00018D3C       ZExpression..TZExpression
 0001:000189E0       ZExpression..TZExpressionError
 0001:0001A1F0       ZExpression.Finalization
 0001:000191FC       ZExpression.TZExecutionStack.Clear
 0001:00018DF8       ZExpression.TZExecutionStack.Create
 0001:00018F5C       ZExpression.TZExecutionStack.DecStackPointer
 0001:00018ECC       ZExpression.TZExecutionStack.GetParameter
 0001:00018E50       ZExpression.TZExecutionStack.GetValue
 0001:00018E80       ZExpression.TZExecutionStack.Peek
 0001:00018FC8       ZExpression.TZExecutionStack.Pop
 0001:00019068       ZExpression.TZExecutionStack.Push
 0001:00019120       ZExpression.TZExecutionStack.Swap
 0001:0001954C       ZExpression.TZExpression.Clear
 0001:00019204       ZExpression.TZExpression.Create
 0001:00019568       ZExpression.TZExpression.CreateVariables
 0001:000192C4       ZExpression.TZExpression.CreateWithExpression
 0001:0001930C       ZExpression.TZExpression.Destroy
 0001:00019618       ZExpression.TZExpression.Evaluate
 0001:00019634       ZExpression.TZExpression.Evaluate2
 0001:00019688       ZExpression.TZExpression.Evaluate3
 0001:00019730       ZExpression.TZExpression.Evaluate4
 0001:00019360       ZExpression.TZExpression.GetAutoVariables
 0001:0001936C       ZExpression.TZExpression.GetDefaultFunctions
 0001:000193D0       ZExpression.TZExpression.GetDefaultVariables
 0001:00019434       ZExpression.TZExpression.GetExpression
 0001:000194D8       ZExpression.TZExpression.GetTokenizer
 0001:00019474       ZExpression.TZExpression.GetVariantManager
 0001:00019368       ZExpression.TZExpression.SetAutoVariables
 0001:00019384       ZExpression.TZExpression.SetDefaultFunctions
 0001:000193E8       ZExpression.TZExpression.SetDefaultVariables
 0001:00019450       ZExpression.TZExpression.SetExpression
 0001:000194F0       ZExpression.TZExpression.SetTokenizer
 0001:0001948C       ZExpression.TZExpression.SetVariantManager
 0002:000001A8       ZExpression.ZExpression
 0004:00000068       ZExprParser..4
 0001:0000A824       ZExprParser..TZExpressionParser
 0001:0000A778       ZExprParser..TZExpressionToken
 0001:0000A6DC       ZExprParser..TZParseError
 0001:0000BA40       ZExprParser.Finalization
 0003:00000094       ZExprParser.OperatorCodes
 0003:00000030       ZExprParser.OperatorTokens
 0001:0000AD70       ZExprParser.TZExpressionParser.CheckTokenTypes
 0001:0000ABDC       ZExprParser.TZExpressionParser.Clear
 0001:0000AAE8       ZExprParser.TZExpressionParser.Create
 0001:0000AB98       ZExprParser.TZExpressionParser.Destroy
 0001:0000AD34       ZExprParser.TZExpressionParser.GetNextToken
 0001:0000AD0C       ZExprParser.TZExpressionParser.GetToken
 0001:0000ACFC       ZExprParser.TZExpressionParser.HasMoreTokens
 0001:0000AC0C       ZExprParser.TZExpressionParser.Parse
 0001:0000AD64       ZExprParser.TZExpressionParser.ShiftToken
 0001:0000B1C8       ZExprParser.TZExpressionParser.SyntaxAnalyse
 0001:0000B284       ZExprParser.TZExpressionParser.SyntaxAnalyse1
 0001:0000B330       ZExprParser.TZExpressionParser.SyntaxAnalyse2
 0001:0000B3EC       ZExprParser.TZExpressionParser.SyntaxAnalyse3
 0001:0000B578       ZExprParser.TZExpressionParser.SyntaxAnalyse4
 0001:0000B634       ZExprParser.TZExpressionParser.SyntaxAnalyse5
 0001:0000B6EC       ZExprParser.TZExpressionParser.SyntaxAnalyse6
 0001:0000AE04       ZExprParser.TZExpressionParser.TokenizeExpression
 0001:0000A8DC       ZExprParser.TZExpressionToken.Create
 0002:00000124       ZExprParser.ZExprParser
 0004:00000150       ZExprToken..7
 0001:00017C48       ZExprToken..TZExpressionCommentState
 0001:00017AF0       ZExprToken..TZExpressionNumberState
 0001:00017B98       ZExprToken..TZExpressionQuoteState
 0001:00017CF8       ZExprToken..TZExpressionSymbolState
 0001:00017E4C       ZExprToken..TZExpressionTokenizer
 0001:00017DA4       ZExprToken..TZExpressionWordState
 0001:00018998       ZExprToken.Finalization
 0003:000000B0       ZExprToken.Keywords
 0001:00017FBC       ZExprToken.ReadDecDigits
 0001:00018540       ZExprToken.TZExpressionCommentState.NextToken
 0001:00018088       ZExprToken.TZExpressionNumberState.NextToken
 0001:0001843C       ZExprToken.TZExpressionQuoteState.DecodeString
 0001:00018380       ZExprToken.TZExpressionQuoteState.EncodeString
 0001:000182AC       ZExprToken.TZExpressionQuoteState.NextToken
 0001:00018630       ZExprToken.TZExpressionSymbolState.Create
 0001:0001880C       ZExprToken.TZExpressionTokenizer.Create
 0001:000186EC       ZExprToken.TZExpressionWordState.Create
 0001:00018780       ZExprToken.TZExpressionWordState.NextToken
 0002:000001A0       ZExprToken.ZExprToken
 0004:00000148       ZFunctions..4
 0001:00016BAC       ZFunctions..TZAbstractFunction
 0001:00016C60       ZFunctions..TZDefaultFunctionsList
 0001:00016A94       ZFunctions..TZFunctionsList
 0001:000174C8       ZFunctions.Finalization
 0001:00017404       ZFunctions.TZAbstractFunction.CheckParamsCount
 0001:00017358       ZFunctions.TZAbstractFunction.Create
 0001:000173EC       ZFunctions.TZAbstractFunction.GetName
 0001:000172FC       ZFunctions.TZDefaultFunctionsList.Create
 0001:00017050       ZFunctions.TZFunctionsList.Add
 0001:000171D8       ZFunctions.TZFunctionsList.Clear
 0001:00016D04       ZFunctions.TZFunctionsList.Create
 0001:00016D5C       ZFunctions.TZFunctionsList.Destroy
 0001:00016EF0       ZFunctions.TZFunctionsList.FindByKeyAndName
 0001:00016FD8       ZFunctions.TZFunctionsList.FindByName
 0001:000171F4       ZFunctions.TZFunctionsList.GetCount
 0001:00017204       ZFunctions.TZFunctionsList.GetFunction
 0001:00017278       ZFunctions.TZFunctionsList.GetName
 0001:00016DF8       ZFunctions.TZFunctionsList.RegenerateKey
 0001:00016EB0       ZFunctions.TZFunctionsList.RegenerateKeys
 0001:000171B0       ZFunctions.TZFunctionsList.Remove
 0001:00016DC4       ZFunctions.TZFunctionsList.SetKey
 0001:00016D98       ZFunctions.TZFunctionsList.SetKeyCapacity
 0002:00000190       ZFunctions.ZFunctions
 0004:00000070       ZFunctionsConvert..5
 0001:0000C630       ZFunctionsConvert..TZCtodFunction
 0001:0000C6D0       ZFunctionsConvert..TZDtosFunction
 0001:0000C770       ZFunctionsConvert..TZFormatDateTimeFunction
 0001:0000C590       ZFunctionsConvert..TZValFunction
 0001:0000CB04       ZFunctionsConvert.AddConvertFunctions
 0001:0000CC04       ZFunctionsConvert.Finalization
 0004:00000074       ZFunctionsConvert.InternalDefaultFormatSettings
 0001:0000C8CC       ZFunctionsConvert.TZCtodFunction.Execute
 0001:0000C970       ZFunctionsConvert.TZDtosFunction.Execute
 0001:0000CA44       ZFunctionsConvert.TZFormatDateTimeFunction.Execute
 0001:0000C824       ZFunctionsConvert.TZValFunction.Execute
 0002:00000134       ZFunctionsConvert.ZFunctionsConvert
 0004:00000140       ZFunctionsDateTime..94
 0001:0000F0C4       ZFunctionsDateTime..TZComposeDateTimeFunction
 0001:0000ED84       ZFunctionsDateTime..TZDateFunction
 0001:0000F37C       ZFunctionsDateTime..TZDateOfFunction
 0001:0000F61C       ZFunctionsDateTime..TZDayOfFunction
 0001:00010144       ZFunctionsDateTime..TZDayOfTheWeekFunction
 0001:0000FA14       ZFunctionsDateTime..TZDayOfTheYearFunction
 0001:00010B54       ZFunctionsDateTime..TZDaysBetweenFunction
 0001:0000EF64       ZFunctionsDateTime..TZEncodeDateFunction
 0001:0000F014       ZFunctionsDateTime..TZEncodeTimeFunction
 0001:0000F6BC       ZFunctionsDateTime..TZHourOfFunction
 0001:0000FE5C       ZFunctionsDateTime..TZHourOfTheMonthFunction
 0001:000101F4       ZFunctionsDateTime..TZHourOfTheWeekFunction
 0001:0000FAC4       ZFunctionsDateTime..TZHourOfTheYearFunction
 0001:00010C04       ZFunctionsDateTime..TZHoursBetweenFunction
 0001:0000F17C       ZFunctionsDateTime..TZIncDateFunction
 0001:0000F224       ZFunctionsDateTime..TZIncTimeFunction
 0001:0000F2CC       ZFunctionsDateTime..TZIsLeapYearFunction
 0001:0000F8B4       ZFunctionsDateTime..TZMilliSecondOfFunction
 0001:00010644       ZFunctionsDateTime..TZMilliSecondOfTheDayFunction
 0001:000107BC       ZFunctionsDateTime..TZMilliSecondOfTheHourFunction
 0001:0001087C       ZFunctionsDateTime..TZMilliSecondOfTheMinuteFunction
 0001:00010084       ZFunctionsDateTime..TZMilliSecondOfTheMonthFunction
 0001:00010414       ZFunctionsDateTime..TZMilliSecondOfTheWeekFunction
 0001:0000FCE4       ZFunctionsDateTime..TZMilliSecondOfTheYearFunction
 0001:00010E24       ZFunctionsDateTime..TZMillisecondsBetweenFunction
 0001:0000F764       ZFunctionsDateTime..TZMinuteOfFunction
 0001:000104D4       ZFunctionsDateTime..TZMinuteOfTheDayFunction
 0001:0000FF14       ZFunctionsDateTime..TZMinuteOfTheMonthFunction
 0001:000102A4       ZFunctionsDateTime..TZMinuteOfTheWeekFunction
 0001:0000FB74       ZFunctionsDateTime..TZMinuteOfTheYearFunction
 0001:00010CB4       ZFunctionsDateTime..TZMinutesBetweenFunction
 0001:0000F574       ZFunctionsDateTime..TZMonthOfFunction
 0001:000109F4       ZFunctionsDateTime..TZMonthsBetweenFunction
 0001:0000EEC4       ZFunctionsDateTime..TZNowFunction
 0001:0000F80C       ZFunctionsDateTime..TZSecondOfFunction
 0001:0001058C       ZFunctionsDateTime..TZSecondOfTheDayFunction
 0001:00010704       ZFunctionsDateTime..TZSecondOfTheHourFunction
 0001:0000FFCC       ZFunctionsDateTime..TZSecondOfTheMonthFunction
 0001:0001035C       ZFunctionsDateTime..TZSecondOfTheWeekFunction
 0001:0000FC2C       ZFunctionsDateTime..TZSecondOfTheYearFunction
 0001:00010D6C       ZFunctionsDateTime..TZSecondsBetweenFunction
 0001:0000EE24       ZFunctionsDateTime..TZTimeFunction
 0001:0000F424       ZFunctionsDateTime..TZTimeOfFunction
 0001:0000FDA4       ZFunctionsDateTime..TZWeekOfTheMonthFunction
 0001:0000F964       ZFunctionsDateTime..TZWeekOfTheYearFunction
 0001:00010AA4       ZFunctionsDateTime..TZWeeksBetweenFunction
 0001:0000F4CC       ZFunctionsDateTime..TZYearOfFunction
 0001:00010944       ZFunctionsDateTime..TZYearsBetweenFunction
 0001:000133EC       ZFunctionsDateTime.AddDateTimeFunctions
 0001:00014A60       ZFunctionsDateTime.Finalization
 0001:00010EE4       ZFunctionsDateTime.IncDate
 0001:00010F60       ZFunctionsDateTime.IncTime
 0001:000113A4       ZFunctionsDateTime.TZComposeDateTimeFunction.Execute
 0001:00010FC4       ZFunctionsDateTime.TZDateFunction.Execute
 0001:000118AC       ZFunctionsDateTime.TZDateOfFunction.Execute
 0001:00011B5C       ZFunctionsDateTime.TZDayOfFunction.Execute
 0001:00012618       ZFunctionsDateTime.TZDayOfTheWeekFunction.Execute
 0001:00011F64       ZFunctionsDateTime.TZDayOfTheYearFunction.Execute
 0001:00012FEC       ZFunctionsDateTime.TZDaysBetweenFunction.Execute
 0001:00011108       ZFunctionsDateTime.TZEncodeDateFunction.Execute
 0001:0001123C       ZFunctionsDateTime.TZEncodeTimeFunction.Execute
 0001:00011C08       ZFunctionsDateTime.TZHourOfFunction.Execute
 0001:00012368       ZFunctionsDateTime.TZHourOfTheMonthFunction.Execute
 0001:000126C4       ZFunctionsDateTime.TZHourOfTheWeekFunction.Execute
 0001:00012010       ZFunctionsDateTime.TZHourOfTheYearFunction.Execute
 0001:000130BC       ZFunctionsDateTime.TZHoursBetweenFunction.Execute
 0001:00011474       ZFunctionsDateTime.TZIncDateFunction.Execute
 0001:00011640       ZFunctionsDateTime.TZIncTimeFunction.Execute
 0001:0001180C       ZFunctionsDateTime.TZIsLeapYearFunction.Execute
 0001:00011E0C       ZFunctionsDateTime.TZMilliSecondOfFunction.Execute
 0001:00012ACC       ZFunctionsDateTime.TZMilliSecondOfTheDayFunction.Execute
 0001:00012C24       ZFunctionsDateTime.TZMilliSecondOfTheHourFunction.Execute
 0001:00012CD0       ZFunctionsDateTime.TZMilliSecondOfTheMinuteFunction.Execute
 0001:0001256C       ZFunctionsDateTime.TZMilliSecondOfTheMonthFunction.Execute
 0001:000128C8       ZFunctionsDateTime.TZMilliSecondOfTheWeekFunction.Execute
 0001:00012214       ZFunctionsDateTime.TZMilliSecondOfTheYearFunction.Execute
 0001:00013320       ZFunctionsDateTime.TZMillisecondsBetweenFunction.Execute
 0001:00011CB4       ZFunctionsDateTime.TZMinuteOfFunction.Execute
 0001:00012974       ZFunctionsDateTime.TZMinuteOfTheDayFunction.Execute
 0001:00012414       ZFunctionsDateTime.TZMinuteOfTheMonthFunction.Execute
 0001:00012770       ZFunctionsDateTime.TZMinuteOfTheWeekFunction.Execute
 0001:000120BC       ZFunctionsDateTime.TZMinuteOfTheYearFunction.Execute
 0001:00013188       ZFunctionsDateTime.TZMinutesBetweenFunction.Execute
 0001:00011AB0       ZFunctionsDateTime.TZMonthOfFunction.Execute
 0001:00012E4C       ZFunctionsDateTime.TZMonthsBetweenFunction.Execute
 0001:0001109C       ZFunctionsDateTime.TZNowFunction.Execute
 0001:00011D60       ZFunctionsDateTime.TZSecondOfFunction.Execute
 0001:00012A20       ZFunctionsDateTime.TZSecondOfTheDayFunction.Execute
 0001:00012B78       ZFunctionsDateTime.TZSecondOfTheHourFunction.Execute
 0001:000124C0       ZFunctionsDateTime.TZSecondOfTheMonthFunction.Execute
 0001:0001281C       ZFunctionsDateTime.TZSecondOfTheWeekFunction.Execute
 0001:00012168       ZFunctionsDateTime.TZSecondOfTheYearFunction.Execute
 0001:00013254       ZFunctionsDateTime.TZSecondsBetweenFunction.Execute
 0001:00011030       ZFunctionsDateTime.TZTimeFunction.Execute
 0001:00011958       ZFunctionsDateTime.TZTimeOfFunction.Execute
 0001:000122BC       ZFunctionsDateTime.TZWeekOfTheMonthFunction.Execute
 0001:00011EB8       ZFunctionsDateTime.TZWeekOfTheYearFunction.Execute
 0001:00012F1C       ZFunctionsDateTime.TZWeeksBetweenFunction.Execute
 0001:00011A04       ZFunctionsDateTime.TZYearOfFunction.Execute
 0001:00012D7C       ZFunctionsDateTime.TZYearsBetweenFunction.Execute
 0002:00000180       ZFunctionsDateTime.ZFunctionsDateTime
 0004:00000144       ZFunctionsMath..22
 0001:00014C5C       ZFunctionsMath..TZAbsFunction
 0001:00014F68       ZFunctionsMath..TZAcosFunction
 0001:00015004       ZFunctionsMath..TZAsinFunction
 0001:000150A0       ZFunctionsMath..TZAtanFunction
 0001:000153AC       ZFunctionsMath..TZCeilFunction
 0001:00014CF8       ZFunctionsMath..TZCosFunction
 0001:00014D94       ZFunctionsMath..TZCotFunction
 0001:00014A90       ZFunctionsMath..TZEFunction
 0001:000154E4       ZFunctionsMath..TZExpFunction
 0001:00015448       ZFunctionsMath..TZFloorFunction
 0001:00015310       ZFunctionsMath..TZFracFunction
 0001:00015274       ZFunctionsMath..TZIntFunction
 0001:0001561C       ZFunctionsMath..TZLog10Function
 0001:00015580       ZFunctionsMath..TZLogFunction
 0001:00014B24       ZFunctionsMath..TZPIFunction
 0001:00014BC0       ZFunctionsMath..TZRndFunction
 0001:0001513C       ZFunctionsMath..TZRoundFunction
 0001:00014E30       ZFunctionsMath..TZSinFunction
 0001:000156B8       ZFunctionsMath..TZSqrFunction
 0001:00014ECC       ZFunctionsMath..TZTanFunction
 0001:000151D8       ZFunctionsMath..TZTruncFunction
 0001:000164D4       ZFunctionsMath.AddMathFunctions
 0001:00016990       ZFunctionsMath.Finalization
 0001:000158A4       ZFunctionsMath.TZAbsFunction.Execute
 0001:00015E3C       ZFunctionsMath.TZAcosFunction.Execute
 0001:00015EE8       ZFunctionsMath.TZAsinFunction.Execute
 0001:00015F94       ZFunctionsMath.TZAtanFunction.Execute
 0001:00016040       ZFunctionsMath.TZCeilFunction.Execute
 0001:00015B8C       ZFunctionsMath.TZCosFunction.Execute
 0001:00015C38       ZFunctionsMath.TZCotFunction.Execute
 0001:00015754       ZFunctionsMath.TZEFunction.Execute
 0001:00015988       ZFunctionsMath.TZExpFunction.Execute
 0001:000160E8       ZFunctionsMath.TZFloorFunction.Execute
 0001:0001637C       ZFunctionsMath.TZFracFunction.Execute
 0001:000162D0       ZFunctionsMath.TZIntFunction.Execute
 0001:00015AE0       ZFunctionsMath.TZLog10Function.Execute
 0001:00015A34       ZFunctionsMath.TZLogFunction.Execute
 0001:000157CC       ZFunctionsMath.TZPIFunction.Execute
 0001:00015838       ZFunctionsMath.TZRndFunction.Execute
 0001:00016190       ZFunctionsMath.TZRoundFunction.Execute
 0001:00015CE4       ZFunctionsMath.TZSinFunction.Execute
 0001:00016428       ZFunctionsMath.TZSqrFunction.Execute
 0001:00015D90       ZFunctionsMath.TZTanFunction.Execute
 0001:00016230       ZFunctionsMath.TZTruncFunction.Execute
 0002:00000188       ZFunctionsMath.ZFunctionsMath
 0004:0000006C       ZFunctionsOther..7
 0001:0000BD98       ZFunctionsOther..TZCASEFFunction
 0001:0000BA88       ZFunctionsOther..TZEmptyFunction
 0001:0000BCFC       ZFunctionsOther..TZIIFFunction
 0001:0000BBC4       ZFunctionsOther..TZMaxFunction
 0001:0000BB28       ZFunctionsOther..TZMinFunction
 0001:0000BC60       ZFunctionsOther..TZSumFunction
 0001:0000C410       ZFunctionsOther.AddOtherFunctions
 0001:0000C560       ZFunctionsOther.Finalization
 0001:0000C2E4       ZFunctionsOther.TZCASEFFunction.Execute
 0001:0000BE38       ZFunctionsOther.TZEmptyFunction.Execute
 0001:0000C230       ZFunctionsOther.TZIIFFunction.Execute
 0001:0000BFF4       ZFunctionsOther.TZMaxFunction.Execute
 0001:0000BED4       ZFunctionsOther.TZMinFunction.Execute
 0001:0000C114       ZFunctionsOther.TZSumFunction.Execute
 0002:0000012C       ZFunctionsOther.ZFunctionsOther
 0004:0000013C       ZFunctionsStrings..51
 0001:0000D154       ZFunctionsStrings..TZCapitalizeFunction
 0001:0000CC44       ZFunctionsStrings..TZConcatFunction
 0001:0000CD8C       ZFunctionsStrings..TZLeftFunction
 0001:0000CF70       ZFunctionsStrings..TZLengthFunction
 0001:0000D488       ZFunctionsStrings..TZLevenshteinDistanceFunction
 0001:0000D0B4       ZFunctionsStrings..TZLowerFunction
 0001:0000D2A0       ZFunctionsStrings..TZLTrimFunction
 0001:0000CE2C       ZFunctionsStrings..TZRightFunction
 0001:0000D340       ZFunctionsStrings..TZRTrimFunction
 0001:0000D3E0       ZFunctionsStrings..TZSoundexFunction
 0001:0000CECC       ZFunctionsStrings..TZStrPosFunction
 0001:0000CCE8       ZFunctionsStrings..TZSubStrFunction
 0001:0000D200       ZFunctionsStrings..TZTrimFunction
 0001:0000D014       ZFunctionsStrings..TZUpperFunction
 0001:0000E80C       ZFunctionsStrings.AddStringFunctions
 0001:0000D548       ZFunctionsStrings.Capitalize
 0001:0000EBE4       ZFunctionsStrings.Finalization
 0001:0000D690       ZFunctionsStrings.LevenshteinDistance
 0001:0000E0C4       ZFunctionsStrings.TZCapitalizeFunction.Execute
 0001:0000D970       ZFunctionsStrings.TZConcatFunction.Execute
 0001:0000DBC4       ZFunctionsStrings.TZLeftFunction.Execute
 0001:0000DEA4       ZFunctionsStrings.TZLengthFunction.Execute
 0001:0000E600       ZFunctionsStrings.TZLevenshteinDistanceFunction.Execute
 0001:0000DF54       ZFunctionsStrings.TZLowerFunction.Execute
 0001:0000E310       ZFunctionsStrings.TZLTrimFunction.Execute
 0001:0000DCC0       ZFunctionsStrings.TZRightFunction.Execute
 0001:0000E3BC       ZFunctionsStrings.TZRTrimFunction.Execute
 0001:0000E468       ZFunctionsStrings.TZSoundexFunction.Execute
 0001:0000DDBC       ZFunctionsStrings.TZStrPosFunction.Execute
 0001:0000DAB4       ZFunctionsStrings.TZSubStrFunction.Execute
 0001:0000E264       ZFunctionsStrings.TZTrimFunction.Execute
 0001:0000E00C       ZFunctionsStrings.TZUpperFunction.Execute
 0002:00000178       ZFunctionsStrings.ZFunctionsStrings
 0004:0000001C       ZMatchPattern..1
 0001:000013AC       ZMatchPattern.Finalization
 0001:00000E04       ZMatchPattern.IsMatch
 0001:000011D8       ZMatchPattern.MatchAfterStar
 0001:00000E20       ZMatchPattern.Matche
 0002:00000054       ZMatchPattern.ZMatchPattern
 0004:00000018       ZMessages..1
 0001:00000DD4       ZMessages.Finalization
 0002:0000004C       ZMessages.ZMessages
 0004:00000020       ZSysUtils..2
 0001:00001428       ZSysUtils..TZSortedList
 0001:0000236C       ZSysUtils.AnsiSQLDateToDateTime
 0001:00001DAC       ZSysUtils.AppendSplitString
 0001:000020FC       ZSysUtils.AppendSplitStringEx
 0001:00001A6C       ZSysUtils.BoolToStrEx
 0001:00001940       ZSysUtils.BufferToStr
 0001:000018D4       ZSysUtils.BufferToStr
 0001:00002108       ZSysUtils.BytesToStr
 0001:000021BC       ZSysUtils.BytesToVar
 0001:00002580       ZSysUtils.CharMatch
 0001:00001DB8       ZSysUtils.ComposeString
 0001:00002920       ZSysUtils.DateTimeToAnsiSQLDate
 0001:00002C2C       ZSysUtils.DecodeCString
 0001:00002E70       ZSysUtils.DecodeSQLVersioning
 0001:00002A74       ZSysUtils.EncodeCString
 0001:00002ED0       ZSysUtils.EncodeSQLVersioning
 0001:000016EC       ZSysUtils.EndsWith
 0001:00002FA8       ZSysUtils.Finalization
 0001:000014C8       ZSysUtils.FirstDelimiter
 0001:00001F50       ZSysUtils.FloatToSQLStr
 0001:00002F00       ZSysUtils.FormatSQLVersion
 0001:00001AC4       ZSysUtils.IsIpAddr
 0001:00001568       ZSysUtils.LastDelimiter
 0001:00001624       ZSysUtils.MemLCompAnsi
 0001:000015FC       ZSysUtils.MemLCompUnicode
 0001:00002E44       ZSysUtils.MemPas
 0001:00001D88       ZSysUtils.PutSplitString
 0001:00002078       ZSysUtils.PutSplitStringEx
 0001:00002DB8       ZSysUtils.ReplaceChar
 0001:00001D28       ZSysUtils.SplitString
 0001:0000209C       ZSysUtils.SplitStringEx
 0001:00001C50       ZSysUtils.SplitToStringList
 0001:00001FB4       ZSysUtils.SplitToStringListEx
 0001:00001874       ZSysUtils.SQLStrToFloat
 0001:00001794       ZSysUtils.SQLStrToFloatDef
 0001:0000164C       ZSysUtils.StartsWith
 0001:0000196C       ZSysUtils.StrToBoolEx
 0001:0000212C       ZSysUtils.StrToBytes
 0001:00002624       ZSysUtils.TimestampStrToDateTime
 0001:00002974       ZSysUtils.TZSortedList.QuickSort
 0001:00002A44       ZSysUtils.TZSortedList.Sort
 0001:00002270       ZSysUtils.VarToBytes
 0002:0000005C       ZSysUtils.ZSysUtils
 0004:00000064       ZTokenizer..31
 0001:0000867C       ZTokenizer..TZCCommentState
 0001:00008544       ZTokenizer..TZCommentState
 0001:000085DC       ZTokenizer..TZCppCommentState
 0001:0000840C       ZTokenizer..TZNumberState
 0001:000084A4       ZTokenizer..TZQuoteState
 0001:00008748       ZTokenizer..TZSymbolNode
 0001:000087F4       ZTokenizer..TZSymbolRootNode
 0001:00008898       ZTokenizer..TZSymbolState
 0001:00008B7C       ZTokenizer..TZTokenizer
 0001:0000836C       ZTokenizer..TZTokenizerState
 0001:00008934       ZTokenizer..TZWhitespaceState
 0001:000089D4       ZTokenizer..TZWordState
 0001:00008C10       ZTokenizer.AbsorbDigits
 0001:0000A534       ZTokenizer.Finalization
 0001:00009428       ZTokenizer.TZCCommentState.NextToken
 0001:00009060       ZTokenizer.TZCommentState.NextToken
 0001:00009148       ZTokenizer.TZCppCommentState.GetMultiLineComment
 0001:000091D8       ZTokenizer.TZCppCommentState.GetSingleLineComment
 0001:000092FC       ZTokenizer.TZCppCommentState.NextToken
 0001:00008CCC       ZTokenizer.TZNumberState.NextToken
 0001:00008F9C       ZTokenizer.TZQuoteState.DecodeString
 0001:00008F2C       ZTokenizer.TZQuoteState.EncodeString
 0001:00008E90       ZTokenizer.TZQuoteState.NextToken
 0001:000095BC       ZTokenizer.TZSymbolNode.AddDescendantLine
 0001:00009664       ZTokenizer.TZSymbolNode.Ancestry
 0001:00009518       ZTokenizer.TZSymbolNode.Create
 0001:000096D0       ZTokenizer.TZSymbolNode.DeepestRead
 0001:00009574       ZTokenizer.TZSymbolNode.Destroy
 0001:00009730       ZTokenizer.TZSymbolNode.EnsureChildWithChar
 0001:00009790       ZTokenizer.TZSymbolNode.FindChildWithChar
 0001:000097B8       ZTokenizer.TZSymbolNode.FindDescendant
 0001:0000987C       ZTokenizer.TZSymbolNode.UnreadToValid
 0001:0000991C       ZTokenizer.TZSymbolRootNode.Add
 0001:000099DC       ZTokenizer.TZSymbolRootNode.Ancestry
 0001:000098B0       ZTokenizer.TZSymbolRootNode.Create
 0001:000099F0       ZTokenizer.TZSymbolRootNode.FindChildWithChar
 0001:000099FC       ZTokenizer.TZSymbolRootNode.NextSymbol
 0001:00009AB0       ZTokenizer.TZSymbolState.Add
 0001:00009A3C       ZTokenizer.TZSymbolState.Create
 0001:00009A7C       ZTokenizer.TZSymbolState.Destroy
 0001:00009AC0       ZTokenizer.TZSymbolState.NextToken
 0001:00009E50       ZTokenizer.TZTokenizer.Create
 0001:0000A040       ZTokenizer.TZTokenizer.Destroy
 0001:0000A0C4       ZTokenizer.TZTokenizer.GetCharacterState
 0001:0000A504       ZTokenizer.TZTokenizer.GetCommentState
 0001:0000A50C       ZTokenizer.TZTokenizer.GetNumberState
 0001:0000A514       ZTokenizer.TZTokenizer.GetQuoteState
 0001:0000A51C       ZTokenizer.TZTokenizer.GetSymbolState
 0001:0000A524       ZTokenizer.TZTokenizer.GetWhitespaceState
 0001:0000A52C       ZTokenizer.TZTokenizer.GetWordState
 0001:0000A0CC       ZTokenizer.TZTokenizer.SetCharacterState
 0001:0000A118       ZTokenizer.TZTokenizer.TokenizeBuffer
 0001:0000A188       ZTokenizer.TZTokenizer.TokenizeBufferToList
 0001:0000A1F8       ZTokenizer.TZTokenizer.TokenizeStream
 0001:0000A2F8       ZTokenizer.TZTokenizer.TokenizeStreamToList
 0001:00009B30       ZTokenizer.TZWhitespaceState.Create
 0001:00009B80       ZTokenizer.TZWhitespaceState.NextToken
 0001:00009C40       ZTokenizer.TZWhitespaceState.SetWhitespaceChars
 0001:00009C8C       ZTokenizer.TZWordState.Create
 0001:00009D44       ZTokenizer.TZWordState.NextToken
 0001:00009E04       ZTokenizer.TZWordState.SetWordChars
 0002:0000011C       ZTokenizer.ZTokenizer
 0004:00000158       ZURL..2
 0001:0001A220       ZURL..TZURL
 0001:0001B080       ZURL.Finalization
 0001:0001A2D4       ZURL.TZURL.Create
 0001:0001A35C       ZURL.TZURL.Destroy
 0001:0001A424       ZURL.TZURL.GetURL
 0001:0001AE44       ZURL.TZURL.OnPropertiesChange
 0001:0001A3DC       ZURL.TZURL.SetDatabase
 0001:0001A3C0       ZURL.TZURL.SetHostName
 0001:0001A40C       ZURL.TZURL.SetPassword
 0001:0001A3D8       ZURL.TZURL.SetPort
 0001:0001A390       ZURL.TZURL.SetPrefix
 0001:0001A3A8       ZURL.TZURL.SetProtocol
 0001:0001A75C       ZURL.TZURL.SetURL
 0001:0001A3F4       ZURL.TZURL.SetUserName
 0002:000001B0       ZURL.ZURL
 0004:0000014C       ZVariables..3
 0001:000174F8       ZVariables..TZVariable
 0001:00017670       ZVariables..TZVariablesList
 0001:00017AC0       ZVariables.Finalization
 0001:00017704       ZVariables.TZVariable.Create
 0001:00017864       ZVariables.TZVariablesList.Add
 0001:00017948       ZVariables.TZVariablesList.Clear
 0001:00017958       ZVariables.TZVariablesList.ClearValues
 0001:00017758       ZVariables.TZVariablesList.Create
 0001:00017798       ZVariables.TZVariablesList.Destroy
 0001:000177CC       ZVariables.TZVariablesList.FindByName
 0001:000179A0       ZVariables.TZVariablesList.GetCount
 0001:000179A8       ZVariables.TZVariablesList.GetName
 0001:000179D0       ZVariables.TZVariablesList.GetValue
 0001:000179FC       ZVariables.TZVariablesList.GetValueByName
 0001:00017928       ZVariables.TZVariablesList.Remove
 0001:00017A48       ZVariables.TZVariablesList.SetValue
 0001:00017A74       ZVariables.TZVariablesList.SetValueByName
 0002:00000198       ZVariables.ZVariables
 0004:0000005C       ZVariant..5
 0001:00003540       ZVariant..EZVariantException
 0001:00003B50       ZVariant..TZAnyValue
 0001:00003840       ZVariant..TZDefaultVariantManager
 0001:000038E8       ZVariant..TZSoftVariantManager
 0001:000062D4       ZVariant.DecodeVariant
 0001:00006498       ZVariant.DecodeVariantArray
 0004:00000028       ZVariant.DefVarManager
 0001:000065EC       ZVariant.EncodeBoolean
 0001:00006664       ZVariant.EncodeDateTime
 0001:0000660C       ZVariant.EncodeFloat
 0001:000065F4       ZVariant.EncodeInteger
 0001:00006684       ZVariant.EncodeInterface
 0001:000065E8       ZVariant.EncodeNull
 0001:0000667C       ZVariant.EncodePointer
 0001:0000662C       ZVariant.EncodeString
 0001:00006648       ZVariant.EncodeUnicodeString
 0001:00006104       ZVariant.EncodeVariant
 0001:00006228       ZVariant.EncodeVariantArray
 0001:000066A0       ZVariant.Finalization
 0004:00000030       ZVariant.NullVariant
 0004:0000002C       ZVariant.SoftVarManager
 0001:00005F20       ZVariant.TZAnyValue.Clone
 0001:00005B60       ZVariant.TZAnyValue.Create
 0001:00005BA4       ZVariant.TZAnyValue.CreateWithBoolean
 0001:00005C38       ZVariant.TZAnyValue.CreateWithDateTime
 0001:00005CCC       ZVariant.TZAnyValue.CreateWithFloat
 0001:00005D64       ZVariant.TZAnyValue.CreateWithInteger
 0001:00005DF8       ZVariant.TZAnyValue.CreateWithString
 0001:00005E8C       ZVariant.TZAnyValue.CreateWithUnicodeString
 0001:00005F4C       ZVariant.TZAnyValue.Equals
 0001:000060B4       ZVariant.TZAnyValue.GetBoolean
 0001:000060E4       ZVariant.TZAnyValue.GetDateTime
 0001:00006054       ZVariant.TZAnyValue.GetFloat
 0001:00006074       ZVariant.TZAnyValue.GetInteger
 0001:00006098       ZVariant.TZAnyValue.GetString
 0001:000060C8       ZVariant.TZAnyValue.GetUnicodeString
 0001:00006008       ZVariant.TZAnyValue.GetValue
 0001:00006040       ZVariant.TZAnyValue.IsNull
 0001:00006028       ZVariant.TZAnyValue.ToString
 0001:00003BF8       ZVariant.TZDefaultVariantManager.Assign
 0001:00003CAC       ZVariant.TZDefaultVariantManager.Clone
 0001:00004010       ZVariant.TZDefaultVariantManager.Compare
 0001:00003D60       ZVariant.TZDefaultVariantManager.Convert
 0001:00004268       ZVariant.TZDefaultVariantManager.GetAsBoolean
 0001:00004490       ZVariant.TZDefaultVariantManager.GetAsDateTime
 0001:0000433C       ZVariant.TZDefaultVariantManager.GetAsFloat
 0001:000042CC       ZVariant.TZDefaultVariantManager.GetAsInteger
 0001:0000455C       ZVariant.TZDefaultVariantManager.GetAsInterface
 0001:000044FC       ZVariant.TZDefaultVariantManager.GetAsPointer
 0001:000043B0       ZVariant.TZDefaultVariantManager.GetAsString
 0001:00004420       ZVariant.TZDefaultVariantManager.GetAsUnicodeString
 0001:000041FC       ZVariant.TZDefaultVariantManager.IsNull
 0001:00004940       ZVariant.TZDefaultVariantManager.OpAdd
 0001:00004A9C       ZVariant.TZDefaultVariantManager.OpAnd
 0001:00004B64       ZVariant.TZDefaultVariantManager.OpDiv
 0001:00004C30       ZVariant.TZDefaultVariantManager.OpEqual
 0001:00004C5C       ZVariant.TZDefaultVariantManager.OpLess
 0001:00004C88       ZVariant.TZDefaultVariantManager.OpLessEqual
 0001:00004CB4       ZVariant.TZDefaultVariantManager.OpMod
 0001:00004D68       ZVariant.TZDefaultVariantManager.OpMore
 0001:00004D94       ZVariant.TZDefaultVariantManager.OpMoreEqual
 0001:00004DC0       ZVariant.TZDefaultVariantManager.OpMul
 0001:00004E90       ZVariant.TZDefaultVariantManager.OpNegative
 0001:00004F3C       ZVariant.TZDefaultVariantManager.OpNot
 0001:00004FD8       ZVariant.TZDefaultVariantManager.OpNotEqual
 0001:00005004       ZVariant.TZDefaultVariantManager.OpOr
 0001:000050CC       ZVariant.TZDefaultVariantManager.OpPow
 0001:000051CC       ZVariant.TZDefaultVariantManager.OpSub
 0001:0000529C       ZVariant.TZDefaultVariantManager.OpXor
 0001:00003CB8       ZVariant.TZDefaultVariantManager.RaiseTypeMismatchError
 0001:00003D0C       ZVariant.TZDefaultVariantManager.RaiseUnsupportedOperation
 0001:000045CC       ZVariant.TZDefaultVariantManager.SetAsBoolean
 0001:000047EC       ZVariant.TZDefaultVariantManager.SetAsDateTime
 0001:000046A4       ZVariant.TZDefaultVariantManager.SetAsFloat
 0001:00004638       ZVariant.TZDefaultVariantManager.SetAsInteger
 0001:000048C4       ZVariant.TZDefaultVariantManager.SetAsInterface
 0001:00004858       ZVariant.TZDefaultVariantManager.SetAsPointer
 0001:00004714       ZVariant.TZDefaultVariantManager.SetAsString
 0001:00004780       ZVariant.TZDefaultVariantManager.SetAsUnicodeString
 0001:00004204       ZVariant.TZDefaultVariantManager.SetNull
 0001:00005398       ZVariant.TZSoftVariantManager.Convert
 0002:0000006C       ZVariant.ZVariant


  Address             Publics by Value

 0001:00000000       System.@ReallocMem
 0001:00000008       System.Move
 0001:00000010       System.Random
 0001:00000018       System.UpCase
 0001:00000020       System.Int
 0001:00000028       System.Frac
 0001:00000030       System.Exp
 0001:00000038       System.Cos
 0001:00000040       System.Sin
 0001:00000048       System.Ln
 0001:00000050       System.ArcTan
 0001:00000058       System.Sqrt
 0001:00000060       System.@ROUND
 0001:00000068       System.@TRUNC
 0001:00000070       System.@AbstractError
 0001:00000078       System.@FillChar
 0001:00000080       System.@IntOver
 0001:00000088       System.TObject.ClassName
 0001:00000090       System.TObject.NewInstance
 0001:00000098       System.TObject.FreeInstance
 0001:000000A0       System.TObject.Create
 0001:000000A8       System.TObject.Destroy
 0001:000000B0       System.TObject.Free
 0001:000000B8       System.TObject.Equals
 0001:000000C0       System.TObject.GetHashCode
 0001:000000C8       System.TObject.GetInterfaceEntry
 0001:000000D0       System.@IsClass
 0001:000000D8       System.@AsClass
 0001:000000E0       System.TObject.SafeCallException
 0001:000000E8       System.TObject.ToString
 0001:000000F0       System.TObject.DefaultHandler
 0001:000000F8       System.TObject.AfterConstruction
 0001:00000100       System.TObject.BeforeDestruction
 0001:00000108       System.TObject.Dispatch
 0001:00000110       System.@ClassCreate
 0001:00000118       System.@ClassDestroy
 0001:00000120       System.@AfterConstruction
 0001:00000128       System.@BeforeDestruction
 0001:00000130       System.@HandleAnyException
 0001:00000138       System.@HandleFinally
 0001:00000140       System.@RaiseExcept
 0001:00000148       System.@RaiseAgain
 0001:00000150       System.@DoneExcept
 0001:00000158       System.@PackageLoad
 0001:00000160       System.@PackageUnload
 0001:00000168       System.@RunError
 0001:00000170       System.@LStrClr
 0001:00000178       System.@LStrFromPCharLen
 0001:00000180       System.@EnsureUnicodeString
 0001:00000188       System.@EnsureAnsiString
 0001:00000190       System.@LStrLen
 0001:00000198       System.@LStrAddRef
 0001:000001A0       System.@WStrClr
 0001:000001A8       System.@WStrArrayClr
 0001:000001B0       System.@WStrFromPWCharLen
 0001:000001B8       System.@UStrAddRef
 0001:000001C0       System.@UStrClr
 0001:000001C8       System.@UStrArrayClr
 0001:000001D0       System.@UStrAsg
 0001:000001D8       System.@UStrLAsg
 0001:000001E0       System.@UStrToPWChar
 0001:000001E8       System.@UStrFromPCharLen
 0001:000001F0       System.@UStrFromPWCharLen
 0001:000001F8       System.@UStrFromWChar
 0001:00000200       System.@UStrFromLStr
 0001:00000208       System.@LStrFromUStr
 0001:00000210       System.@UStrFromWStr
 0001:00000218       System.@WStrFromUStr
 0001:00000220       System.@UStrLen
 0001:00000228       System.@UStrSetLength
 0001:00000230       System.@UStrCat
 0001:00000238       System.@UStrCat3
 0001:00000240       System.@UStrCatN
 0001:00000248       System.@UStrEqual
 0001:00000250       System.@UStrCopy
 0001:00000258       System.@UStrDelete
 0001:00000260       System.UniqueString
 0001:00000268       System.Pos
 0001:00000270       System.@InitializeRecord
 0001:00000278       System.@FinalizeRecord
 0001:00000280       System.@FinalizeArray
 0001:00000288       System.@AddRefRecord
 0001:00000290       System.@CopyRecord
 0001:00000298       System.@_llmulo
 0001:000002A0       System.@_lldiv
 0001:000002A8       System.@_llmod
 0001:000002B0       System.@DynArrayLength
 0001:000002B8       System.@DynArraySetLength
 0001:000002C0       System.@DynArrayClear
 0001:000002C8       System.RegisterModule
 0001:000002D0       System.UnregisterModule
 0001:000002D8       System.@IntfClear
 0001:000002E0       System.@IntfCopy
 0001:000002E8       System.@IntfCast
 0001:000002F0       System.@IntfAddRef
 0001:000002F8       System.TInterfacedObject.AfterConstruction
 0001:00000300       System.TInterfacedObject.BeforeDestruction
 0001:00000308       System.TInterfacedObject.NewInstance
 0001:00000310       System.TInterfacedObject.QueryInterface
 0001:00000318       System.TInterfacedObject._AddRef
 0001:00000320       System.TInterfacedObject._Release
 0001:00000328       System.LoadResString
 0001:00000330       System.Finalization
 0001:00000338       SysInit.FreeLibrary
 0001:00000340       SysInit.LocalAlloc
 0001:00000348       SysInit.LocalFree
 0001:00000350       SysInit.TlsAlloc
 0001:00000358       SysInit.TlsFree
 0001:00000360       SysInit.TlsGetValue
 0001:00000368       SysInit.TlsSetValue
 0001:00000370       SysInit.AllocTlsBuffer
 0001:0000037C       SysInit.GetTlsSize
 0001:00000384       SysInit.InitThreadTLS
 0001:000003C8       SysInit.InitProcessTLS
 0001:000003F4       SysInit.ExitThreadTLS
 0001:0000042C       SysInit.ExitProcessTLS
 0001:00000450       SysInit.InitializeModule
 0001:0000045C       SysInit.UninitializeModule
 0001:00000480       SysInit.@InitPkg
 0001:000004E4       SysInit.@PackageLoad
 0001:000004F0       SysInit.@PackageUnload
 0001:000004FC       SysUtils.CharInSet
 0001:00000504       SysUtils.UpperCase
 0001:0000050C       SysUtils.LowerCase
 0001:00000514       SysUtils.AnsiUpperCase
 0001:0000051C       SysUtils.AnsiLowerCase
 0001:00000524       SysUtils.AnsiCompareStr
 0001:0000052C       SysUtils.Trim
 0001:00000534       SysUtils.TrimLeft
 0001:0000053C       SysUtils.TrimRight
 0001:00000544       SysUtils.IntToStr
 0001:0000054C       SysUtils.IntToStr
 0001:00000554       SysUtils.StrToInt
 0001:0000055C       SysUtils.StrToIntDef
 0001:00000564       SysUtils.Format
 0001:0000056C       SysUtils.FloatToStr
 0001:00000574       SysUtils.StrToFloat
 0001:0000057C       SysUtils.StrToFloatDef
 0001:00000584       SysUtils.StrToFloatDef
 0001:0000058C       SysUtils.EncodeTime
 0001:00000594       SysUtils.IsLeapYear
 0001:0000059C       SysUtils.EncodeDate
 0001:000005A4       SysUtils.Date
 0001:000005AC       SysUtils.Time
 0001:000005B4       SysUtils.Now
 0001:000005BC       SysUtils.IncMonth
 0001:000005C4       SysUtils.FormatDateTime
 0001:000005CC       SysUtils.StrToDateDef
 0001:000005D4       SysUtils.StrToDateTime
 0001:000005DC       SysUtils.Exception.Create
 0001:000005E4       SysUtils.Exception.CreateFmt
 0001:000005EC       SysUtils.Exception.Destroy
 0001:000005F4       SysUtils.Exception.GetBaseException
 0001:000005FC       SysUtils.Exception.RaisingException
 0001:00000604       SysUtils.Exception.ToString
 0001:0000060C       SysUtils.AnsiPos
 0001:00000614       SysUtils.StringReplace
 0001:0000061C       SysUtils.TEncoding.GetUnicode
 0001:00000624       SysUtils.Finalization
 0001:0000062C       Windows.FreeLibrary
 0001:00000634       Windows.Finalization
 0001:00000678       Math.ArcCos
 0001:00000680       Math.ArcSin
 0001:00000688       Math.Tan
 0001:00000690       Math.Cotan
 0001:00000698       Math.Ceil
 0001:000006A0       Math.Floor
 0001:000006A8       Math.Log10
 0001:000006B0       Math.Power
 0001:000006B8       Math.MinIntValue
 0001:000006C0       Math.Min
 0001:000006C8       StrUtils.LeftStr
 0001:000006D0       StrUtils.RightStr
 0001:000006D8       StrUtils.Soundex
 0001:000006E0       Classes.TList.Destroy
 0001:000006E8       Classes.TList.Clear
 0001:000006F0       Classes.TList.Delete
 0001:000006F8       Classes.TList.Error
 0001:00000700       Classes.TList.Grow
 0001:00000708       Classes.TList.Notify
 0001:00000710       Classes.TStrings.GetName
 0001:00000718       Classes.TStrings.GetValue
 0001:00000720       Classes.TStringList.Create
 0001:00000728       Classes.TStringList.SetCaseSensitive
 0001:00000730       Classes.TStringStream.Create
 0001:00000738       Classes.Finalization
 0001:00000740       TypInfo.Finalization
 0001:00000748       Variants.@VarClr
 0001:00000750       Variants.@VarToInteger
 0001:00000758       Variants.@VarToInt64
 0001:00000760       Variants.@VarToBool
 0001:00000768       Variants.@VarToReal
 0001:00000770       Variants.@VarToUStr
 0001:00000778       Variants.@VarToIntf
 0001:00000780       Variants.@VarFromInt
 0001:00000788       Variants.@VarFromBool
 0001:00000790       Variants.@VarFromReal
 0001:00000798       Variants.@VarFromTDateTime
 0001:000007A0       Variants.@VarFromUStr
 0001:000007A8       Variants.@VarFromIntf
 0001:000007B0       Variants.VarType
 0001:000007B8       Variants.VarArrayCreate
 0001:000007C0       Variants.VarArrayDimCount
 0001:000007C8       Variants.VarArrayLowBound
 0001:000007D0       Variants.VarArrayHighBound
 0001:000007D8       Variants.VarIsArray
 0001:000007E0       Variants.@VarArrayGet
 0001:000007E8       Variants.@VarArrayPut
 0001:000007F0       Variants.Null
 0001:000007F8       Variants.Finalization
 0001:00000800       VarUtils.Finalization
 0001:0000083C       ZCompatibility.Hash
 0001:000008D0       ZCompatibility.AnsiProperCase
 0001:0000094C       ZCompatibility.Finalization
 0001:00000DD4       ZMessages.Finalization
 0001:00000E04       ZMatchPattern.IsMatch
 0001:00000E20       ZMatchPattern.Matche
 0001:000011D8       ZMatchPattern.MatchAfterStar
 0001:000013AC       ZMatchPattern.Finalization
 0001:00001428       ZSysUtils..TZSortedList
 0001:000014C8       ZSysUtils.FirstDelimiter
 0001:00001568       ZSysUtils.LastDelimiter
 0001:000015FC       ZSysUtils.MemLCompUnicode
 0001:00001624       ZSysUtils.MemLCompAnsi
 0001:0000164C       ZSysUtils.StartsWith
 0001:000016EC       ZSysUtils.EndsWith
 0001:00001794       ZSysUtils.SQLStrToFloatDef
 0001:00001874       ZSysUtils.SQLStrToFloat
 0001:000018D4       ZSysUtils.BufferToStr
 0001:00001940       ZSysUtils.BufferToStr
 0001:0000196C       ZSysUtils.StrToBoolEx
 0001:00001A6C       ZSysUtils.BoolToStrEx
 0001:00001AC4       ZSysUtils.IsIpAddr
 0001:00001C50       ZSysUtils.SplitToStringList
 0001:00001D28       ZSysUtils.SplitString
 0001:00001D88       ZSysUtils.PutSplitString
 0001:00001DAC       ZSysUtils.AppendSplitString
 0001:00001DB8       ZSysUtils.ComposeString
 0001:00001F50       ZSysUtils.FloatToSQLStr
 0001:00001FB4       ZSysUtils.SplitToStringListEx
 0001:00002078       ZSysUtils.PutSplitStringEx
 0001:0000209C       ZSysUtils.SplitStringEx
 0001:000020FC       ZSysUtils.AppendSplitStringEx
 0001:00002108       ZSysUtils.BytesToStr
 0001:0000212C       ZSysUtils.StrToBytes
 0001:000021BC       ZSysUtils.BytesToVar
 0001:00002270       ZSysUtils.VarToBytes
 0001:0000236C       ZSysUtils.AnsiSQLDateToDateTime
 0001:00002580       ZSysUtils.CharMatch
 0001:00002624       ZSysUtils.TimestampStrToDateTime
 0001:00002920       ZSysUtils.DateTimeToAnsiSQLDate
 0001:00002974       ZSysUtils.TZSortedList.QuickSort
 0001:00002A44       ZSysUtils.TZSortedList.Sort
 0001:00002A74       ZSysUtils.EncodeCString
 0001:00002C2C       ZSysUtils.DecodeCString
 0001:00002DB8       ZSysUtils.ReplaceChar
 0001:00002E44       ZSysUtils.MemPas
 0001:00002E70       ZSysUtils.DecodeSQLVersioning
 0001:00002ED0       ZSysUtils.EncodeSQLVersioning
 0001:00002F00       ZSysUtils.FormatSQLVersion
 0001:00002FA8       ZSysUtils.Finalization
 0001:000031D8       ZClasses..TZAbstractObject
 0001:00003278       ZClasses.TZAbstractObject.Equals
 0001:00003320       ZClasses.TZAbstractObject.Clone
 0001:00003380       ZClasses.TZAbstractObject.InstanceOf
 0001:0000339C       ZClasses.TZAbstractObject.ToString
 0001:00003428       ZClasses.Finalization
 0001:00003540       ZVariant..EZVariantException
 0001:00003840       ZVariant..TZDefaultVariantManager
 0001:000038E8       ZVariant..TZSoftVariantManager
 0001:00003B50       ZVariant..TZAnyValue
 0001:00003BF8       ZVariant.TZDefaultVariantManager.Assign
 0001:00003CAC       ZVariant.TZDefaultVariantManager.Clone
 0001:00003CB8       ZVariant.TZDefaultVariantManager.RaiseTypeMismatchError
 0001:00003D0C       ZVariant.TZDefaultVariantManager.RaiseUnsupportedOperation
 0001:00003D60       ZVariant.TZDefaultVariantManager.Convert
 0001:00004010       ZVariant.TZDefaultVariantManager.Compare
 0001:000041FC       ZVariant.TZDefaultVariantManager.IsNull
 0001:00004204       ZVariant.TZDefaultVariantManager.SetNull
 0001:00004268       ZVariant.TZDefaultVariantManager.GetAsBoolean
 0001:000042CC       ZVariant.TZDefaultVariantManager.GetAsInteger
 0001:0000433C       ZVariant.TZDefaultVariantManager.GetAsFloat
 0001:000043B0       ZVariant.TZDefaultVariantManager.GetAsString
 0001:00004420       ZVariant.TZDefaultVariantManager.GetAsUnicodeString
 0001:00004490       ZVariant.TZDefaultVariantManager.GetAsDateTime
 0001:000044FC       ZVariant.TZDefaultVariantManager.GetAsPointer
 0001:0000455C       ZVariant.TZDefaultVariantManager.GetAsInterface
 0001:000045CC       ZVariant.TZDefaultVariantManager.SetAsBoolean
 0001:00004638       ZVariant.TZDefaultVariantManager.SetAsInteger
 0001:000046A4       ZVariant.TZDefaultVariantManager.SetAsFloat
 0001:00004714       ZVariant.TZDefaultVariantManager.SetAsString
 0001:00004780       ZVariant.TZDefaultVariantManager.SetAsUnicodeString
 0001:000047EC       ZVariant.TZDefaultVariantManager.SetAsDateTime
 0001:00004858       ZVariant.TZDefaultVariantManager.SetAsPointer
 0001:000048C4       ZVariant.TZDefaultVariantManager.SetAsInterface
 0001:00004940       ZVariant.TZDefaultVariantManager.OpAdd
 0001:00004A9C       ZVariant.TZDefaultVariantManager.OpAnd
 0001:00004B64       ZVariant.TZDefaultVariantManager.OpDiv
 0001:00004C30       ZVariant.TZDefaultVariantManager.OpEqual
 0001:00004C5C       ZVariant.TZDefaultVariantManager.OpLess
 0001:00004C88       ZVariant.TZDefaultVariantManager.OpLessEqual
 0001:00004CB4       ZVariant.TZDefaultVariantManager.OpMod
 0001:00004D68       ZVariant.TZDefaultVariantManager.OpMore
 0001:00004D94       ZVariant.TZDefaultVariantManager.OpMoreEqual
 0001:00004DC0       ZVariant.TZDefaultVariantManager.OpMul
 0001:00004E90       ZVariant.TZDefaultVariantManager.OpNegative
 0001:00004F3C       ZVariant.TZDefaultVariantManager.OpNot
 0001:00004FD8       ZVariant.TZDefaultVariantManager.OpNotEqual
 0001:00005004       ZVariant.TZDefaultVariantManager.OpOr
 0001:000050CC       ZVariant.TZDefaultVariantManager.OpPow
 0001:000051CC       ZVariant.TZDefaultVariantManager.OpSub
 0001:0000529C       ZVariant.TZDefaultVariantManager.OpXor
 0001:00005398       ZVariant.TZSoftVariantManager.Convert
 0001:00005B60       ZVariant.TZAnyValue.Create
 0001:00005BA4       ZVariant.TZAnyValue.CreateWithBoolean
 0001:00005C38       ZVariant.TZAnyValue.CreateWithDateTime
 0001:00005CCC       ZVariant.TZAnyValue.CreateWithFloat
 0001:00005D64       ZVariant.TZAnyValue.CreateWithInteger
 0001:00005DF8       ZVariant.TZAnyValue.CreateWithString
 0001:00005E8C       ZVariant.TZAnyValue.CreateWithUnicodeString
 0001:00005F20       ZVariant.TZAnyValue.Clone
 0001:00005F4C       ZVariant.TZAnyValue.Equals
 0001:00006008       ZVariant.TZAnyValue.GetValue
 0001:00006028       ZVariant.TZAnyValue.ToString
 0001:00006040       ZVariant.TZAnyValue.IsNull
 0001:00006054       ZVariant.TZAnyValue.GetFloat
 0001:00006074       ZVariant.TZAnyValue.GetInteger
 0001:00006098       ZVariant.TZAnyValue.GetString
 0001:000060B4       ZVariant.TZAnyValue.GetBoolean
 0001:000060C8       ZVariant.TZAnyValue.GetUnicodeString
 0001:000060E4       ZVariant.TZAnyValue.GetDateTime
 0001:00006104       ZVariant.EncodeVariant
 0001:00006228       ZVariant.EncodeVariantArray
 0001:000062D4       ZVariant.DecodeVariant
 0001:00006498       ZVariant.DecodeVariantArray
 0001:000065E8       ZVariant.EncodeNull
 0001:000065EC       ZVariant.EncodeBoolean
 0001:000065F4       ZVariant.EncodeInteger
 0001:0000660C       ZVariant.EncodeFloat
 0001:0000662C       ZVariant.EncodeString
 0001:00006648       ZVariant.EncodeUnicodeString
 0001:00006664       ZVariant.EncodeDateTime
 0001:0000667C       ZVariant.EncodePointer
 0001:00006684       ZVariant.EncodeInterface
 0001:000066A0       ZVariant.Finalization
 0001:000067BC       ZCollections..TZIterator
 0001:00006A10       ZCollections..TZCollection
 0001:00006C30       ZCollections..TZUnmodifiableCollection
 0001:00006E00       ZCollections..TZHashMap
 0001:00006FA4       ZCollections..TZStack
 0001:00007048       ZCollections.TZIterator.Create
 0001:0000708C       ZCollections.TZIterator.HasNext
 0001:000070A4       ZCollections.TZIterator.Next
 0001:000070E0       ZCollections.TZCollection.Create
 0001:00007100       ZCollections.TZCollection.Destroy
 0001:00007124       ZCollections.ReturnAddr
 0001:00007128       ZCollections.TZCollection.Error
 0001:00007160       ZCollections.TZCollection.Grow
 0001:0000719C       ZCollections.TZCollection.SetCapacity
 0001:000071F0       ZCollections.TZCollection.SetCount
 0001:00007248       ZCollections.TZCollection.Clone
 0001:00007338       ZCollections.TZCollection.Add
 0001:00007370       ZCollections.TZCollection.AddAll
 0001:00007400       ZCollections.TZCollection.Clear
 0001:0000741C       ZCollections.TZCollection.Contains
 0001:00007438       ZCollections.TZCollection.ContainsAll
 0001:000074D4       ZCollections.TZCollection.Delete
 0001:00007524       ZCollections.TZCollection.Exchange
 0001:00007590       ZCollections.TZCollection.First
 0001:000075A8       ZCollections.TZCollection.Get
 0001:000075C8       ZCollections.TZCollection.GetCount
 0001:000075CC       ZCollections.TZCollection.GetIterator
 0001:00007600       ZCollections.TZCollection.IndexOf
 0001:00007700       ZCollections.TZCollection.Insert
 0001:00007768       ZCollections.TZCollection.Last
 0001:0000778C       ZCollections.TZCollection.Put
 0001:000077AC       ZCollections.TZCollection.Remove
 0001:000077D0       ZCollections.TZCollection.RemoveAll
 0001:00007860       ZCollections.TZCollection.ToString
 0001:000079C0       ZCollections.TZUnmodifiableCollection.Create
 0001:00007A3C       ZCollections.TZUnmodifiableCollection.Destroy
 0001:00007A70       ZCollections.TZUnmodifiableCollection.Clone
 0001:00007A9C       ZCollections.TZUnmodifiableCollection.RaiseException
 0001:00007AF0       ZCollections.TZUnmodifiableCollection.Add
 0001:00007B04       ZCollections.TZUnmodifiableCollection.AddAll
 0001:00007B14       ZCollections.TZUnmodifiableCollection.Clear
 0001:00007B20       ZCollections.TZUnmodifiableCollection.Contains
 0001:00007B30       ZCollections.TZUnmodifiableCollection.ContainsAll
 0001:00007B40       ZCollections.TZUnmodifiableCollection.Delete
 0001:00007B4C       ZCollections.TZUnmodifiableCollection.Exchange
 0001:00007B58       ZCollections.TZUnmodifiableCollection.First
 0001:00007B70       ZCollections.TZUnmodifiableCollection.Get
 0001:00007B90       ZCollections.TZUnmodifiableCollection.GetCount
 0001:00007BA0       ZCollections.TZUnmodifiableCollection.GetIterator
 0001:00007BD4       ZCollections.TZUnmodifiableCollection.IndexOf
 0001:00007BE4       ZCollections.TZUnmodifiableCollection.Insert
 0001:00007BF0       ZCollections.TZUnmodifiableCollection.Last
 0001:00007C08       ZCollections.TZUnmodifiableCollection.Put
 0001:00007C14       ZCollections.TZUnmodifiableCollection.Remove
 0001:00007C28       ZCollections.TZUnmodifiableCollection.RemoveAll
 0001:00007C38       ZCollections.TZUnmodifiableCollection.ToString
 0001:00007C50       ZCollections.TZHashMap.Create
 0001:00007D04       ZCollections.TZHashMap.Destroy
 0001:00007D50       ZCollections.TZHashMap.Clone
 0001:00007E14       ZCollections.TZHashMap.Get
 0001:00007E4C       ZCollections.TZHashMap.Put
 0001:00007E90       ZCollections.TZHashMap.GetKeys
 0001:00007EA8       ZCollections.TZHashMap.GetValues
 0001:00007EC0       ZCollections.TZHashMap.GetCount
 0001:00007ED0       ZCollections.TZHashMap.Remove
 0001:00007F40       ZCollections.TZHashMap.Clear
 0001:00007F5C       ZCollections.TZStack.Create
 0001:00007FAC       ZCollections.TZStack.Destroy
 0001:00007FE0       ZCollections.TZStack.Clone
 0001:00008054       ZCollections.TZStack.GetCount
 0001:00008064       ZCollections.TZStack.Peek
 0001:000080A4       ZCollections.TZStack.Pop
 0001:00008100       ZCollections.TZStack.Push
 0001:0000814C       ZCollections.TZStack.ToString
 0001:00008164       ZCollections.Finalization
 0001:0000836C       ZTokenizer..TZTokenizerState
 0001:0000840C       ZTokenizer..TZNumberState
 0001:000084A4       ZTokenizer..TZQuoteState
 0001:00008544       ZTokenizer..TZCommentState
 0001:000085DC       ZTokenizer..TZCppCommentState
 0001:0000867C       ZTokenizer..TZCCommentState
 0001:00008748       ZTokenizer..TZSymbolNode
 0001:000087F4       ZTokenizer..TZSymbolRootNode
 0001:00008898       ZTokenizer..TZSymbolState
 0001:00008934       ZTokenizer..TZWhitespaceState
 0001:000089D4       ZTokenizer..TZWordState
 0001:00008B7C       ZTokenizer..TZTokenizer
 0001:00008C10       ZTokenizer.AbsorbDigits
 0001:00008CCC       ZTokenizer.TZNumberState.NextToken
 0001:00008E90       ZTokenizer.TZQuoteState.NextToken
 0001:00008F2C       ZTokenizer.TZQuoteState.EncodeString
 0001:00008F9C       ZTokenizer.TZQuoteState.DecodeString
 0001:00009060       ZTokenizer.TZCommentState.NextToken
 0001:00009148       ZTokenizer.TZCppCommentState.GetMultiLineComment
 0001:000091D8       ZTokenizer.TZCppCommentState.GetSingleLineComment
 0001:000092FC       ZTokenizer.TZCppCommentState.NextToken
 0001:00009428       ZTokenizer.TZCCommentState.NextToken
 0001:00009518       ZTokenizer.TZSymbolNode.Create
 0001:00009574       ZTokenizer.TZSymbolNode.Destroy
 0001:000095BC       ZTokenizer.TZSymbolNode.AddDescendantLine
 0001:00009664       ZTokenizer.TZSymbolNode.Ancestry
 0001:000096D0       ZTokenizer.TZSymbolNode.DeepestRead
 0001:00009730       ZTokenizer.TZSymbolNode.EnsureChildWithChar
 0001:00009790       ZTokenizer.TZSymbolNode.FindChildWithChar
 0001:000097B8       ZTokenizer.TZSymbolNode.FindDescendant
 0001:0000987C       ZTokenizer.TZSymbolNode.UnreadToValid
 0001:000098B0       ZTokenizer.TZSymbolRootNode.Create
 0001:0000991C       ZTokenizer.TZSymbolRootNode.Add
 0001:000099DC       ZTokenizer.TZSymbolRootNode.Ancestry
 0001:000099F0       ZTokenizer.TZSymbolRootNode.FindChildWithChar
 0001:000099FC       ZTokenizer.TZSymbolRootNode.NextSymbol
 0001:00009A3C       ZTokenizer.TZSymbolState.Create
 0001:00009A7C       ZTokenizer.TZSymbolState.Destroy
 0001:00009AB0       ZTokenizer.TZSymbolState.Add
 0001:00009AC0       ZTokenizer.TZSymbolState.NextToken
 0001:00009B30       ZTokenizer.TZWhitespaceState.Create
 0001:00009B80       ZTokenizer.TZWhitespaceState.NextToken
 0001:00009C40       ZTokenizer.TZWhitespaceState.SetWhitespaceChars
 0001:00009C8C       ZTokenizer.TZWordState.Create
 0001:00009D44       ZTokenizer.TZWordState.NextToken
 0001:00009E04       ZTokenizer.TZWordState.SetWordChars
 0001:00009E50       ZTokenizer.TZTokenizer.Create
 0001:0000A040       ZTokenizer.TZTokenizer.Destroy
 0001:0000A0C4       ZTokenizer.TZTokenizer.GetCharacterState
 0001:0000A0CC       ZTokenizer.TZTokenizer.SetCharacterState
 0001:0000A118       ZTokenizer.TZTokenizer.TokenizeBuffer
 0001:0000A188       ZTokenizer.TZTokenizer.TokenizeBufferToList
 0001:0000A1F8       ZTokenizer.TZTokenizer.TokenizeStream
 0001:0000A2F8       ZTokenizer.TZTokenizer.TokenizeStreamToList
 0001:0000A504       ZTokenizer.TZTokenizer.GetCommentState
 0001:0000A50C       ZTokenizer.TZTokenizer.GetNumberState
 0001:0000A514       ZTokenizer.TZTokenizer.GetQuoteState
 0001:0000A51C       ZTokenizer.TZTokenizer.GetSymbolState
 0001:0000A524       ZTokenizer.TZTokenizer.GetWhitespaceState
 0001:0000A52C       ZTokenizer.TZTokenizer.GetWordState
 0001:0000A534       ZTokenizer.Finalization
 0001:0000A564       Contnrs.TObjectList.Add
 0001:0000A56C       Contnrs.TObjectList.Create
 0001:0000A574       Contnrs.TObjectList.GetItem
 0001:0000A6DC       ZExprParser..TZParseError
 0001:0000A778       ZExprParser..TZExpressionToken
 0001:0000A824       ZExprParser..TZExpressionParser
 0001:0000A8DC       ZExprParser.TZExpressionToken.Create
 0001:0000AAE8       ZExprParser.TZExpressionParser.Create
 0001:0000AB98       ZExprParser.TZExpressionParser.Destroy
 0001:0000ABDC       ZExprParser.TZExpressionParser.Clear
 0001:0000AC0C       ZExprParser.TZExpressionParser.Parse
 0001:0000ACFC       ZExprParser.TZExpressionParser.HasMoreTokens
 0001:0000AD0C       ZExprParser.TZExpressionParser.GetToken
 0001:0000AD34       ZExprParser.TZExpressionParser.GetNextToken
 0001:0000AD64       ZExprParser.TZExpressionParser.ShiftToken
 0001:0000AD70       ZExprParser.TZExpressionParser.CheckTokenTypes
 0001:0000AE04       ZExprParser.TZExpressionParser.TokenizeExpression
 0001:0000B1C8       ZExprParser.TZExpressionParser.SyntaxAnalyse
 0001:0000B284       ZExprParser.TZExpressionParser.SyntaxAnalyse1
 0001:0000B330       ZExprParser.TZExpressionParser.SyntaxAnalyse2
 0001:0000B3EC       ZExprParser.TZExpressionParser.SyntaxAnalyse3
 0001:0000B578       ZExprParser.TZExpressionParser.SyntaxAnalyse4
[...]
   787 0001:00012536   793 0001:0001256C   794 0001:0001259F   795 0001:000125AD
   797 0001:000125E2   803 0001:00012618   804 0001:0001264B   805 0001:00012659
   807 0001:00012691   813 0001:000126C4   814 0001:000126F7   815 0001:00012705
   817 0001:0001273D   823 0001:00012770   824 0001:000127A3   825 0001:000127B1
   827 0001:000127E9   833 0001:0001281C   834 0001:0001284F   835 0001:0001285D
   837 0001:00012892   843 0001:000128C8   844 0001:000128FB   845 0001:00012909
   847 0001:0001293E   853 0001:00012974   854 0001:000129A7   855 0001:000129B5
   857 0001:000129ED   863 0001:00012A20   864 0001:00012A53   865 0001:00012A61
   867 0001:00012A96   873 0001:00012ACC   874 0001:00012AFF   875 0001:00012B0D
   877 0001:00012B42   883 0001:00012B78   884 0001:00012BAB   885 0001:00012BB9
   887 0001:00012BF1   893 0001:00012C24   894 0001:00012C57   895 0001:00012C65
   897 0001:00012C9A   903 0001:00012CD0   904 0001:00012D03   905 0001:00012D11
   907 0001:00012D46   913 0001:00012D7C   914 0001:00012DAE   915 0001:00012DBC
   918 0001:00012E11   924 0001:00012E4C   925 0001:00012E7E   926 0001:00012E8C
   929 0001:00012EE1   935 0001:00012F1C   936 0001:00012F4E   937 0001:00012F5C
   940 0001:00012FB1   946 0001:00012FEC   947 0001:0001301E   948 0001:0001302C
   951 0001:00013081   957 0001:000130BC   958 0001:000130EE   959 0001:000130FC
   962 0001:00013150   968 0001:00013188   969 0001:000131BA   970 0001:000131C8
   973 0001:0001321C   979 0001:00013254   980 0001:00013286   981 0001:00013294
   984 0001:000132E8   990 0001:00013320   991 0001:00013352   992 0001:00013360
   995 0001:000133B4   998 0001:000133EC   999 0001:000133F2  1000 0001:00013413
  1001 0001:00013434  1005 0001:00013455  1006 0001:00013476  1009 0001:00013497
  1010 0001:000134B8  1012 0001:000134D9  1022 0001:000134FA  1023 0001:0001351B
  1024 0001:0001353C  1026 0001:0001355D  1027 0001:0001357E  1028 0001:0001359F
  1029 0001:000135C0  1030 0001:000135E1  1031 0001:00013602  1033 0001:00013623
  1034 0001:00013644  1035 0001:00013665  1036 0001:00013686  1037 0001:000136A7
  1039 0001:000136C8  1040 0001:000136E9  1041 0001:0001370A  1042 0001:0001372B
  1043 0001:0001374C  1045 0001:0001376D  1046 0001:0001378E  1047 0001:000137AF
  1049 0001:000137D0  1050 0001:000137F1  1052 0001:00013812  1054 0001:00013833
  1055 0001:00013854  1056 0001:00013875  1057 0001:00013896  1058 0001:000138B7
  1059 0001:000138D8  1060 0001:000138F9  1061 0001:0001391A  1065 0001:0001393B
  1066 0001:0001395C  1067 0001:0001397D  1069 0001:0001399E  1070 0001:000139BF
  1072 0001:000139E0  1074 0001:00013A01  1075 0001:00013A22  1077 0001:00013A43
  1078 0001:00013A64  1079 0001:00013A85  1080 0001:00013AA6  1082 0001:00013AC7
  1083 0001:00013AE8  1084 0001:00013B09  1086 0001:00013B2A  1087 0001:00013B4B
  1088 0001:00013B6C  1089 0001:00013B8D  1090 0001:00013BAE  1091 0001:00013BCF
  1093 0001:00013BF0  1094 0001:00013C11  1095 0001:00013C32  1096 0001:00013C53
  1097 0001:00013C74  1099 0001:00013C95  1100 0001:00013CB6  1101 0001:00013CD7
  1102 0001:00013CF8  1103 0001:00013D19  1105 0001:00013D3A  1106 0001:00013D5B
  1107 0001:00013D7C  1109 0001:00013D9D  1110 0001:00013DBE  1112 0001:00013DDF
  1114 0001:00013E00  1115 0001:00013E21  1116 0001:00013E42  1117 0001:00013E63
  1118 0001:00013E84  1119 0001:00013EA5  1120 0001:00013EC6  1121 0001:00013EE7
  1123 0001:00013F08

Line numbers for ZFunctionsDateTime(..\..\src\core\ZFunctionsDateTime.pas) segment .itext

  1125 0002:00000180

Line numbers for ZFunctionsMath(..\..\src\core\ZFunctionsMath.pas) segment .text

   233 0001:00015754   234 0001:00015777   235 0001:00015782   236 0001:000157A5
   248 0001:000157CC   249 0001:000157EF   250 0001:000157FA   251 0001:00015814
   263 0001:00015838   264 0001:0001585B   265 0001:00015866   266 0001:0001587D
   280 0001:000158A4   281 0001:000158DB   282 0001:000158E9   283 0001:000158F8
   284 0001:00015900   285 0001:00015927   286 0001:0001592B   288 0001:00015943
   289 0001:00015953   301 0001:00015988   302 0001:000159BB   303 0001:000159C9
   305 0001:00015A01   317 0001:00015A34   318 0001:00015A67   319 0001:00015A75
   321 0001:00015AAD   333 0001:00015AE0   334 0001:00015B13   335 0001:00015B21
   337 0001:00015B59   349 0001:00015B8C   350 0001:00015BBF   351 0001:00015BCD
   353 0001:00015C05   365 0001:00015C38   366 0001:00015C6B   367 0001:00015C79
   369 0001:00015CB1   381 0001:00015CE4   382 0001:00015D17   383 0001:00015D25
   385 0001:00015D5D   397 0001:00015D90   398 0001:00015DC3   399 0001:00015DD1
   401 0001:00015E09   413 0001:00015E3C   414 0001:00015E6F   415 0001:00015E7D
   417 0001:00015EB5   429 0001:00015EE8   430 0001:00015F1B   431 0001:00015F29
   433 0001:00015F61   445 0001:00015F94   446 0001:00015FC7   447 0001:00015FD5
   449 0001:0001600D   461 0001:00016040   462 0001:00016073   463 0001:00016081
   465 0001:000160B5   477 0001:000160E8   478 0001:0001611B   479 0001:00016129
   481 0001:0001615D   493 0001:00016190   494 0001:000161C3   495 0001:000161D1
   496 0001:000161FD   508 0001:00016230   509 0001:00016263   510 0001:00016271
   511 0001:0001629D   523 0001:000162D0   524 0001:00016303   525 0001:00016311
   526 0001:00016349   538 0001:0001637C   539 0001:000163AF   540 0001:000163BD
   541 0001:000163F5   553 0001:00016428   554 0001:0001645B   555 0001:00016469
   557 0001:000164A1   560 0001:000164D4   561 0001:000164DA   562 0001:000164FB
   563 0001:0001651C   564 0001:0001653D   565 0001:0001655E   566 0001:0001657F
   567 0001:000165A0   568 0001:000165C1   569 0001:000165E2   570 0001:00016603
   571 0001:00016624   572 0001:00016645   573 0001:00016666   574 0001:00016687
   575 0001:000166A8   576 0001:000166C9   577 0001:000166EA   578 0001:0001670B
   579 0001:0001672C   580 0001:0001674D   581 0001:0001676E   582 0001:0001678F
   583 0001:000167B0

Line numbers for ZFunctionsMath(..\..\src\core\ZFunctionsMath.pas) segment .itext

   585 0002:00000188

Line numbers for ZFunctions(..\..\src\core\ZFunctions.pas) segment .text

   133 0001:00016D04   134 0001:00016D19   135 0001:00016D36   136 0001:00016D3F
   142 0001:00016D5C   143 0001:00016D6A   144 0001:00016D73   145 0001:00016D7B
   146 0001:00016D87   152 0001:00016D98   153 0001:00016DA1   155 0001:00016DA6
   156 0001:00016DBD   158 0001:00016DC0   164 0001:00016DC4   165 0001:00016DD0
   166 0001:00016DD7   167 0001:00016DEA   168 0001:00016DF0   175 0001:00016DF8
   176 0001:00016E16   177 0001:00016E61   187 0001:00016EB0   188 0001:00016EB8
   189 0001:00016EC1   190 0001:00016EDC   189 0001:00016EE6   191 0001:00016EE9
   201 0001:00016EF0   202 0001:00016F1B   203 0001:00016F22   205 0001:00016F40
   207 0001:00016F4E   209 0001:00016F86   210 0001:00016F89   213 0001:00016F8B
   203 0001:00016F8C   214 0001:00016F8F   223 0001:00016FD8   224 0001:00016FF3
   225 0001:00016FFD   226 0001:00017023   238 0001:00017050   239 0001:00017078
   240 0001:0001708E   241 0001:000170A8   242 0001:000170B4   244 0001:000170B8
   245 0001:000170C3   248 0001:000170E2   249 0001:0001711B   258 0001:000171B0
   259 0001:000171B6   260 0001:000171BD   262 0001:000171C1   263 0001:000171CB
   265 0001:000171D2   271 0001:000171D8   272 0001:000171DE   273 0001:000171E6
   274 0001:000171EF   281 0001:000171F4   282 0001:000171F7   283 0001:000171FF
   291 0001:00017204   292 0001:00017226   293 0001:00017243   301 0001:00017278
   302 0001:00017298   303 0001:000172C0   312 0001:000172FC   313 0001:00017311
   314 0001:0001731A   315 0001:00017321   316 0001:00017328   317 0001:0001732F
   318 0001:00017336   319 0001:0001733D   327 0001:00017358   328 0001:0001738E
   329 0001:00017397   330 0001:000173AD   337 0001:000173EC   338 0001:000173F5
   339 0001:000173FF   349 0001:00017404   350 0001:0001742B   351 0001:00017448
   353 0001:0001744C   356 0001:0001748F

Line numbers for ZFunctions(..\..\src\core\ZFunctions.pas) segment .itext

   358 0002:00000190

Line numbers for ZVariables(..\..\src\core\ZVariables.pas) segment .text

   110 0001:00017704   111 0001:0001771C   112 0001:00017726   113 0001:00017737
   121 0001:00017758   122 0001:0001776D   123 0001:0001777C   129 0001:00017798
   130 0001:000177A6   131 0001:000177AE   132 0001:000177BA   144 0001:000177CC
   145 0001:000177ED   146 0001:000177F4   147 0001:000177FE   149 0001:00017818
   150 0001:00017827   152 0001:00017834   153 0001:00017837   155 0001:00017839
   147 0001:0001783A   156 0001:0001783D   164 0001:00017864   165 0001:00017888
   166 0001:00017895   167 0001:000178D0   168 0001:000178F4   177 0001:00017928
   178 0001:0001792E   179 0001:00017935   180 0001:00017939   181 0001:00017943
   187 0001:00017948   188 0001:0001794B   189 0001:00017953   197 0001:00017958
   198 0001:00017960   199 0001:00017977   198 0001:00017996   200 0001:00017999
   208 0001:000179A0   209 0001:000179A6   217 0001:000179A8   218 0001:000179B4
   219 0001:000179C8   227 0001:000179D0   228 0001:000179DC   229 0001:000179F6
   239 0001:000179FC   240 0001:00017A06   241 0001:00017A0F   242 0001:00017A13
   244 0001:00017A2F   245 0001:00017A42   253 0001:00017A48   254 0001:00017A54
   255 0001:00017A6E   265 0001:00017A74   266 0001:00017A82   267 0001:00017A8D
   268 0001:00017A91   270 0001:00017AAE   271 0001:00017ABA

Line numbers for ZVariables(..\..\src\core\ZVariables.pas) segment .itext

   273 0002:00000198

Line numbers for ZExprToken(..\..\src\core\ZExprToken.pas) segment .text

   143 0001:00017FBC   144 0001:00017FDA   145 0001:00017FE3   149 0001:00017FEA
   154 0001:00017FFB   155 0001:00018010   159 0001:00018017   160 0001:0001802B
   146 0001:0001802D   163 0001:00018043   165 0001:00018088   166 0001:000180B6
   167 0001:000180BE   168 0001:000180C9   169 0001:000180CD   172 0001:000180D3
   174 0001:000180D7   175 0001:000180EB   176 0001:000180F3   178 0001:000180F7
   179 0001:00018107   184 0001:0001811D   185 0001:00018121   189 0001:00018135
   194 0001:0001814B   195 0001:0001815B   196 0001:00018171   198 0001:00018173
   200 0001:00018183   204 0001:00018195   207 0001:000181C1   208 0001:000181E1
   213 0001:000181F2   215 0001:00018200   216 0001:0001820D   220 0001:00018221
   221 0001:00018225   223 0001:0001822B   225 0001:0001822F   241 0001:000182AC
   242 0001:000182CD   243 0001:000182D3   245 0001:000182DC   246 0001:000182E3
   247 0001:000182ED   251 0001:000182F1   253 0001:000182FC   254 0001:0001830D
   256 0001:0001830F   257 0001:00018329   258 0001:0001832F   259 0001:00018333
   260 0001:0001833E   262 0001:00018342   249 0001:00018346   264 0001:0001835A
   274 0001:00018380   276 0001:000183A1   280 0001:000183B1   282 0001:000183E6
   283 0001:000183EF   293 0001:0001843C   295 0001:00018468   301 0001:000184B5
   303 0001:000184EB   304 0001:000184F5   318 0001:00018540   319 0001:00018567
   320 0001:0001856B   322 0001:00018574   324 0001:0001857A   325 0001:0001858A
   327 0001:00018595   328 0001:00018599   332 0001:000185B8   333 0001:000185BC
   337 0001:000185CD   338 0001:000185DF   339 0001:000185F6   347 0001:00018630
   348 0001:00018645   349 0001:0001864E   350 0001:0001865A   351 0001:00018666
   352 0001:00018672   353 0001:0001867E   361 0001:000186EC   362 0001:00018701
   363 0001:00018710   364 0001:00018721   365 0001:00018732   366 0001:00018743
   367 0001:00018754   368 0001:00018765   379 0001:00018780   380 0001:000187A7
   381 0001:000187B9   383 0001:000187C3   385 0001:000187CD   387 0001:000187D9
   388 0001:000187DD   390 0001:000187DF   383 0001:000187E2   391 0001:000187E5
   400 0001:0001880C   401 0001:00018821   403 0001:00018833   404 0001:00018845
   405 0001:00018857   406 0001:00018869   407 0001:0001887B   409 0001:0001888D
   410 0001:000188A1   412 0001:000188B5   413 0001:000188CB   414 0001:000188E1
   415 0001:000188F7   417 0001:0001890D   418 0001:00018923   420 0001:00018939
   421 0001:0001894F   423 0001:00018965   424 0001:0001897B

Line numbers for ZExprToken(..\..\src\core\ZExprToken.pas) segment .itext

   426 0002:000001A0

Line numbers for ZExpression(..\..\src\core\ZExpression.pas) segment .text

   243 0001:00018DF8   244 0001:00018E0E   245 0001:00018E16   246 0001:00018E2D
   247 0001:00018E32   255 0001:00018E50   256 0001:00018E5C   257 0001:00018E79
   264 0001:00018E80   265 0001:00018E8A   266 0001:00018E91   267 0001:00018EB1
   268 0001:00018EC4   276 0001:00018ECC   277 0001:00018EE8   278 0001:00018EED
   279 0001:00018F0E   280 0001:00018F38   283 0001:00018F5C   284 0001:00018F6F
   285 0001:00018F79   287 0001:00018F7F   288 0001:00018F84   290 0001:00018FA5
   297 0001:00018FC8   298 0001:00018FE1   299 0001:00018FF4   300 0001:00018FFA
   301 0001:0001901B   302 0001:00019026   303 0001:00019044   309 0001:00019068
   310 0001:0001909B   312 0001:000190A3   313 0001:000190AE   315 0001:000190C8
   316 0001:000190E8   317 0001:000190F3   325 0001:00019120   326 0001:0001914B
   327 0001:00019151   329 0001:00019172   330 0001:00019192   331 0001:000191AB
   332 0001:000191CB   339 0001:000191FC   340 0001:00019201   348 0001:00019204
   349 0001:00019219   350 0001:00019239   351 0001:00019256   352 0001:00019273
   353 0001:00019290   354 0001:000192A2   355 0001:000192A6   362 0001:000192C4
   363 0001:000192DC   364 0001:000192E5   365 0001:000192EE   371 0001:0001930C
   372 0001:0001931A   373 0001:00019322   374 0001:0001932A   375 0001:00019332
   376 0001:0001933A   378 0001:00019342   379 0001:0001934E   387 0001:00019360
   388 0001:00019364   396 0001:00019368   397 0001:0001936B   404 0001:0001936C
   405 0001:00019375   406 0001:0001937F   413 0001:00019384   414 0001:000193A4
   415 0001:000193AF   422 0001:000193D0   423 0001:000193D9   424 0001:000193E3
   431 0001:000193E8   432 0001:00019408   433 0001:00019413   440 0001:00019434
   441 0001:0001943D   442 0001:0001944A   449 0001:00019450   450 0001:00019456
   451 0001:0001945E   452 0001:00019464   453 0001:0001946E   460 0001:00019474
   461 0001:0001947D   462 0001:00019487   469 0001:0001948C   470 0001:000194AC
   471 0001:000194B7   478 0001:000194D8   479 0001:000194E1   480 0001:000194EB
   487 0001:000194F0   488 0001:00019510   489 0001:0001951B   490 0001:00019529
   496 0001:0001954C   497 0001:00019552   498 0001:0001955A   499 0001:00019562
   509 0001:00019568   510 0001:00019592   512 0001:000195B3   513 0001:000195C6
   514 0001:000195D5   515 0001:000195E6   510 0001:000195E7   516 0001:000195EA
   523 0001:00019618   524 0001:00019621   525 0001:0001962F   533 0001:00019634
   534 0001:00019657   535 0001:00019665   547 0001:00019688   548 0001:000196B5
   549 0001:000196C4   550 0001:000196D2   552 0001:000196F4   554 0001:00019704
   569 0001:00019730   570 0001:0001978D   572 0001:00019794   574 0001:000197BA
   575 0001:000197CE   577 0001:00019854   591 0001:00019866   593 0001:00019873
   594 0001:00019884   596 0001:0001988A   599 0001:000198CB   601 0001:000198F3
   602 0001:000198FC   604 0001:00019924   626 0001:0001998E   628 0001:0001999B
   629 0001:000199AC   631 0001:000199B2   634 0001:000199FF   636 0001:00019A38
   638 0001:00019A41   639 0001:00019A58   640 0001:00019A77   641 0001:00019A80
   644 0001:00019A8F   649 0001:00019AF9   650 0001:00019B03   651 0001:00019B0D
   655 0001:00019B37   656 0001:00019B41   657 0001:00019B4B   661 0001:00019B78
   662 0001:00019B82   663 0001:00019B8C   666 0001:00019BB9   669 0001:00019BF2
   670 0001:00019BFC   671 0001:00019C06   675 0001:00019C30   676 0001:00019C3A
   677 0001:00019C44   681 0001:00019C6E   682 0001:00019C78   683 0001:00019C82
   687 0001:00019CAC   688 0001:00019CB6   689 0001:00019CC0   693 0001:00019CEA
   694 0001:00019CF4   695 0001:00019CFE   699 0001:00019D28   700 0001:00019D32
   701 0001:00019D3C   705 0001:00019D69   706 0001:00019D73   707 0001:00019D7D
   711 0001:00019DAA   712 0001:00019DB4   713 0001:00019DBE   717 0001:00019DEB
   718 0001:00019DF5   719 0001:00019DFF   723 0001:00019E2C   724 0001:00019E36
   725 0001:00019E40   729 0001:00019E6D   730 0001:00019E77   731 0001:00019E81
   735 0001:00019EAE   736 0001:00019EB8   737 0001:00019EC2   740 0001:00019EEC
   743 0001:00019F25   744 0001:00019F2F   745 0001:00019F39   751 0001:00019F91
   752 0001:00019F9B   753 0001:00019FA5   759 0001:00019FFF   760 0001:0001A009
   764 0001:0001A031   765 0001:0001A03B   768 0001:0001A065   770 0001:0001A08C
   572 0001:0001A08F   772 0001:0001A096   773 0001:0001A09C   774 0001:0001A0C3
   775 0001:0001A0CD

Line numbers for ZExpression(..\..\src\core\ZExpression.pas) segment .itext

   777 0002:000001A8

Line numbers for ZURL(..\..\src\core\ZURL.pas) segment .text

   100 0001:0001A2D4   101 0001:0001A2EA   103 0001:0001A2F3   104 0001:0001A300
   105 0001:0001A311   106 0001:0001A31A   107 0001:0001A327   110 0001:0001A35C
   111 0001:0001A36A   113 0001:0001A372   114 0001:0001A37E   117 0001:0001A390
   118 0001:0001A399   119 0001:0001A3A3   122 0001:0001A3A8   123 0001:0001A3B1
   124 0001:0001A3BB   127 0001:0001A3C0   128 0001:0001A3C9   129 0001:0001A3D3
   133 0001:0001A3D8   134 0001:0001A3DB   137 0001:0001A3DC   138 0001:0001A3E5
   139 0001:0001A3EF   142 0001:0001A3F4   143 0001:0001A3FD   144 0001:0001A407
   147 0001:0001A40C   148 0001:0001A415   149 0001:0001A41F   156 0001:0001A424
   157 0001:0001A445   160 0001:0001A44E   163 0001:0001A464   166 0001:0001A47A
   168 0001:0001A480   169 0001:0001A496   170 0001:0001A49D   174 0001:0001A4BD
   175 0001:0001A4C3   178 0001:0001A4D9   179 0001:0001A4F1   182 0001:0001A4FD
   183 0001:0001A503   186 0001:0001A519   188 0001:0001A51F   189 0001:0001A530
   190 0001:0001A53C   194 0001:0001A552   196 0001:0001A577   197 0001:0001A585
   198 0001:0001A59E   200 0001:0001A5E6   201 0001:0001A5F7   202 0001:0001A603
   204 0001:0001A61B   194 0001:0001A61E   205 0001:0001A627   219 0001:0001A75C
   220 0001:0001A780   221 0001:0001A78A   222 0001:0001A794   223 0001:0001A79E
   224 0001:0001A7A8   225 0001:0001A7B2   226 0001:0001A7BC   227 0001:0001A7C6
   229 0001:0001A7D5   230 0001:0001A7E3   233 0001:0001A7ED   234 0001:0001A7FC
   235 0001:0001A800   236 0001:0001A816   237 0001:0001A833   240 0001:0001A842
   241 0001:0001A851   242 0001:0001A855   243 0001:0001A86B   244 0001:0001A888
   247 0001:0001A897   249 0001:0001A8AB   250 0001:0001A8BD   251 0001:0001A8EE
   252 0001:0001A91D   253 0001:0001A92E   254 0001:0001A95A   255 0001:0001A96B
   257 0001:0001A997   259 0001:0001A9A2   262 0001:0001A9BE   264 0001:0001A9D2
   265 0001:0001A9E4   266 0001:0001A9F5   267 0001:0001AA21   268 0001:0001AA32
   270 0001:0001AA5E   272 0001:0001AA69   276 0001:0001AA85   277 0001:0001AA95
   280 0001:0001AAA7   281 0001:0001AAB6   283 0001:0001AABA   284 0001:0001AAD7
   285 0001:0001AAE6   288 0001:0001AB11   291 0001:0001AB1C   292 0001:0001AB2C
   293 0001:0001AB32   296 0001:0001AB42   297 0001:0001AB52   298 0001:0001AB58
   301 0001:0001AB68   302 0001:0001AB78   303 0001:0001AB8F   304 0001:0001AB9F
   305 0001:0001ABB6   306 0001:0001ABC6   307 0001:0001ABDD   308 0001:0001ABED
   310 0001:0001AC04   311 0001:0001AC0F   312 0001:0001AC1A   313 0001:0001AC25
   314 0001:0001AC32   315 0001:0001AC3D   316 0001:0001AC48   317 0001:0001AC53
   319 0001:0001AC76   321 0001:0001AC86   324 0001:0001AE44   325 0001:0001AE66
   326 0001:0001AE74   327 0001:0001AE82   329 0001:0001AE97   330 0001:0001AEB5
   333 0001:0001AED0   335 0001:0001AEE9   336 0001:0001AF07   339 0001:0001AF22
   341 0001:0001AF3B   342 0001:0001AF59   345 0001:0001AF74   347 0001:0001AF8D
   348 0001:0001AFAB   351 0001:0001AFD3   353 0001:0001AFEE

Line numbers for ZURL(..\..\src\core\ZURL.pas) segment .itext

   355 0002:000001B0

Line numbers for .ZCore(ZCore.dpk) segment .itext

    54 0002:000001B8

Bound resource files

ZCore.res
ZCore.drf


Program entry point at 0002:000001B8
