
 Start         Length     Name                   Class
 0001:00401000 000174C8H .text                   CODE
 0002:00419000 0000030CH .itext                  ICODE
 0003:0041A000 00000784H .data                   DATA
 0004:0041B000 00000854H .bss                    BSS
 0005:00000000 00000000H .tls                    TLS


Detailed map of segments

 0001:00000000 00000246 C=CODE     S=.text    G=(none)   M=System   ACBP=A9
 0001:00000248 000001C3 C=CODE     S=.text    G=(none)   M=SysInit  ACBP=A9
 0001:0000040C 0000003E C=CODE     S=.text    G=(none)   M=Classes  ACBP=A9
 0001:0000044C 0000005C C=CODE     S=.text    G=(none)   M=Windows  ACBP=A9
 0001:000004A8 00000006 C=CODE     S=.text    G=(none)   M=TypInfo  ACBP=A9
 0001:000004B0 0000002E C=CODE     S=.text    G=(none)   M=SysUtils ACBP=A9
 0001:000004E0 00000006 C=CODE     S=.text    G=(none)   M=Variants ACBP=A9
 0001:000004E8 00000006 C=CODE     S=.text    G=(none)   M=VarUtils ACBP=A9
 0001:000004F0 00000016 C=CODE     S=.text    G=(none)   M=ZClasses ACBP=A9
 0001:00000508 000006EA C=CODE     S=.text    G=(none)   M=ZPlainLoader ACBP=A9
 0001:00000BF4 000002B6 C=CODE     S=.text    G=(none)   M=ZPlainDriver ACBP=A9
 0001:00000EAC 000014BF C=CODE     S=.text    G=(none)   M=ZPlainDbLibSybaseAse125 ACBP=A9
 0001:0000236C 0000171F C=CODE     S=.text    G=(none)   M=ZPlainDbLibMsSql7 ACBP=A9
 0001:00003A8C 00001C6E C=CODE     S=.text    G=(none)   M=ZPlainDbLibDriver ACBP=A9
 0001:000056FC 0000002E C=CODE     S=.text    G=(none)   M=ZPlainFirebirdInterbaseConstants ACBP=A9
 0001:0000572C 00002AFE C=CODE     S=.text    G=(none)   M=ZPlainFirebirdDriver ACBP=A9
 0001:0000822C 000006A6 C=CODE     S=.text    G=(none)   M=ZPlainMySqlConstants ACBP=A9
 0001:000088D4 0000323A C=CODE     S=.text    G=(none)   M=ZPlainMySqlDriver ACBP=A9
 0001:0000BB10 00002BB2 C=CODE     S=.text    G=(none)   M=ZPlainPostgreSqlDriver ACBP=A9
 0001:0000E6C4 0000022A C=CODE     S=.text    G=(none)   M=ZPlainAdoDriver ACBP=A9
 0001:0000E8F0 00000016 C=CODE     S=.text    G=(none)   M=ComObj   ACBP=A9
 0001:0000E908 0000108E C=CODE     S=.text    G=(none)   M=ZPlainAdo ACBP=A9
 0001:0000F998 00000AE7 C=CODE     S=.text    G=(none)   M=ZPlainOracle9i ACBP=A9
 0001:00010480 000017D6 C=CODE     S=.text    G=(none)   M=ZPlainOracleDriver ACBP=A9
 0001:00011C58 00001C76 C=CODE     S=.text    G=(none)   M=ZPlainSqLiteDriver ACBP=A9
 0001:000138D0 000006AB C=CODE     S=.text    G=(none)   M=ZPlainASA7 ACBP=A9
 0001:00013F7C 000006AB C=CODE     S=.text    G=(none)   M=ZPlainASA8 ACBP=A9
 0001:00014628 000006AB C=CODE     S=.text    G=(none)   M=ZPlainASA9 ACBP=A9
 0001:00014CD4 0000266A C=CODE     S=.text    G=(none)   M=ZPlainASADriver ACBP=A9
 0001:00017340 00000187 C=CODE     S=.text    G=(none)   M=.ZPlain  ACBP=A9
 0002:00000000 00000006 C=ICODE    S=.itext   G=(none)   M=System   ACBP=A9
 0002:00000008 00000006 C=ICODE    S=.itext   G=(none)   M=Classes  ACBP=A9
 0002:00000010 00000011 C=ICODE    S=.itext   G=(none)   M=Windows  ACBP=A9
 0002:00000024 00000006 C=ICODE    S=.itext   G=(none)   M=TypInfo  ACBP=A9
 0002:0000002C 00000006 C=ICODE    S=.itext   G=(none)   M=SysUtils ACBP=A9
 0002:00000034 00000006 C=ICODE    S=.itext   G=(none)   M=Variants ACBP=A9
 0002:0000003C 00000006 C=ICODE    S=.itext   G=(none)   M=VarUtils ACBP=A9
 0002:00000044 00000008 C=ICODE    S=.itext   G=(none)   M=ZPlainLoader ACBP=A9
 0002:0000004C 00000008 C=ICODE    S=.itext   G=(none)   M=ZPlainDriver ACBP=A9
 0002:00000054 00000078 C=ICODE    S=.itext   G=(none)   M=ZPlainDbLibSybaseAse125 ACBP=A9
 0002:000000CC 00000078 C=ICODE    S=.itext   G=(none)   M=ZPlainDbLibMsSql7 ACBP=A9
 0002:00000144 00000008 C=ICODE    S=.itext   G=(none)   M=ZPlainDbLibDriver ACBP=A9
 0002:0000014C 00000008 C=ICODE    S=.itext   G=(none)   M=ZPlainFirebirdInterbaseConstants ACBP=A9
 0002:00000154 00000008 C=ICODE    S=.itext   G=(none)   M=ZPlainFirebirdDriver ACBP=A9
 0002:0000015C 00000008 C=ICODE    S=.itext   G=(none)   M=ZPlainMySqlConstants ACBP=A9
 0002:00000164 00000008 C=ICODE    S=.itext   G=(none)   M=ZPlainMySqlDriver ACBP=A9
 0002:0000016C 00000008 C=ICODE    S=.itext   G=(none)   M=ZPlainPostgreSqlDriver ACBP=A9
 0002:00000174 00000008 C=ICODE    S=.itext   G=(none)   M=ZPlainAdoDriver ACBP=A9
 0002:0000017C 00000006 C=ICODE    S=.itext   G=(none)   M=ComObj   ACBP=A9
 0002:00000184 00000008 C=ICODE    S=.itext   G=(none)   M=ZPlainAdo ACBP=A9
 0002:0000018C 0000004C C=ICODE    S=.itext   G=(none)   M=ZPlainOracle9i ACBP=A9
 0002:000001D8 00000008 C=ICODE    S=.itext   G=(none)   M=ZPlainOracleDriver ACBP=A9
 0002:000001E0 00000008 C=ICODE    S=.itext   G=(none)   M=ZPlainSqLiteDriver ACBP=A9
 0002:000001E8 0000005C C=ICODE    S=.itext   G=(none)   M=ZPlainASA7 ACBP=A9
 0002:00000244 0000005C C=ICODE    S=.itext   G=(none)   M=ZPlainASA8 ACBP=A9
 0002:000002A0 0000005C C=ICODE    S=.itext   G=(none)   M=ZPlainASA9 ACBP=A9
 0002:000002FC 00000008 C=ICODE    S=.itext   G=(none)   M=ZPlainASADriver ACBP=A9
 0002:00000304 00000005 C=ICODE    S=.itext   G=(none)   M=.ZPlain  ACBP=A9
 0003:00000000 0000002C C=DATA     S=.data    G=DGROUP   M=SysInit  ACBP=A9
 0003:0000002C 00000008 C=DATA     S=.data    G=DGROUP   M=ZPlainDbLibSybaseAse125 ACBP=A9
 0003:00000034 00000008 C=DATA     S=.data    G=DGROUP   M=ZPlainDbLibMsSql7 ACBP=A9
 0003:0000003C 00000018 C=DATA     S=.data    G=DGROUP   M=ZPlainMySqlConstants ACBP=A9
 0003:00000054 000002B0 C=DATA     S=.data    G=DGROUP   M=ZPlainAdo ACBP=A9
 0004:00000000 0000000C C=BSS      S=.bss     G=DGROUP   M=SysInit  ACBP=A9
 0004:0000000C 00000008 C=BSS      S=.bss     G=DGROUP   M=Windows  ACBP=A9
 0004:00000014 00000004 C=BSS      S=.bss     G=DGROUP   M=ZPlainLoader ACBP=A9
 0004:00000018 00000004 C=BSS      S=.bss     G=DGROUP   M=ZPlainDriver ACBP=A9
 0004:0000001C 00000244 C=BSS      S=.bss     G=DGROUP   M=ZPlainDbLibSybaseAse125 ACBP=A9
 0004:00000260 00000284 C=BSS      S=.bss     G=DGROUP   M=ZPlainDbLibMsSql7 ACBP=A9
 0004:000004E4 00000004 C=BSS      S=.bss     G=DGROUP   M=ZPlainDbLibDriver ACBP=A9
 0004:000004E8 00000004 C=BSS      S=.bss     G=DGROUP   M=ZPlainFirebirdInterbaseConstants ACBP=A9
 0004:000004EC 00000004 C=BSS      S=.bss     G=DGROUP   M=ZPlainFirebirdDriver ACBP=A9
 0004:000004F0 00000004 C=BSS      S=.bss     G=DGROUP   M=ZPlainMySqlConstants ACBP=A9
 0004:000004F4 00000004 C=BSS      S=.bss     G=DGROUP   M=ZPlainMySqlDriver ACBP=A9
 0004:000004F8 00000004 C=BSS      S=.bss     G=DGROUP   M=ZPlainPostgreSqlDriver ACBP=A9
 0004:000004FC 00000004 C=BSS      S=.bss     G=DGROUP   M=ZPlainAdoDriver ACBP=A9
 0004:00000500 00000004 C=BSS      S=.bss     G=DGROUP   M=ZPlainAdo ACBP=A9
 0004:00000504 00000128 C=BSS      S=.bss     G=DGROUP   M=ZPlainOracle9i ACBP=A9
 0004:0000062C 00000004 C=BSS      S=.bss     G=DGROUP   M=ZPlainOracleDriver ACBP=A9
 0004:00000630 00000004 C=BSS      S=.bss     G=DGROUP   M=ZPlainSqLiteDriver ACBP=A9
 0004:00000634 000000B4 C=BSS      S=.bss     G=DGROUP   M=ZPlainASA7 ACBP=A9
 0004:000006E8 000000B4 C=BSS      S=.bss     G=DGROUP   M=ZPlainASA8 ACBP=A9
 0004:0000079C 000000B4 C=BSS      S=.bss     G=DGROUP   M=ZPlainASA9 ACBP=A9
 0004:00000850 00000004 C=BSS      S=.bss     G=DGROUP   M=ZPlainASADriver ACBP=A9


  Address             Publics by Name

 0002:00000304       .ZPlain..ZPlain
 0001:000174A8       .ZPlain.@GetPackageInfoTable
 0001:000174B0       .ZPlain.@PackageLoad
 0001:000174BC       .ZPlain.@PackageUnload
 0002:00000008       Classes.Classes
 0001:00000444       Classes.Finalization
 0001:0000040C       Classes.TList.Add
 0001:00000414       Classes.TList.Delete
 0001:0000041C       Classes.TList.Get
 0001:0000043C       Classes.TStringList.Create
 0001:00000424       Classes.TStrings.GetName
 0001:0000042C       Classes.TStrings.GetValue
 0001:00000434       Classes.TStrings.GetValueFromIndex
 0002:0000017C       ComObj.ComObj
 0001:0000E8F0       ComObj.CreateComObject
 0001:0000E8F8       ComObj.CreateRemoteComObject
 0001:0000E900       ComObj.Finalization
 0001:00000390       SysInit.@InitPkg
 0001:000003F4       SysInit.@PackageLoad
 0001:00000400       SysInit.@PackageUnload
 0001:00000280       SysInit.AllocTlsBuffer
 0001:0000033C       SysInit.ExitProcessTLS
 0001:00000304       SysInit.ExitThreadTLS
 0001:00000248       SysInit.FreeLibrary
 0001:0000028C       SysInit.GetTlsSize
 0004:00000004       SysInit.HInstance
 0001:00000360       SysInit.InitializeModule
 0001:000002D8       SysInit.InitProcessTLS
 0001:00000294       SysInit.InitThreadTLS
 0001:00000250       SysInit.LocalAlloc
 0001:00000258       SysInit.LocalFree
 0003:00000004       SysInit.Module
 0004:00000000       SysInit.ModuleIsLib
 0004:00000001       SysInit.ModuleIsPackage
 0001:00000260       SysInit.TlsAlloc
 0004:00000008       SysInit.tlsBuffer
 0001:00000268       SysInit.TlsFree
 0001:00000270       SysInit.TlsGetValue
 0003:00000000       SysInit.TlsIndex
 0005:00000000       SysInit.TlsLast
 0003:0000001C       SysInit.TlsProc
 0001:00000278       SysInit.TlsSetValue
 0001:0000036C       SysInit.UninitializeModule
 0001:00000020       System.@AbstractError
 0001:000001B0       System.@AddRefArray
 0001:000000B0       System.@AfterConstruction
 0001:000000B8       System.@BeforeDestruction
 0001:00000028       System.@BoundErr
 0001:000000A0       System.@ClassCreate
 0001:000000A8       System.@ClassDestroy
 0001:000001C0       System.@Dispose
 0001:000001D0       System.@DynArrayHigh
 0001:000001C8       System.@DynArrayLength
 0001:000001D8       System.@DynArraySetLength
 0001:000000F8       System.@EnsureAnsiString
 0001:000001A8       System.@FinalizeArray
 0001:00000008       System.@FreeMem
 0001:000000C0       System.@HandleFinally
 0001:000001F8       System.@IntfCast
 0001:000001F0       System.@IntfClear
 0001:00000030       System.@IntOver
 0001:00000118       System.@LStrAddRef
 0001:000000F0       System.@LStrAsg
 0001:00000110       System.@LStrCatN
 0001:000000E8       System.@LStrClr
 0001:00000100       System.@LStrFromPChar
 0001:00000180       System.@LStrFromUStr
 0001:00000108       System.@LStrLen
 0001:00000130       System.@LStrSetLength
 0001:00000120       System.@LStrToPChar
 0001:000001B8       System.@New
 0001:000000D0       System.@PackageLoad
 0001:000000D8       System.@PackageUnload
 0001:000000C8       System.@RaiseExcept
 0001:000000E0       System.@RunError
 0001:00000128       System.@UniqueStringA
 0001:00000140       System.@UStrAddRef
 0001:00000150       System.@UStrArrayClr
 0001:00000158       System.@UStrAsg
 0001:00000190       System.@UStrCatN
 0001:00000148       System.@UStrClr
 0001:00000198       System.@UStrCmp
 0001:000001A0       System.@UStrCopy
 0001:00000178       System.@UStrFromLStr
 0001:00000170       System.@UStrFromPChar
 0001:00000160       System.@UStrLAsg
 0001:00000168       System.@UStrToPWChar
 0001:00000138       System.@WStrClr
 0001:00000188       System.@WStrFromUStr
 0001:00000000       System.AllocMem
 0001:00000230       System.AnsiToUtf8
 0001:00000240       System.Finalization
 0001:00000238       System.LoadResString
 0001:00000010       System.Move
 0001:00000018       System.ParamStr
 0001:000001E0       System.RegisterModule
 0002:00000000       System.System
 0001:00000200       System.TInterfacedObject.AfterConstruction
 0001:00000208       System.TInterfacedObject.BeforeDestruction
 0001:00000210       System.TInterfacedObject.NewInstance
 0001:00000218       System.TInterfacedObject.QueryInterface
 0001:00000220       System.TInterfacedObject._AddRef
 0001:00000228       System.TInterfacedObject._Release
 0001:00000088       System.TObject.AfterConstruction
 0001:00000090       System.TObject.BeforeDestruction
 0001:00000048       System.TObject.Create
 0001:00000080       System.TObject.DefaultHandler
 0001:00000050       System.TObject.Destroy
 0001:00000098       System.TObject.Dispatch
 0001:00000060       System.TObject.Equals
 0001:00000058       System.TObject.Free
 0001:00000040       System.TObject.FreeInstance
 0001:00000068       System.TObject.GetHashCode
 0001:00000038       System.TObject.NewInstance
 0001:00000070       System.TObject.SafeCallException
 0001:00000078       System.TObject.ToString
 0001:000001E8       System.UnregisterModule
 0001:000004D0       SysUtils.Exception.Create
 0001:000004D8       SysUtils.Finalization
 0001:000004C8       SysUtils.Format
 0001:000004B0       SysUtils.SameText
 0001:000004B8       SysUtils.StrCopy
 0001:000004C0       SysUtils.StrNew
 0002:0000002C       SysUtils.SysUtils
 0001:000004A8       TypInfo.Finalization
 0002:00000024       TypInfo.TypInfo
 0001:000004E0       Variants.Finalization
 0002:00000034       Variants.Variants
 0001:000004E8       VarUtils.Finalization
 0002:0000003C       VarUtils.VarUtils
 0004:0000000C       Windows..2
 0001:00000464       Windows.Finalization
 0001:0000044C       Windows.FreeLibrary
 0001:00000454       Windows.GetProcAddress
 0004:00000010       Windows.HtmlHelpModule
 0001:0000045C       Windows.LoadLibrary
 0002:00000010       Windows.Windows
 0001:000004F8       ZClasses.TZAbstractObject.Clone
 0001:000004F0       ZClasses.TZAbstractObject.Equals
 0001:00000500       ZClasses.TZAbstractObject.ToString
 0004:00000500       ZPlainAdo..7
 0001:0000F1DC       ZPlainAdo..CoCommand
 0001:0000F038       ZPlainAdo..CoConnection
 0001:0000F2F4       ZPlainAdo..CoParameter
 0001:0000F268       ZPlainAdo..CoRecordset
 0001:0000F0C8       ZPlainAdo..CoRecord_
 0001:0000F154       ZPlainAdo..CoStream
 0003:000002B4       ZPlainAdo.CLASS_Command
 0003:00000234       ZPlainAdo.CLASS_Connection
 0003:000002F4       ZPlainAdo.CLASS_Parameter
 0003:000002C4       ZPlainAdo.CLASS_Recordset
 0003:00000254       ZPlainAdo.CLASS_Record_
 0003:00000274       ZPlainAdo.CLASS_Stream
 0001:0000F674       ZPlainAdo.CoCommand.Create
 0001:0000F6E4       ZPlainAdo.CoCommand.CreateRemote
 0001:0000F380       ZPlainAdo.CoConnection.Create
 0001:0000F3F0       ZPlainAdo.CoConnection.CreateRemote
 0001:0000F86C       ZPlainAdo.CoParameter.Create
 0001:0000F8DC       ZPlainAdo.CoParameter.CreateRemote
 0001:0000F770       ZPlainAdo.CoRecordset.Create
 0001:0000F7E0       ZPlainAdo.CoRecordset.CreateRemote
 0001:0000F47C       ZPlainAdo.CoRecord_.Create
 0001:0000F4EC       ZPlainAdo.CoRecord_.CreateRemote
 0001:0000F578       ZPlainAdo.CoStream.Create
 0001:0000F5E8       ZPlainAdo.CoStream.CreateRemote
 0003:000001F4       ZPlainAdo.DIID_ConnectionEvents
 0003:00000204       ZPlainAdo.DIID_RecordsetEvents
 0001:0000F968       ZPlainAdo.Finalization
 0003:000002A4       ZPlainAdo.IID_ADOCommandConstruction
 0003:00000224       ZPlainAdo.IID_ADOConnectionConstruction
 0003:00000214       ZPlainAdo.IID_ADOConnectionConstruction15
 0003:00000284       ZPlainAdo.IID_ADORecordConstruction
 0003:000002D4       ZPlainAdo.IID_ADORecordsetConstruction
 0003:00000294       ZPlainAdo.IID_ADOStreamConstruction
 0003:000000D4       ZPlainAdo.IID_Command15
 0003:000001B4       ZPlainAdo.IID_Command25
 0003:000000E4       ZPlainAdo.IID_Connection15
 0003:000001D4       ZPlainAdo.IID_ConnectionEventsVt
 0003:000000B4       ZPlainAdo.IID_Error
 0003:000000C4       ZPlainAdo.IID_Errors
 0003:00000184       ZPlainAdo.IID_Field
 0003:000002E4       ZPlainAdo.IID_Field15
 0003:00000174       ZPlainAdo.IID_Field20
 0003:00000164       ZPlainAdo.IID_Fields
 0003:00000144       ZPlainAdo.IID_Fields15
 0003:00000154       ZPlainAdo.IID_Fields20
 0003:000001A4       ZPlainAdo.IID_Parameters
 0003:00000094       ZPlainAdo.IID_Properties
 0003:000000A4       ZPlainAdo.IID_Property_
 0003:00000104       ZPlainAdo.IID_Recordset15
 0003:00000114       ZPlainAdo.IID_Recordset20
 0003:00000124       ZPlainAdo.IID_Recordset21
 0003:000001E4       ZPlainAdo.IID_RecordsetEventsVt
 0003:00000084       ZPlainAdo.IID__ADO
 0003:00000064       ZPlainAdo.IID__Collection
 0003:000001C4       ZPlainAdo.IID__Command
 0003:000000F4       ZPlainAdo.IID__Connection
 0003:00000074       ZPlainAdo.IID__DynaCollection
 0003:00000194       ZPlainAdo.IID__Parameter
 0003:00000244       ZPlainAdo.IID__Record
 0003:00000134       ZPlainAdo.IID__Recordset
 0003:00000264       ZPlainAdo.IID__Stream
 0003:00000054       ZPlainAdo.LIBID_ADODB
 0002:00000184       ZPlainAdo.ZPlainAdo
 0004:000004FC       ZPlainAdoDriver..2
 0001:0000E734       ZPlainAdoDriver..TZAdoPlainDriver
 0001:0000E8C0       ZPlainAdoDriver.Finalization
 0001:0000E7DC       ZPlainAdoDriver.TZAdoPlainDriver.Create
 0001:0000E848       ZPlainAdoDriver.TZAdoPlainDriver.GetDescription
 0001:0000E814       ZPlainAdoDriver.TZAdoPlainDriver.GetProtocol
 0001:0000E8B4       ZPlainAdoDriver.TZAdoPlainDriver.Initialize
 0002:00000174       ZPlainAdoDriver.ZPlainAdoDriver
 0004:000006E4       ZPlainASA7..1
 0001:000138D0       ZPlainASA7..TZASANativeLibraryLoader
 0004:0000065C       ZPlainASA7.alloc_sqlda
 0004:00000690       ZPlainASA7.dbpp_close
 0004:000006B8       ZPlainASA7.dbpp_commit
 0004:00000698       ZPlainASA7.dbpp_declare
 0004:000006A4       ZPlainASA7.dbpp_delete
 0004:000006A0       ZPlainASA7.dbpp_describe
 0004:00000678       ZPlainASA7.dbpp_describe_cursor
 0004:0000067C       ZPlainASA7.dbpp_disconnect
 0004:0000069C       ZPlainASA7.dbpp_dropstmt
 0004:000006AC       ZPlainASA7.dbpp_execute_imm
 0004:000006C0       ZPlainASA7.dbpp_execute_into
 0004:000006C8       ZPlainASA7.dbpp_explain
 0004:00000694       ZPlainASA7.dbpp_fetch
 0004:000006D4       ZPlainASA7.dbpp_fetch_array
 0004:000006C4       ZPlainASA7.dbpp_get_data
 0004:0000068C       ZPlainASA7.dbpp_open
 0004:00000684       ZPlainASA7.dbpp_prepare_describe
 0004:00000680       ZPlainASA7.dbpp_prepare_into
 0004:000006B4       ZPlainASA7.dbpp_put_array
 0004:000006B0       ZPlainASA7.dbpp_put_into
 0004:000006D8       ZPlainASA7.dbpp_resume
 0004:000006BC       ZPlainASA7.dbpp_rollback
 0004:00000688       ZPlainASA7.dbpp_select
 0004:00000674       ZPlainASA7.dbpp_setConnect
 0004:000006D0       ZPlainASA7.dbpp_setoption
 0004:000006A8       ZPlainASA7.dbpp_update
 0004:000006DC       ZPlainASA7.db_cancel_request
 0004:00000648       ZPlainASA7.db_find_engine
 0004:0000063C       ZPlainASA7.db_fini
 0004:00000638       ZPlainASA7.db_init
 0004:000006CC       ZPlainASA7.db_register_a_callback
 0004:00000654       ZPlainASA7.db_start_database
 0004:0000064C       ZPlainASA7.db_start_engine
 0004:00000658       ZPlainASA7.db_stop_database
 0004:00000650       ZPlainASA7.db_stop_engine
 0004:00000640       ZPlainASA7.db_string_connect
 0004:00000644       ZPlainASA7.db_string_disconnect
 0004:00000668       ZPlainASA7.fill_sqlda
 0004:00000670       ZPlainASA7.fill_s_sqlda
 0001:00013F38       ZPlainASA7.Finalization
 0004:0000066C       ZPlainASA7.free_filled_sqlda
 0004:00000660       ZPlainASA7.free_sqlda
 0004:00000664       ZPlainASA7.free_sqlda_noind
 0004:000006E0       ZPlainASA7.LibraryLoader
 0004:00000634       ZPlainASA7.sqlerror_message
 0001:00013954       ZPlainASA7.TZASANativeLibraryLoader.Load
 0002:000001E8       ZPlainASA7.ZPlainASA7
 0004:00000798       ZPlainASA8..1
 0001:00013F7C       ZPlainASA8..TZASANativeLibraryLoader
 0004:00000710       ZPlainASA8.alloc_sqlda
 0004:00000744       ZPlainASA8.dbpp_close
 0004:0000076C       ZPlainASA8.dbpp_commit
 0004:0000074C       ZPlainASA8.dbpp_declare
 0004:00000758       ZPlainASA8.dbpp_delete
 0004:00000754       ZPlainASA8.dbpp_describe
 0004:0000072C       ZPlainASA8.dbpp_describe_cursor
 0004:00000730       ZPlainASA8.dbpp_disconnect
 0004:00000750       ZPlainASA8.dbpp_dropstmt
 0004:00000760       ZPlainASA8.dbpp_execute_imm
 0004:00000774       ZPlainASA8.dbpp_execute_into
 0004:0000077C       ZPlainASA8.dbpp_explain
 0004:00000748       ZPlainASA8.dbpp_fetch
 0004:00000788       ZPlainASA8.dbpp_fetch_array
 0004:00000778       ZPlainASA8.dbpp_get_data
 0004:00000740       ZPlainASA8.dbpp_open
 0004:00000738       ZPlainASA8.dbpp_prepare_describe
 0004:00000734       ZPlainASA8.dbpp_prepare_into
 0004:00000768       ZPlainASA8.dbpp_put_array
 0004:00000764       ZPlainASA8.dbpp_put_into
 0004:0000078C       ZPlainASA8.dbpp_resume
 0004:00000770       ZPlainASA8.dbpp_rollback
 0004:0000073C       ZPlainASA8.dbpp_select
 0004:00000728       ZPlainASA8.dbpp_setConnect
 0004:00000784       ZPlainASA8.dbpp_setoption
 0004:0000075C       ZPlainASA8.dbpp_update
 0004:00000790       ZPlainASA8.db_cancel_request
 0004:0000070C       ZPlainASA8.db_find_engine
 0004:000006F0       ZPlainASA8.db_fini
 0004:000006EC       ZPlainASA8.db_init
 0004:00000780       ZPlainASA8.db_register_a_callback
 0004:00000704       ZPlainASA8.db_start_database
 0004:000006FC       ZPlainASA8.db_start_engine
 0004:00000708       ZPlainASA8.db_stop_database
 0004:00000700       ZPlainASA8.db_stop_engine
 0004:000006F4       ZPlainASA8.db_string_connect
 0004:000006F8       ZPlainASA8.db_string_disconnect
 0004:00000720       ZPlainASA8.fill_sqlda
 0004:00000724       ZPlainASA8.fill_s_sqlda
 0001:000145E4       ZPlainASA8.Finalization
 0004:0000071C       ZPlainASA8.free_filled_sqlda
 0004:00000714       ZPlainASA8.free_sqlda
 0004:00000718       ZPlainASA8.free_sqlda_noind
 0004:00000794       ZPlainASA8.LibraryLoader
 0004:000006E8       ZPlainASA8.sqlerror_message
 0001:00014000       ZPlainASA8.TZASANativeLibraryLoader.Load
 0002:00000244       ZPlainASA8.ZPlainASA8
 0004:0000084C       ZPlainASA9..1
 0001:00014628       ZPlainASA9..TZASANativeLibraryLoader
 0004:000007C4       ZPlainASA9.alloc_sqlda
 0004:000007F8       ZPlainASA9.dbpp_close
 0004:00000820       ZPlainASA9.dbpp_commit
 0004:00000800       ZPlainASA9.dbpp_declare
 0004:0000080C       ZPlainASA9.dbpp_delete
 0004:00000808       ZPlainASA9.dbpp_describe
 0004:000007E0       ZPlainASA9.dbpp_describe_cursor
 0004:000007E4       ZPlainASA9.dbpp_disconnect
 0004:00000804       ZPlainASA9.dbpp_dropstmt
 0004:00000814       ZPlainASA9.dbpp_execute_imm
 0004:00000828       ZPlainASA9.dbpp_execute_into
 0004:00000830       ZPlainASA9.dbpp_explain
 0004:000007FC       ZPlainASA9.dbpp_fetch
 0004:0000083C       ZPlainASA9.dbpp_fetch_array
 0004:0000082C       ZPlainASA9.dbpp_get_data
 0004:000007F4       ZPlainASA9.dbpp_open
 0004:000007EC       ZPlainASA9.dbpp_prepare_describe
 0004:000007E8       ZPlainASA9.dbpp_prepare_into
 0004:0000081C       ZPlainASA9.dbpp_put_array
 0004:00000818       ZPlainASA9.dbpp_put_into
 0004:00000840       ZPlainASA9.dbpp_resume
 0004:00000824       ZPlainASA9.dbpp_rollback
 0004:000007F0       ZPlainASA9.dbpp_select
 0004:000007DC       ZPlainASA9.dbpp_setConnect
 0004:00000838       ZPlainASA9.dbpp_setoption
 0004:00000810       ZPlainASA9.dbpp_update
 0004:00000844       ZPlainASA9.db_cancel_request
 0004:000007B0       ZPlainASA9.db_find_engine
 0004:000007A4       ZPlainASA9.db_fini
 0004:000007A0       ZPlainASA9.db_init
 0004:00000834       ZPlainASA9.db_register_a_callback
 0004:000007BC       ZPlainASA9.db_start_database
 0004:000007B4       ZPlainASA9.db_start_engine
 0004:000007C0       ZPlainASA9.db_stop_database
 0004:000007B8       ZPlainASA9.db_stop_engine
 0004:000007A8       ZPlainASA9.db_string_connect
 0004:000007AC       ZPlainASA9.db_string_disconnect
 0004:000007D0       ZPlainASA9.fill_sqlda
 0004:000007D8       ZPlainASA9.fill_s_sqlda
 0001:00014C90       ZPlainASA9.Finalization
 0004:000007D4       ZPlainASA9.free_filled_sqlda
 0004:000007C8       ZPlainASA9.free_sqlda
 0004:000007CC       ZPlainASA9.free_sqlda_noind
 0004:00000848       ZPlainASA9.LibraryLoader
 0004:0000079C       ZPlainASA9.sqlerror_message
 0001:000146AC       ZPlainASA9.TZASANativeLibraryLoader.Load
 0002:000002A0       ZPlainASA9.ZPlainASA9
 0004:00000850       ZPlainASADriver..4
 0001:00015130       ZPlainASADriver..TZASA7PlainDriver
 0001:000154C4       ZPlainASADriver..TZASA8PlainDriver
 0001:00015858       ZPlainASADriver..TZASA9PlainDriver
 0001:00017310       ZPlainASADriver.Finalization
 0001:00015900       ZPlainASADriver.TZASA7PlainDriver.Create
 0001:00015BC0       ZPlainASADriver.TZASA7PlainDriver.db_alloc_sqlda
 0001:00016190       ZPlainASADriver.TZASA7PlainDriver.db_cancel_request
 0001:00015EA0       ZPlainASADriver.TZASA7PlainDriver.db_close
 0001:000160CC       ZPlainASADriver.TZASA7PlainDriver.db_commit
 0001:00015DBC       ZPlainASADriver.TZASA7PlainDriver.db_declare
 0001:00015F80       ZPlainASADriver.TZASA7PlainDriver.db_delete
 0001:00015DF4       ZPlainASADriver.TZASA7PlainDriver.db_describe
 0001:00015D10       ZPlainASADriver.TZASA7PlainDriver.db_describe_cursor
 0001:00015CB8       ZPlainASADriver.TZASA7PlainDriver.db_disconnect
 0001:00015E2C       ZPlainASADriver.TZASA7PlainDriver.db_dropstmt
 0001:000160A4       ZPlainASADriver.TZASA7PlainDriver.db_execute_imm
 0001:0001606C       ZPlainASADriver.TZASA7PlainDriver.db_execute_into
 0001:00016114       ZPlainASADriver.TZASA7PlainDriver.db_explain
 0001:00015EC4       ZPlainASADriver.TZASA7PlainDriver.db_fetch
 0001:00015F04       ZPlainASADriver.TZASA7PlainDriver.db_fetch_array
 0001:00015BE4       ZPlainASADriver.TZASA7PlainDriver.db_fill_sqlda
 0001:00015C08       ZPlainASADriver.TZASA7PlainDriver.db_fill_s_sqlda
 0001:00015AD8       ZPlainASADriver.TZASA7PlainDriver.db_find_engine
 0001:00015A54       ZPlainASADriver.TZASA7PlainDriver.db_fini
 0001:00015C74       ZPlainASADriver.TZASA7PlainDriver.db_free_filled_sqlda
 0001:00015C34       ZPlainASADriver.TZASA7PlainDriver.db_free_sqlda
 0001:00015C54       ZPlainASADriver.TZASA7PlainDriver.db_free_sqlda_noind
 0001:00015F48       ZPlainASADriver.TZASA7PlainDriver.db_get_data
 0001:00015A30       ZPlainASADriver.TZASA7PlainDriver.db_init
 0001:00015E5C       ZPlainASADriver.TZASA7PlainDriver.db_open
 0001:00015D7C       ZPlainASADriver.TZASA7PlainDriver.db_prepare_describe
 0001:00015D40       ZPlainASADriver.TZASA7PlainDriver.db_prepare_into
 0001:00016004       ZPlainASADriver.TZASA7PlainDriver.db_put_array
 0001:00015FD4       ZPlainASADriver.TZASA7PlainDriver.db_put_into
 0001:00016140       ZPlainASADriver.TZASA7PlainDriver.db_register_callback
 0001:0001616C       ZPlainASADriver.TZASA7PlainDriver.db_resume
 0001:000160F0       ZPlainASADriver.TZASA7PlainDriver.db_rollback
 0001:00016038       ZPlainASADriver.TZASA7PlainDriver.db_select
 0001:00015C94       ZPlainASADriver.TZASA7PlainDriver.db_setconnect
 0001:00015CDC       ZPlainASADriver.TZASA7PlainDriver.db_setoption
 0001:00015B68       ZPlainASADriver.TZASA7PlainDriver.db_start_database
 0001:00015B10       ZPlainASADriver.TZASA7PlainDriver.db_start_engine
 0001:00015B94       ZPlainASADriver.TZASA7PlainDriver.db_stop_database
 0001:00015B3C       ZPlainASADriver.TZASA7PlainDriver.db_stop_engine
 0001:00015A78       ZPlainASADriver.TZASA7PlainDriver.db_string_connect
 0001:00015AAC       ZPlainASADriver.TZASA7PlainDriver.db_string_disconnect
 0001:00015FA8       ZPlainASADriver.TZASA7PlainDriver.db_update
 0001:00015970       ZPlainASADriver.TZASA7PlainDriver.GetDescription
 0001:00015938       ZPlainASADriver.TZASA7PlainDriver.GetProtocol
 0001:000159E8       ZPlainASADriver.TZASA7PlainDriver.Initialize
 0001:00015A00       ZPlainASADriver.TZASA7PlainDriver.sqlerror_message
 0001:000161B4       ZPlainASADriver.TZASA8PlainDriver.Create
 0001:00016468       ZPlainASADriver.TZASA8PlainDriver.db_alloc_sqlda
 0001:00016A38       ZPlainASADriver.TZASA8PlainDriver.db_cancel_request
 0001:00016748       ZPlainASADriver.TZASA8PlainDriver.db_close
 0001:00016974       ZPlainASADriver.TZASA8PlainDriver.db_commit
 0001:00016664       ZPlainASADriver.TZASA8PlainDriver.db_declare
 0001:00016828       ZPlainASADriver.TZASA8PlainDriver.db_delete
 0001:0001669C       ZPlainASADriver.TZASA8PlainDriver.db_describe
 0001:000165B8       ZPlainASADriver.TZASA8PlainDriver.db_describe_cursor
 0001:00016560       ZPlainASADriver.TZASA8PlainDriver.db_disconnect
 0001:000166D4       ZPlainASADriver.TZASA8PlainDriver.db_dropstmt
 0001:0001694C       ZPlainASADriver.TZASA8PlainDriver.db_execute_imm
 0001:00016914       ZPlainASADriver.TZASA8PlainDriver.db_execute_into
 0001:000169BC       ZPlainASADriver.TZASA8PlainDriver.db_explain
 0001:0001676C       ZPlainASADriver.TZASA8PlainDriver.db_fetch
 0001:000167AC       ZPlainASADriver.TZASA8PlainDriver.db_fetch_array
 0001:0001648C       ZPlainASADriver.TZASA8PlainDriver.db_fill_sqlda
 0001:000164B0       ZPlainASADriver.TZASA8PlainDriver.db_fill_s_sqlda
 0001:0001638C       ZPlainASADriver.TZASA8PlainDriver.db_find_engine
 0001:00016308       ZPlainASADriver.TZASA8PlainDriver.db_fini
 0001:0001651C       ZPlainASADriver.TZASA8PlainDriver.db_free_filled_sqlda
 0001:000164DC       ZPlainASADriver.TZASA8PlainDriver.db_free_sqlda
 0001:000164FC       ZPlainASADriver.TZASA8PlainDriver.db_free_sqlda_noind
 0001:000167F0       ZPlainASADriver.TZASA8PlainDriver.db_get_data
 0001:000162E4       ZPlainASADriver.TZASA8PlainDriver.db_init
 0001:00016704       ZPlainASADriver.TZASA8PlainDriver.db_open
 0001:00016624       ZPlainASADriver.TZASA8PlainDriver.db_prepare_describe
 0001:000165E8       ZPlainASADriver.TZASA8PlainDriver.db_prepare_into
 0001:000168AC       ZPlainASADriver.TZASA8PlainDriver.db_put_array
 0001:0001687C       ZPlainASADriver.TZASA8PlainDriver.db_put_into
 0001:000169E8       ZPlainASADriver.TZASA8PlainDriver.db_register_callback
 0001:00016A14       ZPlainASADriver.TZASA8PlainDriver.db_resume
 0001:00016998       ZPlainASADriver.TZASA8PlainDriver.db_rollback
 0001:000168E0       ZPlainASADriver.TZASA8PlainDriver.db_select
 0001:0001653C       ZPlainASADriver.TZASA8PlainDriver.db_setconnect
 0001:00016584       ZPlainASADriver.TZASA8PlainDriver.db_setoption
 0001:00016410       ZPlainASADriver.TZASA8PlainDriver.db_start_database
 0001:000163B8       ZPlainASADriver.TZASA8PlainDriver.db_start_engine
 0001:0001643C       ZPlainASADriver.TZASA8PlainDriver.db_stop_database
 0001:000163E4       ZPlainASADriver.TZASA8PlainDriver.db_stop_engine
 0001:0001632C       ZPlainASADriver.TZASA8PlainDriver.db_string_connect
 0001:00016360       ZPlainASADriver.TZASA8PlainDriver.db_string_disconnect
 0001:00016850       ZPlainASADriver.TZASA8PlainDriver.db_update
 0001:00016224       ZPlainASADriver.TZASA8PlainDriver.GetDescription
 0001:000161EC       ZPlainASADriver.TZASA8PlainDriver.GetProtocol
 0001:0001629C       ZPlainASADriver.TZASA8PlainDriver.Initialize
 0001:000162B4       ZPlainASADriver.TZASA8PlainDriver.sqlerror_message
 0001:00016A5C       ZPlainASADriver.TZASA9PlainDriver.Create
 0001:00016D1C       ZPlainASADriver.TZASA9PlainDriver.db_alloc_sqlda
 0001:000172EC       ZPlainASADriver.TZASA9PlainDriver.db_cancel_request
 0001:00016FFC       ZPlainASADriver.TZASA9PlainDriver.db_close
 0001:00017228       ZPlainASADriver.TZASA9PlainDriver.db_commit
 0001:00016F18       ZPlainASADriver.TZASA9PlainDriver.db_declare
 0001:000170DC       ZPlainASADriver.TZASA9PlainDriver.db_delete
 0001:00016F50       ZPlainASADriver.TZASA9PlainDriver.db_describe
 0001:00016E6C       ZPlainASADriver.TZASA9PlainDriver.db_describe_cursor
 0001:00016E14       ZPlainASADriver.TZASA9PlainDriver.db_disconnect
 0001:00016F88       ZPlainASADriver.TZASA9PlainDriver.db_dropstmt
 0001:00017200       ZPlainASADriver.TZASA9PlainDriver.db_execute_imm
 0001:000171C8       ZPlainASADriver.TZASA9PlainDriver.db_execute_into
 0001:00017270       ZPlainASADriver.TZASA9PlainDriver.db_explain
 0001:00017020       ZPlainASADriver.TZASA9PlainDriver.db_fetch
 0001:00017060       ZPlainASADriver.TZASA9PlainDriver.db_fetch_array
 0001:00016D40       ZPlainASADriver.TZASA9PlainDriver.db_fill_sqlda
 0001:00016D64       ZPlainASADriver.TZASA9PlainDriver.db_fill_s_sqlda
 0001:00016C34       ZPlainASADriver.TZASA9PlainDriver.db_find_engine
 0001:00016BB0       ZPlainASADriver.TZASA9PlainDriver.db_fini
 0001:00016DD0       ZPlainASADriver.TZASA9PlainDriver.db_free_filled_sqlda
 0001:00016D90       ZPlainASADriver.TZASA9PlainDriver.db_free_sqlda
 0001:00016DB0       ZPlainASADriver.TZASA9PlainDriver.db_free_sqlda_noind
 0001:000170A4       ZPlainASADriver.TZASA9PlainDriver.db_get_data
 0001:00016B8C       ZPlainASADriver.TZASA9PlainDriver.db_init
 0001:00016FB8       ZPlainASADriver.TZASA9PlainDriver.db_open
 0001:00016ED8       ZPlainASADriver.TZASA9PlainDriver.db_prepare_describe
 0001:00016E9C       ZPlainASADriver.TZASA9PlainDriver.db_prepare_into
 0001:00017160       ZPlainASADriver.TZASA9PlainDriver.db_put_array
 0001:00017130       ZPlainASADriver.TZASA9PlainDriver.db_put_into
 0001:0001729C       ZPlainASADriver.TZASA9PlainDriver.db_register_callback
 0001:000172C8       ZPlainASADriver.TZASA9PlainDriver.db_resume
 0001:0001724C       ZPlainASADriver.TZASA9PlainDriver.db_rollback
 0001:00017194       ZPlainASADriver.TZASA9PlainDriver.db_select
 0001:00016DF0       ZPlainASADriver.TZASA9PlainDriver.db_setconnect
 0001:00016E38       ZPlainASADriver.TZASA9PlainDriver.db_setoption
 0001:00016CC4       ZPlainASADriver.TZASA9PlainDriver.db_start_database
 0001:00016C6C       ZPlainASADriver.TZASA9PlainDriver.db_start_engine
 0001:00016CF0       ZPlainASADriver.TZASA9PlainDriver.db_stop_database
 0001:00016C98       ZPlainASADriver.TZASA9PlainDriver.db_stop_engine
 0001:00016BD4       ZPlainASADriver.TZASA9PlainDriver.db_string_connect
 0001:00016C08       ZPlainASADriver.TZASA9PlainDriver.db_string_disconnect
 0001:00017104       ZPlainASADriver.TZASA9PlainDriver.db_update
 0001:00016ACC       ZPlainASADriver.TZASA9PlainDriver.GetDescription
 0001:00016A94       ZPlainASADriver.TZASA9PlainDriver.GetProtocol
 0001:00016B44       ZPlainASADriver.TZASA9PlainDriver.Initialize
 0001:00016B5C       ZPlainASADriver.TZASA9PlainDriver.sqlerror_message
 0002:000002FC       ZPlainASADriver.ZPlainASADriver
 0004:000004E4       ZPlainDbLibDriver..3
 0001:0000415C       ZPlainDbLibDriver..TZDBLibMSSQL7PlainDriver
 0001:00003DE4       ZPlainDbLibDriver..TZDBLibSybaseASE125PlainDriver
 0001:000056CC       ZPlainDbLibDriver.Finalization
 0001:00004D5C       ZPlainDbLibDriver.TZDBLibMSSQL7PlainDriver.CheckError
 0001:00004C64       ZPlainDbLibDriver.TZDBLibMSSQL7PlainDriver.Create
 0001:00005178       ZPlainDbLibDriver.TZDBLibMSSQL7PlainDriver.dbCancel
 0001:00005214       ZPlainDbLibDriver.TZDBLibMSSQL7PlainDriver.dbCanQuery
 0001:000052C0       ZPlainDbLibDriver.TZDBLibMSSQL7PlainDriver.dbClose
 0001:0000519C       ZPlainDbLibDriver.TZDBLibMSSQL7PlainDriver.dbCmd
 0001:00005308       ZPlainDbLibDriver.TZDBLibMSSQL7PlainDriver.dbCmdRow
 0001:000053B0       ZPlainDbLibDriver.TZDBLibMSSQL7PlainDriver.dbColLen
 0001:00005350       ZPlainDbLibDriver.TZDBLibMSSQL7PlainDriver.dbColName
 0001:00005380       ZPlainDbLibDriver.TZDBLibMSSQL7PlainDriver.dbColType
 0001:00005440       ZPlainDbLibDriver.TZDBLibMSSQL7PlainDriver.dbConvert
 0001:000054D8       ZPlainDbLibDriver.TZDBLibMSSQL7PlainDriver.dbCount
 0001:000053E0       ZPlainDbLibDriver.TZDBLibMSSQL7PlainDriver.dbData
 0001:00005410       ZPlainDbLibDriver.TZDBLibMSSQL7PlainDriver.dbDatLen
 0001:00004F70       ZPlainDbLibDriver.TZDBLibMSSQL7PlainDriver.dbDead
 0001:000054A8       ZPlainDbLibDriver.TZDBLibMSSQL7PlainDriver.dbGetRow
 0001:000055E0       ZPlainDbLibDriver.TZDBLibMSSQL7PlainDriver.dbHasRetStat
 0001:00004F9C       ZPlainDbLibDriver.TZDBLibMSSQL7PlainDriver.dbLogin
 0001:00004FB8       ZPlainDbLibDriver.TZDBLibMSSQL7PlainDriver.dbLoginFree
 0001:00005238       ZPlainDbLibDriver.TZDBLibMSSQL7PlainDriver.dbMoreCmds
 0001:000052E4       ZPlainDbLibDriver.TZDBLibMSSQL7PlainDriver.dbName
 0001:00005484       ZPlainDbLibDriver.TZDBLibMSSQL7PlainDriver.dbNextRow
 0001:0000532C       ZPlainDbLibDriver.TZDBLibMSSQL7PlainDriver.dbNumCols
 0001:00005148       ZPlainDbLibDriver.TZDBLibMSSQL7PlainDriver.dbOpen
 0001:000051F0       ZPlainDbLibDriver.TZDBLibMSSQL7PlainDriver.dbResults
 0001:0000563C       ZPlainDbLibDriver.TZDBLibMSSQL7PlainDriver.dbRetData
 0001:0000566C       ZPlainDbLibDriver.TZDBLibMSSQL7PlainDriver.dbRetLen
 0001:0000560C       ZPlainDbLibDriver.TZDBLibMSSQL7PlainDriver.dbRetName
 0001:000055BC       ZPlainDbLibDriver.TZDBLibMSSQL7PlainDriver.dbRetStatus
 0001:0000569C       ZPlainDbLibDriver.TZDBLibMSSQL7PlainDriver.dbRetType
 0001:00005598       ZPlainDbLibDriver.TZDBLibMSSQL7PlainDriver.dbRpcExec
 0001:000054FC       ZPlainDbLibDriver.TZDBLibMSSQL7PlainDriver.dbRpcInit
 0001:00005530       ZPlainDbLibDriver.TZDBLibMSSQL7PlainDriver.dbRpcParam
 0001:00005574       ZPlainDbLibDriver.TZDBLibMSSQL7PlainDriver.dbRpcSend
 0001:0000509C       ZPlainDbLibDriver.TZDBLibMSSQL7PlainDriver.dbSetLApp
 0001:000050E4       ZPlainDbLibDriver.TZDBLibMSSQL7PlainDriver.dbSetLCharSet
 0001:00005030       ZPlainDbLibDriver.TZDBLibMSSQL7PlainDriver.dbSetLHost
 0001:00004FFC       ZPlainDbLibDriver.TZDBLibMSSQL7PlainDriver.dbsetLName
 0001:000050C0       ZPlainDbLibDriver.TZDBLibMSSQL7PlainDriver.dbSetLNatLang
 0001:00004FD8       ZPlainDbLibDriver.TZDBLibMSSQL7PlainDriver.dbSetLoginTime
 0001:00005078       ZPlainDbLibDriver.TZDBLibMSSQL7PlainDriver.dbSetLPwd
 0001:00005100       ZPlainDbLibDriver.TZDBLibMSSQL7PlainDriver.dbSetLSecure
 0001:00005054       ZPlainDbLibDriver.TZDBLibMSSQL7PlainDriver.dbSetLUser
 0001:00005120       ZPlainDbLibDriver.TZDBLibMSSQL7PlainDriver.dbSetMaxprocs
 0001:0000528C       ZPlainDbLibDriver.TZDBLibMSSQL7PlainDriver.dbSetOpt
 0001:000051CC       ZPlainDbLibDriver.TZDBLibMSSQL7PlainDriver.dbSqlExec
 0001:0000525C       ZPlainDbLibDriver.TZDBLibMSSQL7PlainDriver.dbUse
 0001:00004CD4       ZPlainDbLibDriver.TZDBLibMSSQL7PlainDriver.GetDescription
 0001:00004C9C       ZPlainDbLibDriver.TZDBLibMSSQL7PlainDriver.GetProtocol
 0001:00004D44       ZPlainDbLibDriver.TZDBLibMSSQL7PlainDriver.Initialize
 0001:0000431C       ZPlainDbLibDriver.TZDBLibSybaseASE125PlainDriver.CheckError
 0001:00004214       ZPlainDbLibDriver.TZDBLibSybaseASE125PlainDriver.Create
 0001:00004730       ZPlainDbLibDriver.TZDBLibSybaseASE125PlainDriver.dbCancel
 0001:000047C8       ZPlainDbLibDriver.TZDBLibSybaseASE125PlainDriver.dbCanQuery
 0001:00004870       ZPlainDbLibDriver.TZDBLibSybaseASE125PlainDriver.dbClose
 0001:00004754       ZPlainDbLibDriver.TZDBLibSybaseASE125PlainDriver.dbCmd
 0001:000048B8       ZPlainDbLibDriver.TZDBLibSybaseASE125PlainDriver.dbCmdRow
 0001:00004958       ZPlainDbLibDriver.TZDBLibSybaseASE125PlainDriver.dbColLen
 0001:00004900       ZPlainDbLibDriver.TZDBLibSybaseASE125PlainDriver.dbColName
 0001:0000492C       ZPlainDbLibDriver.TZDBLibSybaseASE125PlainDriver.dbColType
 0001:000049DC       ZPlainDbLibDriver.TZDBLibSybaseASE125PlainDriver.dbConvert
 0001:00004A6C       ZPlainDbLibDriver.TZDBLibSybaseASE125PlainDriver.dbCount
 0001:00004984       ZPlainDbLibDriver.TZDBLibSybaseASE125PlainDriver.dbData
 0001:000049B0       ZPlainDbLibDriver.TZDBLibSybaseASE125PlainDriver.dbDatLen
 0001:00004530       ZPlainDbLibDriver.TZDBLibSybaseASE125PlainDriver.dbDead
 0001:00004A40       ZPlainDbLibDriver.TZDBLibSybaseASE125PlainDriver.dbGetRow
 0001:00004B88       ZPlainDbLibDriver.TZDBLibSybaseASE125PlainDriver.dbHasRetStat
 0001:0000455C       ZPlainDbLibDriver.TZDBLibSybaseASE125PlainDriver.dbLogin
 0001:00004578       ZPlainDbLibDriver.TZDBLibSybaseASE125PlainDriver.dbLoginFree
 0001:000047EC       ZPlainDbLibDriver.TZDBLibSybaseASE125PlainDriver.dbMoreCmds
 0001:00004894       ZPlainDbLibDriver.TZDBLibSybaseASE125PlainDriver.dbName
 0001:00004A1C       ZPlainDbLibDriver.TZDBLibSybaseASE125PlainDriver.dbNextRow
 0001:000048DC       ZPlainDbLibDriver.TZDBLibSybaseASE125PlainDriver.dbNumCols
 0001:00004704       ZPlainDbLibDriver.TZDBLibSybaseASE125PlainDriver.dbOpen
 0001:000047A4       ZPlainDbLibDriver.TZDBLibSybaseASE125PlainDriver.dbResults
 0001:00004BE0       ZPlainDbLibDriver.TZDBLibSybaseASE125PlainDriver.dbRetData
 0001:00004C0C       ZPlainDbLibDriver.TZDBLibSybaseASE125PlainDriver.dbRetLen
 0001:00004BB4       ZPlainDbLibDriver.TZDBLibSybaseASE125PlainDriver.dbRetName
 0001:00004B64       ZPlainDbLibDriver.TZDBLibSybaseASE125PlainDriver.dbRetStatus
 0001:00004C38       ZPlainDbLibDriver.TZDBLibSybaseASE125PlainDriver.dbRetType
 0001:00004B28       ZPlainDbLibDriver.TZDBLibSybaseASE125PlainDriver.dbRpcExec
 0001:00004A90       ZPlainDbLibDriver.TZDBLibSybaseASE125PlainDriver.dbRpcInit
 0001:00004AC4       ZPlainDbLibDriver.TZDBLibSybaseASE125PlainDriver.dbRpcParam
 0001:00004B04       ZPlainDbLibDriver.TZDBLibSybaseASE125PlainDriver.dbRpcSend
 0001:00004658       ZPlainDbLibDriver.TZDBLibSybaseASE125PlainDriver.dbSetLApp
 0001:000046A0       ZPlainDbLibDriver.TZDBLibSybaseASE125PlainDriver.dbSetLCharSet
 0001:000045EC       ZPlainDbLibDriver.TZDBLibSybaseASE125PlainDriver.dbSetLHost
 0001:000045BC       ZPlainDbLibDriver.TZDBLibSybaseASE125PlainDriver.dbsetLName
 0001:0000467C       ZPlainDbLibDriver.TZDBLibSybaseASE125PlainDriver.dbSetLNatLang
 0001:00004598       ZPlainDbLibDriver.TZDBLibSybaseASE125PlainDriver.dbSetLoginTime
 0001:00004634       ZPlainDbLibDriver.TZDBLibSybaseASE125PlainDriver.dbSetLPwd
 0001:000046C4       ZPlainDbLibDriver.TZDBLibSybaseASE125PlainDriver.dbSetLSecure
 0001:00004610       ZPlainDbLibDriver.TZDBLibSybaseASE125PlainDriver.dbSetLUser
 0001:000046DC       ZPlainDbLibDriver.TZDBLibSybaseASE125PlainDriver.dbSetMaxprocs
 0001:0000483C       ZPlainDbLibDriver.TZDBLibSybaseASE125PlainDriver.dbSetOpt
 0001:00004780       ZPlainDbLibDriver.TZDBLibSybaseASE125PlainDriver.dbSqlExec
 0001:00004810       ZPlainDbLibDriver.TZDBLibSybaseASE125PlainDriver.dbUse
 0001:00004288       ZPlainDbLibDriver.TZDBLibSybaseASE125PlainDriver.GetDescription
 0001:0000424C       ZPlainDbLibDriver.TZDBLibSybaseASE125PlainDriver.GetProtocol
 0001:00004304       ZPlainDbLibDriver.TZDBLibSybaseASE125PlainDriver.Initialize
 0002:00000144       ZPlainDbLibDriver.ZPlainDbLibDriver
 0004:000004E0       ZPlainDbLibMsSql7..1
 0001:0000262C       ZPlainDbLibMsSql7..TZMSSqlNativeLibraryLoader
 0004:00000270       ZPlainDbLibMsSql7.abort_xact
 0004:00000294       ZPlainDbLibMsSql7.bcp_batch
 0004:00000298       ZPlainDbLibMsSql7.bcp_bind
 0004:0000029C       ZPlainDbLibMsSql7.bcp_colfmt
 0004:000002A0       ZPlainDbLibMsSql7.bcp_collen
 0004:000002A4       ZPlainDbLibMsSql7.bcp_colptr
 0004:000002A8       ZPlainDbLibMsSql7.bcp_columns
 0004:000002AC       ZPlainDbLibMsSql7.bcp_control
 0004:000002B0       ZPlainDbLibMsSql7.bcp_done
 0004:000002B4       ZPlainDbLibMsSql7.bcp_exec
 0004:000002B8       ZPlainDbLibMsSql7.bcp_init
 0004:000002BC       ZPlainDbLibMsSql7.bcp_moretext
 0004:000002C0       ZPlainDbLibMsSql7.bcp_readfmt
 0004:000002C4       ZPlainDbLibMsSql7.bcp_sendrow
 0004:000002C8       ZPlainDbLibMsSql7.bcp_setl
 0004:000002CC       ZPlainDbLibMsSql7.bcp_writefmt
 0004:00000274       ZPlainDbLibMsSql7.build_xact_string
 0004:00000278       ZPlainDbLibMsSql7.close_commit
 0004:0000027C       ZPlainDbLibMsSql7.commit_xact
 0004:000002D0       ZPlainDbLibMsSql7.dbadata
 0004:000002D4       ZPlainDbLibMsSql7.dbadlen
 0004:000002D8       ZPlainDbLibMsSql7.dbaltbind
 0004:000002DC       ZPlainDbLibMsSql7.dbaltcolid
 0004:000002E0       ZPlainDbLibMsSql7.dbaltlen
 0004:000002E4       ZPlainDbLibMsSql7.dbaltop
 0004:000002E8       ZPlainDbLibMsSql7.dbalttype
 0004:000002EC       ZPlainDbLibMsSql7.dbaltutype
 0004:000002F0       ZPlainDbLibMsSql7.dbanullbind
 0004:000002F4       ZPlainDbLibMsSql7.dbbind
 0004:000002F8       ZPlainDbLibMsSql7.dbbylist
 0004:000002FC       ZPlainDbLibMsSql7.dbcancel
 0004:00000300       ZPlainDbLibMsSql7.dbcanquery
 0004:00000304       ZPlainDbLibMsSql7.dbchange
 0004:00000308       ZPlainDbLibMsSql7.dbclose
 0004:0000030C       ZPlainDbLibMsSql7.dbclrbuf
 0004:00000310       ZPlainDbLibMsSql7.dbclropt
 0004:00000314       ZPlainDbLibMsSql7.dbcmd
 0004:00000318       ZPlainDbLibMsSql7.dbcmdrow
 0004:0000031C       ZPlainDbLibMsSql7.dbcolbrowse
 0004:00000320       ZPlainDbLibMsSql7.dbcolinfo
 0004:00000324       ZPlainDbLibMsSql7.dbcollen
 0004:00000328       ZPlainDbLibMsSql7.dbcolname
 0004:0000032C       ZPlainDbLibMsSql7.dbcolsource
 0004:00000330       ZPlainDbLibMsSql7.dbcoltype
 0004:00000334       ZPlainDbLibMsSql7.dbcolutype
 0004:00000338       ZPlainDbLibMsSql7.dbconvert
 0004:0000033C       ZPlainDbLibMsSql7.dbcount
 0004:00000340       ZPlainDbLibMsSql7.dbcurcmd
 0004:00000344       ZPlainDbLibMsSql7.dbcurrow
 0004:00000348       ZPlainDbLibMsSql7.dbcursor
 0004:0000034C       ZPlainDbLibMsSql7.dbcursorbind
 0004:00000350       ZPlainDbLibMsSql7.dbcursorclose
 0004:00000354       ZPlainDbLibMsSql7.dbcursorcolinfo
 0004:00000358       ZPlainDbLibMsSql7.dbcursorfetch
 0004:0000035C       ZPlainDbLibMsSql7.dbcursorfetchex
 0004:00000360       ZPlainDbLibMsSql7.dbcursorinfo
 0004:00000364       ZPlainDbLibMsSql7.dbcursorinfoex
 0004:00000368       ZPlainDbLibMsSql7.dbcursoropen
 0004:0000036C       ZPlainDbLibMsSql7.dbdata
 0004:00000370       ZPlainDbLibMsSql7.dbdataready
 0004:00000374       ZPlainDbLibMsSql7.dbdatecrack
 0004:00000378       ZPlainDbLibMsSql7.dbdatlen
 0004:0000037C       ZPlainDbLibMsSql7.dbdead
 0004:00000388       ZPlainDbLibMsSql7.dbenlisttrans
 0004:0000038C       ZPlainDbLibMsSql7.dbenlistxatrans
 0004:00000260       ZPlainDbLibMsSql7.dberrhandle
 0004:00000380       ZPlainDbLibMsSql7.dbexit
 0004:00000390       ZPlainDbLibMsSql7.dbfcmd
 0004:00000394       ZPlainDbLibMsSql7.dbfirstrow
 0004:00000398       ZPlainDbLibMsSql7.dbfreebuf
 0004:0000039C       ZPlainDbLibMsSql7.dbfreelogin
 0004:000003A0       ZPlainDbLibMsSql7.dbfreequal
 0004:000003A4       ZPlainDbLibMsSql7.dbgetchar
 0004:000003A8       ZPlainDbLibMsSql7.dbgetmaxprocs
 0004:000003AC       ZPlainDbLibMsSql7.dbgetoff
 0004:000003B0       ZPlainDbLibMsSql7.dbgetpacket
 0004:000003B4       ZPlainDbLibMsSql7.dbgetrow
 0004:000003B8       ZPlainDbLibMsSql7.dbgettime
 0004:000003BC       ZPlainDbLibMsSql7.dbgetuserdata
 0004:000003C0       ZPlainDbLibMsSql7.dbhasretstat
 0004:000003C4       ZPlainDbLibMsSql7.dbinit
 0004:000003C8       ZPlainDbLibMsSql7.dbisavail
 0004:000003CC       ZPlainDbLibMsSql7.dbiscount
 0004:000003D0       ZPlainDbLibMsSql7.dbisopt
 0004:000003D4       ZPlainDbLibMsSql7.dblastrow
 0004:000003D8       ZPlainDbLibMsSql7.dblogin
 0004:000003DC       ZPlainDbLibMsSql7.dbmorecmds
 0004:000003E0       ZPlainDbLibMsSql7.dbmoretext
 0004:00000264       ZPlainDbLibMsSql7.dbmsghandle
 0004:000003E4       ZPlainDbLibMsSql7.dbname
 0004:000003E8       ZPlainDbLibMsSql7.dbnextrow
 0004:000003EC       ZPlainDbLibMsSql7.dbnullbind
 0004:000003F0       ZPlainDbLibMsSql7.dbnumalts
 0004:000003F4       ZPlainDbLibMsSql7.dbnumcols
 0004:000003F8       ZPlainDbLibMsSql7.dbnumcompute
 0004:000003FC       ZPlainDbLibMsSql7.dbnumorders
 0004:00000400       ZPlainDbLibMsSql7.dbnumrets
 0004:00000404       ZPlainDbLibMsSql7.dbopen
 0004:00000408       ZPlainDbLibMsSql7.dbordercol
 0004:00000410       ZPlainDbLibMsSql7.dbprhead
 0004:00000268       ZPlainDbLibMsSql7.dbprocerrhandle
 0004:0000040C       ZPlainDbLibMsSql7.dbprocinfo
 0004:0000026C       ZPlainDbLibMsSql7.dbprocmsghandle
 0004:00000414       ZPlainDbLibMsSql7.dbprrow
 0004:00000418       ZPlainDbLibMsSql7.dbprtype
 0004:0000041C       ZPlainDbLibMsSql7.dbqual
 0001:0000260C       ZPlainDbLibMsSql7.dbrbuf
 0004:00000420       ZPlainDbLibMsSql7.dbreadtext
 0004:00000424       ZPlainDbLibMsSql7.dbresults
 0004:00000428       ZPlainDbLibMsSql7.dbretdata
 0004:0000042C       ZPlainDbLibMsSql7.dbretlen
 0004:00000430       ZPlainDbLibMsSql7.dbretname
 0004:00000434       ZPlainDbLibMsSql7.dbretstatus
 0004:00000438       ZPlainDbLibMsSql7.dbrettype
 0004:0000043C       ZPlainDbLibMsSql7.dbrows
 0004:00000440       ZPlainDbLibMsSql7.dbrowtype
 0004:00000450       ZPlainDbLibMsSql7.dbrpcexec
 0004:00000444       ZPlainDbLibMsSql7.dbrpcinit
 0004:00000448       ZPlainDbLibMsSql7.dbrpcparam
 0004:0000044C       ZPlainDbLibMsSql7.dbrpcsend
 0004:00000454       ZPlainDbLibMsSql7.dbrpwclr
 0004:00000458       ZPlainDbLibMsSql7.dbserverenum
 0004:0000045C       ZPlainDbLibMsSql7.dbsetavail
 0001:0000250C       ZPlainDbLibMsSql7.DBSETLAPP
 0001:000025E0       ZPlainDbLibMsSql7.DBSETLFALLBACK
 0001:00002488       ZPlainDbLibMsSql7.DBSETLHOST
 0004:00000464       ZPlainDbLibMsSql7.dbsetlname
 0001:00002538       ZPlainDbLibMsSql7.DBSETLNATLANG
 0004:00000468       ZPlainDbLibMsSql7.dbsetlogintime
 0004:0000046C       ZPlainDbLibMsSql7.dbsetlpacket
 0001:000024E0       ZPlainDbLibMsSql7.DBSETLPWD
 0001:00002564       ZPlainDbLibMsSql7.DBSETLSECURE
 0001:000025B4       ZPlainDbLibMsSql7.DBSETLTIME
 0001:000024B4       ZPlainDbLibMsSql7.DBSETLUSER
 0001:00002588       ZPlainDbLibMsSql7.DBSETLVERSION
 0004:00000460       ZPlainDbLibMsSql7.dbsetmaxprocs
 0004:00000470       ZPlainDbLibMsSql7.dbsetnull
 0004:00000474       ZPlainDbLibMsSql7.dbsetopt
 0004:00000478       ZPlainDbLibMsSql7.dbsettime
 0004:0000047C       ZPlainDbLibMsSql7.dbsetuserdata
 0004:00000480       ZPlainDbLibMsSql7.dbsqlexec
 0004:00000484       ZPlainDbLibMsSql7.dbsqlok
 0004:00000488       ZPlainDbLibMsSql7.dbsqlsend
 0004:0000048C       ZPlainDbLibMsSql7.dbstrcpy
 0004:00000490       ZPlainDbLibMsSql7.dbstrlen
 0004:00000494       ZPlainDbLibMsSql7.dbtabbrowse
 0004:00000498       ZPlainDbLibMsSql7.dbtabcount
 0004:0000049C       ZPlainDbLibMsSql7.dbtabname
 0004:000004A0       ZPlainDbLibMsSql7.dbtabsource
 0004:000004A4       ZPlainDbLibMsSql7.dbtsnewlen
 0004:000004A8       ZPlainDbLibMsSql7.dbtsnewval
 0004:000004AC       ZPlainDbLibMsSql7.dbtsput
 0004:000004B0       ZPlainDbLibMsSql7.dbtxptr
 0004:000004B4       ZPlainDbLibMsSql7.dbtxtimestamp
 0004:000004B8       ZPlainDbLibMsSql7.dbtxtsnewval
 0004:000004BC       ZPlainDbLibMsSql7.dbtxtsput
 0004:000004D0       ZPlainDbLibMsSql7.dbupdatetext
 0004:000004C0       ZPlainDbLibMsSql7.dbuse
 0004:000004C4       ZPlainDbLibMsSql7.dbvarylen
 0004:000004C8       ZPlainDbLibMsSql7.dbwillconvert
 0004:00000384       ZPlainDbLibMsSql7.dbWinexit
 0004:000004CC       ZPlainDbLibMsSql7.dbwritetext
 0001:0000236C       ZPlainDbLibMsSql7.ErrorHandle
 0001:000039B8       ZPlainDbLibMsSql7.Finalization
 0004:000004D4       ZPlainDbLibMsSql7.LibraryLoader
 0001:000023EC       ZPlainDbLibMsSql7.MessageHandle
 0004:000004D8       ZPlainDbLibMsSql7.MSSqlErrors
 0004:000004DC       ZPlainDbLibMsSql7.MSSqlMessages
 0003:00000034       ZPlainDbLibMsSql7.OldErrorHandle
 0003:00000038       ZPlainDbLibMsSql7.OldMessageHandle
 0004:00000280       ZPlainDbLibMsSql7.open_commit
 0004:00000284       ZPlainDbLibMsSql7.remove_xact
 0004:00000288       ZPlainDbLibMsSql7.scan_xact
 0004:0000028C       ZPlainDbLibMsSql7.start_xact
 0004:00000290       ZPlainDbLibMsSql7.stat_xact
 0001:00003980       ZPlainDbLibMsSql7.TZMSSqlNativeLibraryLoader.FreeNativeLibrary
 0001:000026B0       ZPlainDbLibMsSql7.TZMSSqlNativeLibraryLoader.Load
 0002:000000CC       ZPlainDbLibMsSql7.ZPlainDbLibMsSql7
 0004:0000025C       ZPlainDbLibSybaseAse125..2
 0001:00000EAC       ZPlainDbLibSybaseAse125..TZSybaseNativeLibraryLoader
 0004:00000028       ZPlainDbLibSybaseAse125.abort_xact
 0004:0000004C       ZPlainDbLibSybaseAse125.bcp_batch
 0004:00000050       ZPlainDbLibSybaseAse125.bcp_bind
 0004:00000054       ZPlainDbLibSybaseAse125.bcp_colfmt
 0004:00000058       ZPlainDbLibSybaseAse125.bcp_collen
 0004:0000005C       ZPlainDbLibSybaseAse125.bcp_colptr
 0004:00000060       ZPlainDbLibSybaseAse125.bcp_columns
 0004:00000064       ZPlainDbLibSybaseAse125.bcp_control
 0004:00000068       ZPlainDbLibSybaseAse125.bcp_done
 0004:0000006C       ZPlainDbLibSybaseAse125.bcp_exec
 0004:00000070       ZPlainDbLibSybaseAse125.bcp_init
 0004:00000074       ZPlainDbLibSybaseAse125.bcp_moretext
 0004:00000078       ZPlainDbLibSybaseAse125.bcp_readfmt
 0004:0000007C       ZPlainDbLibSybaseAse125.bcp_sendrow
 0004:00000080       ZPlainDbLibSybaseAse125.bcp_writefmt
 0004:0000002C       ZPlainDbLibSybaseAse125.build_xact_string
 0004:00000030       ZPlainDbLibSybaseAse125.close_commit
 0004:00000034       ZPlainDbLibSybaseAse125.commit_xact
 0004:0000001C       ZPlainDbLibSybaseAse125.db12hour
 0004:00000084       ZPlainDbLibSybaseAse125.dbadata
 0004:00000088       ZPlainDbLibSybaseAse125.dbadlen
 0004:0000008C       ZPlainDbLibSybaseAse125.dbaltbind
 0004:00000090       ZPlainDbLibSybaseAse125.dbaltcolid
 0004:00000094       ZPlainDbLibSybaseAse125.dbaltlen
 0004:00000098       ZPlainDbLibSybaseAse125.dbaltop
 0004:0000009C       ZPlainDbLibSybaseAse125.dbalttype
 0004:000000A0       ZPlainDbLibSybaseAse125.dbaltutype
 0004:000000A4       ZPlainDbLibSybaseAse125.dbanullbind
 0004:000000A8       ZPlainDbLibSybaseAse125.dbbind
 0004:000000AC       ZPlainDbLibSybaseAse125.dbbylist
 0004:000000B0       ZPlainDbLibSybaseAse125.dbcancel
 0004:000000B4       ZPlainDbLibSybaseAse125.dbcanquery
 0004:000000B8       ZPlainDbLibSybaseAse125.dbchange
 0004:000000BC       ZPlainDbLibSybaseAse125.dbclose
 0004:000000C0       ZPlainDbLibSybaseAse125.dbclrbuf
 0004:000000C4       ZPlainDbLibSybaseAse125.dbclropt
 0004:000000C8       ZPlainDbLibSybaseAse125.dbcmd
 0004:000000CC       ZPlainDbLibSybaseAse125.dbcmdrow
 0004:000000D0       ZPlainDbLibSybaseAse125.dbcolbrowse
 0004:000000D4       ZPlainDbLibSybaseAse125.dbcollen
 0004:000000D8       ZPlainDbLibSybaseAse125.dbcolname
 0004:000000DC       ZPlainDbLibSybaseAse125.dbcolsource
 0004:000000E0       ZPlainDbLibSybaseAse125.dbcoltype
 0004:000000E4       ZPlainDbLibSybaseAse125.dbcolutype
 0004:000000E8       ZPlainDbLibSybaseAse125.dbconvert
 0004:000000EC       ZPlainDbLibSybaseAse125.dbcount
 0004:000000F0       ZPlainDbLibSybaseAse125.dbcurcmd
 0004:000000F4       ZPlainDbLibSybaseAse125.dbcurrow
 0004:000000F8       ZPlainDbLibSybaseAse125.dbcursor
 0004:000000FC       ZPlainDbLibSybaseAse125.dbcursorbind
 0004:00000100       ZPlainDbLibSybaseAse125.dbcursorclose
 0004:00000104       ZPlainDbLibSybaseAse125.dbcursorcolinfo
 0004:00000108       ZPlainDbLibSybaseAse125.dbcursorfetch
 0004:0000010C       ZPlainDbLibSybaseAse125.dbcursorinfo
 0004:00000110       ZPlainDbLibSybaseAse125.dbcursoropen
 0004:00000114       ZPlainDbLibSybaseAse125.dbdata
 0004:00000118       ZPlainDbLibSybaseAse125.dbdatecrack
 0004:0000011C       ZPlainDbLibSybaseAse125.dbdatlen
 0004:00000120       ZPlainDbLibSybaseAse125.dbdead
 0004:00000020       ZPlainDbLibSybaseAse125.dberrhandle
 0004:00000124       ZPlainDbLibSybaseAse125.dbexit
 0004:00000128       ZPlainDbLibSybaseAse125.dbfcmd
 0004:0000012C       ZPlainDbLibSybaseAse125.dbfirstrow
 0004:00000130       ZPlainDbLibSybaseAse125.dbfreebuf
 0004:00000138       ZPlainDbLibSybaseAse125.dbfreequal
 0004:0000013C       ZPlainDbLibSybaseAse125.dbgetchar
 0004:00000140       ZPlainDbLibSybaseAse125.dbgetmaxprocs
 0004:00000144       ZPlainDbLibSybaseAse125.dbgetoff
 0004:00000148       ZPlainDbLibSybaseAse125.dbgetpacket
 0004:0000014C       ZPlainDbLibSybaseAse125.dbgetrow
 0004:00000150       ZPlainDbLibSybaseAse125.dbgetuserdata
 0004:00000154       ZPlainDbLibSybaseAse125.dbhasretstat
 0004:00000158       ZPlainDbLibSybaseAse125.dbinit
 0004:0000015C       ZPlainDbLibSybaseAse125.dbisavail
 0004:00000160       ZPlainDbLibSybaseAse125.dbisopt
 0004:00000164       ZPlainDbLibSybaseAse125.dblastrow
 0004:00000168       ZPlainDbLibSybaseAse125.dblogin
 0004:00000134       ZPlainDbLibSybaseAse125.dbloginfree
 0004:0000016C       ZPlainDbLibSybaseAse125.dbmorecmds
 0004:00000170       ZPlainDbLibSybaseAse125.dbmoretext
 0004:00000024       ZPlainDbLibSybaseAse125.dbmsghandle
 0004:00000174       ZPlainDbLibSybaseAse125.dbname
 0004:00000178       ZPlainDbLibSybaseAse125.dbnextrow
 0004:0000017C       ZPlainDbLibSybaseAse125.dbnullbind
 0004:00000180       ZPlainDbLibSybaseAse125.dbnumalts
 0004:00000184       ZPlainDbLibSybaseAse125.dbnumcols
 0004:00000188       ZPlainDbLibSybaseAse125.dbnumcompute
 0004:0000018C       ZPlainDbLibSybaseAse125.dbnumorders
 0004:00000190       ZPlainDbLibSybaseAse125.dbnumrets
 0004:00000194       ZPlainDbLibSybaseAse125.dbopen
 0004:00000198       ZPlainDbLibSybaseAse125.dbordercol
 0004:0000019C       ZPlainDbLibSybaseAse125.dbprhead
 0004:000001A0       ZPlainDbLibSybaseAse125.dbprrow
 0004:000001A4       ZPlainDbLibSybaseAse125.dbprtype
 0004:000001A8       ZPlainDbLibSybaseAse125.dbqual
 0001:00001184       ZPlainDbLibSybaseAse125.dbrbuf
 0004:000001AC       ZPlainDbLibSybaseAse125.dbreadtext
 0004:000001B0       ZPlainDbLibSybaseAse125.dbresults
 0004:000001B4       ZPlainDbLibSybaseAse125.dbretdata
 0004:000001B8       ZPlainDbLibSybaseAse125.dbretlen
 0004:000001BC       ZPlainDbLibSybaseAse125.dbretname
 0004:000001C0       ZPlainDbLibSybaseAse125.dbretstatus
 0004:000001C4       ZPlainDbLibSybaseAse125.dbrettype
 0004:000001C8       ZPlainDbLibSybaseAse125.dbrows
 0004:000001CC       ZPlainDbLibSybaseAse125.dbrowtype
 0004:000001D0       ZPlainDbLibSybaseAse125.dbrpcinit
 0004:000001D4       ZPlainDbLibSybaseAse125.dbrpcparam
 0004:000001D8       ZPlainDbLibSybaseAse125.dbrpcsend
 0004:000001DC       ZPlainDbLibSybaseAse125.dbrpwclr
 0004:000001E0       ZPlainDbLibSybaseAse125.dbsetavail
 0001:0000110C       ZPlainDbLibSybaseAse125.DBSETLAPP
 0001:0000115C       ZPlainDbLibSybaseAse125.DBSETLCHARSET
 0001:00001094       ZPlainDbLibSybaseAse125.DBSETLHOST
 0004:000001E8       ZPlainDbLibSybaseAse125.dbsetlname
 0001:00001134       ZPlainDbLibSybaseAse125.DBSETLNATLANG
 0004:000001EC       ZPlainDbLibSybaseAse125.dbsetlogintime
 0001:000010E4       ZPlainDbLibSybaseAse125.DBSETLPWD
 0001:000010BC       ZPlainDbLibSybaseAse125.DBSETLUSER
 0004:000001E4       ZPlainDbLibSybaseAse125.dbsetmaxprocs
 0004:000001F0       ZPlainDbLibSybaseAse125.dbsetnull
 0004:000001F4       ZPlainDbLibSybaseAse125.dbsetopt
 0004:000001F8       ZPlainDbLibSybaseAse125.dbsettime
 0004:000001FC       ZPlainDbLibSybaseAse125.dbsetuserdata
 0004:00000200       ZPlainDbLibSybaseAse125.dbsqlexec
 0004:00000204       ZPlainDbLibSybaseAse125.dbsqlok
 0004:00000208       ZPlainDbLibSybaseAse125.dbsqlsend
 0004:0000020C       ZPlainDbLibSybaseAse125.dbstrcpy
 0004:00000210       ZPlainDbLibSybaseAse125.dbstrlen
 0004:00000214       ZPlainDbLibSybaseAse125.dbtabbrowse
 0004:00000218       ZPlainDbLibSybaseAse125.dbtabcount
 0004:0000021C       ZPlainDbLibSybaseAse125.dbtabname
 0004:00000220       ZPlainDbLibSybaseAse125.dbtabsource
 0004:00000224       ZPlainDbLibSybaseAse125.dbtsnewlen
 0004:00000228       ZPlainDbLibSybaseAse125.dbtsnewval
 0004:0000022C       ZPlainDbLibSybaseAse125.dbtsput
 0004:00000230       ZPlainDbLibSybaseAse125.dbtxptr
 0004:00000234       ZPlainDbLibSybaseAse125.dbtxtimestamp
 0004:00000238       ZPlainDbLibSybaseAse125.dbtxtsnewval
 0004:0000023C       ZPlainDbLibSybaseAse125.dbtxtsput
 0004:00000240       ZPlainDbLibSybaseAse125.dbuse
 0004:00000244       ZPlainDbLibSybaseAse125.dbvarylen
 0004:00000248       ZPlainDbLibSybaseAse125.dbwillconvert
 0004:0000024C       ZPlainDbLibSybaseAse125.dbwritetext
 0001:00000F78       ZPlainDbLibSybaseAse125.ErrorHandle
 0001:00002298       ZPlainDbLibSybaseAse125.Finalization
 0004:00000250       ZPlainDbLibSybaseAse125.LibraryLoader
 0001:00000FF8       ZPlainDbLibSybaseAse125.MessageHandle
 0003:0000002C       ZPlainDbLibSybaseAse125.OldErrorHandle
 0003:00000030       ZPlainDbLibSybaseAse125.OldMessageHandle
 0004:00000038       ZPlainDbLibSybaseAse125.open_commit
 0004:0000003C       ZPlainDbLibSybaseAse125.remove_xact
 0004:00000040       ZPlainDbLibSybaseAse125.scan_xact
 0004:00000044       ZPlainDbLibSybaseAse125.start_xact
 0004:00000048       ZPlainDbLibSybaseAse125.stat_xact
 0004:00000254       ZPlainDbLibSybaseAse125.SybaseErrors
 0004:00000258       ZPlainDbLibSybaseAse125.SybaseMessages
 0001:00002268       ZPlainDbLibSybaseAse125.TZSybaseNativeLibraryLoader.FreeNativeLibrary
 0001:0000119C       ZPlainDbLibSybaseAse125.TZSybaseNativeLibraryLoader.Load
 0002:00000054       ZPlainDbLibSybaseAse125.ZPlainDbLibSybaseAse125
 0004:00000018       ZPlainDriver..2
 0001:00000CB0       ZPlainDriver..TZAbstractPlainDriver
 0001:00000E7C       ZPlainDriver.Finalization
 0001:00000D78       ZPlainDriver.TZAbstractPlainDriver.CreateWithLibrary
 0001:00000E40       ZPlainDriver.TZAbstractPlainDriver.Destroy
 0001:00000E08       ZPlainDriver.TZAbstractPlainDriver.Initialize
 0001:00000D6C       ZPlainDriver.TZAbstractPlainDriver.LoadApi
 0002:0000004C       ZPlainDriver.ZPlainDriver
 0004:000004EC       ZPlainFirebirdDriver..01
 0001:00005CA0       ZPlainFirebirdDriver..TZFirebird10PlainDriver
 0001:00005D6C       ZPlainFirebirdDriver..TZFirebird15PlainDriver
 0001:00005F08       ZPlainFirebirdDriver..TZFirebird20PlainDriver
 0001:000060A4       ZPlainFirebirdDriver..TZFirebird21PlainDriver
 0001:00005B0C       ZPlainFirebirdDriver..TZFirebirdBaseDriver
 0001:00005E38       ZPlainFirebirdDriver..TZFirebirdD15PlainDriver
 0001:00005FD4       ZPlainFirebirdDriver..TZFirebirdD20PlainDriver
 0001:00006170       ZPlainFirebirdDriver..TZFirebirdD21PlainDriver
 0001:00005BD4       ZPlainFirebirdDriver..TZInterbase6PlainDriver
 0001:000081FC       ZPlainFirebirdDriver.Finalization
 0001:00007750       ZPlainFirebirdDriver.TZFirebird10PlainDriver.Create
 0001:000077C4       ZPlainFirebirdDriver.TZFirebird10PlainDriver.GetDescription
 0001:0000783C       ZPlainFirebirdDriver.TZFirebird10PlainDriver.GetProtocol
 0001:00007884       ZPlainFirebirdDriver.TZFirebird15PlainDriver.Create
 0001:0000793C       ZPlainFirebirdDriver.TZFirebird15PlainDriver.GetDescription
 0001:000079B4       ZPlainFirebirdDriver.TZFirebird15PlainDriver.GetProtocol
 0001:00007B84       ZPlainFirebirdDriver.TZFirebird20PlainDriver.Create
 0001:00007C3C       ZPlainFirebirdDriver.TZFirebird20PlainDriver.GetDescription
 0001:00007CB4       ZPlainFirebirdDriver.TZFirebird20PlainDriver.GetProtocol
 0001:00007EC8       ZPlainFirebirdDriver.TZFirebird21PlainDriver.Create
 0001:00007F80       ZPlainFirebirdDriver.TZFirebird21PlainDriver.GetDescription
 0001:00007FF8       ZPlainFirebirdDriver.TZFirebird21PlainDriver.GetProtocol
 0001:00008040       ZPlainFirebirdDriver.TZFirebird21PlainDriver.isc_interprete
 0001:00007E84       ZPlainFirebirdDriver.TZFirebird21PlainDriver.LoadApi
 0001:00006B14       ZPlainFirebirdDriver.TZFirebirdBaseDriver.Create
 0001:00006B6C       ZPlainFirebirdDriver.TZFirebirdBaseDriver.GetFirebirdAPI
 0001:00006B94       ZPlainFirebirdDriver.TZFirebirdBaseDriver.isc_array_gen_sdl
 0001:00006BCC       ZPlainFirebirdDriver.TZFirebirdBaseDriver.isc_array_get_slice
 0001:00006C0C       ZPlainFirebirdDriver.TZFirebirdBaseDriver.isc_array_lookup_bounds
 0001:00006C48       ZPlainFirebirdDriver.TZFirebirdBaseDriver.isc_array_lookup_desc
 0001:00006C84       ZPlainFirebirdDriver.TZFirebirdBaseDriver.isc_array_put_slice
 0001:00006CC4       ZPlainFirebirdDriver.TZFirebirdBaseDriver.isc_array_set_desc
 0001:00006D04       ZPlainFirebirdDriver.TZFirebirdBaseDriver.isc_attach_database
 0001:00006D40       ZPlainFirebirdDriver.TZFirebirdBaseDriver.isc_blob_info
 0001:00006D80       ZPlainFirebirdDriver.TZFirebirdBaseDriver.isc_cancel_blob
 0001:00006DAC       ZPlainFirebirdDriver.TZFirebirdBaseDriver.isc_cancel_events
 0001:00006DDC       ZPlainFirebirdDriver.TZFirebirdBaseDriver.isc_close_blob
 0001:00006E08       ZPlainFirebirdDriver.TZFirebirdBaseDriver.isc_commit_retaining
 0001:00006E30       ZPlainFirebirdDriver.TZFirebirdBaseDriver.isc_commit_transaction
 0001:00006E58       ZPlainFirebirdDriver.TZFirebirdBaseDriver.isc_create_blob2
 0001:00006E9C       ZPlainFirebirdDriver.TZFirebirdBaseDriver.isc_database_info
 0001:00006F14       ZPlainFirebirdDriver.TZFirebirdBaseDriver.isc_decode_date
 0001:00006F38       ZPlainFirebirdDriver.TZFirebirdBaseDriver.isc_decode_sql_date
 0001:00006F5C       ZPlainFirebirdDriver.TZFirebirdBaseDriver.isc_decode_sql_time
 0001:00006F80       ZPlainFirebirdDriver.TZFirebirdBaseDriver.isc_decode_timestamp
 0001:00006FA4       ZPlainFirebirdDriver.TZFirebirdBaseDriver.isc_detach_database
 0001:00006FCC       ZPlainFirebirdDriver.TZFirebirdBaseDriver.isc_drop_database
 0001:00007024       ZPlainFirebirdDriver.TZFirebirdBaseDriver.isc_dsql_allocate_statement
 0001:00006FF4       ZPlainFirebirdDriver.TZFirebirdBaseDriver.isc_dsql_alloc_statement2
 0001:00007054       ZPlainFirebirdDriver.TZFirebirdBaseDriver.isc_dsql_describe
 0001:00007088       ZPlainFirebirdDriver.TZFirebirdBaseDriver.isc_dsql_describe_bind
 0001:000070BC       ZPlainFirebirdDriver.TZFirebirdBaseDriver.isc_dsql_execute
 0001:00007134       ZPlainFirebirdDriver.TZFirebirdBaseDriver.isc_dsql_execute2
 0001:000070F4       ZPlainFirebirdDriver.TZFirebirdBaseDriver.isc_dsql_execute_immediate
 0001:00007170       ZPlainFirebirdDriver.TZFirebirdBaseDriver.isc_dsql_fetch
 0001:000071A4       ZPlainFirebirdDriver.TZFirebirdBaseDriver.isc_dsql_free_statement
 0001:000071D4       ZPlainFirebirdDriver.TZFirebirdBaseDriver.isc_dsql_prepare
 0001:00007214       ZPlainFirebirdDriver.TZFirebirdBaseDriver.isc_dsql_set_cursor_name
 0001:0000724C       ZPlainFirebirdDriver.TZFirebirdBaseDriver.isc_dsql_sql_info
 0001:0000728C       ZPlainFirebirdDriver.TZFirebirdBaseDriver.isc_encode_date
 0001:000072B0       ZPlainFirebirdDriver.TZFirebirdBaseDriver.isc_encode_sql_date
 0001:000072D4       ZPlainFirebirdDriver.TZFirebirdBaseDriver.isc_encode_sql_time
 0001:000072F8       ZPlainFirebirdDriver.TZFirebirdBaseDriver.isc_encode_timestamp
 0001:0000731C       ZPlainFirebirdDriver.TZFirebirdBaseDriver.isc_event_block
 0001:00007378       ZPlainFirebirdDriver.TZFirebirdBaseDriver.isc_event_counts
 0001:000073A8       ZPlainFirebirdDriver.TZFirebirdBaseDriver.isc_free
 0001:000073C8       ZPlainFirebirdDriver.TZFirebirdBaseDriver.isc_get_segment
 0001:00007404       ZPlainFirebirdDriver.TZFirebirdBaseDriver.isc_interprete
 0001:0000742C       ZPlainFirebirdDriver.TZFirebirdBaseDriver.isc_open_blob2
 0001:00007470       ZPlainFirebirdDriver.TZFirebirdBaseDriver.isc_put_segment
 0001:000074A8       ZPlainFirebirdDriver.TZFirebirdBaseDriver.isc_que_events
 0001:000074EC       ZPlainFirebirdDriver.TZFirebirdBaseDriver.isc_rollback_retaining
 0001:00007560       ZPlainFirebirdDriver.TZFirebirdBaseDriver.isc_rollback_transaction
 0001:00007540       ZPlainFirebirdDriver.TZFirebirdBaseDriver.isc_sqlcode
 0001:00007514       ZPlainFirebirdDriver.TZFirebirdBaseDriver.isc_sql_interprete
 0001:00007588       ZPlainFirebirdDriver.TZFirebirdBaseDriver.isc_start_multiple
 0001:000075BC       ZPlainFirebirdDriver.TZFirebirdBaseDriver.isc_start_transaction
 0001:00006ED8       ZPlainFirebirdDriver.TZFirebirdBaseDriver.isc_transaction_info
 0001:000075F8       ZPlainFirebirdDriver.TZFirebirdBaseDriver.isc_vax_integer
 0001:0000627C       ZPlainFirebirdDriver.TZFirebirdBaseDriver.LoadApi
 0001:000079FC       ZPlainFirebirdDriver.TZFirebirdD15PlainDriver.Create
 0001:00007AFC       ZPlainFirebirdDriver.TZFirebirdD15PlainDriver.GetDescription
 0001:00007AB4       ZPlainFirebirdDriver.TZFirebirdD15PlainDriver.GetProtocol
 0001:00007CFC       ZPlainFirebirdDriver.TZFirebirdD20PlainDriver.Create
 0001:00007DFC       ZPlainFirebirdDriver.TZFirebirdD20PlainDriver.GetDescription
 0001:00007DB4       ZPlainFirebirdDriver.TZFirebirdD20PlainDriver.GetProtocol
 0001:00008074       ZPlainFirebirdDriver.TZFirebirdD21PlainDriver.Create
 0001:00008174       ZPlainFirebirdDriver.TZFirebirdD21PlainDriver.GetDescription
 0001:0000812C       ZPlainFirebirdDriver.TZFirebirdD21PlainDriver.GetProtocol
 0001:00007624       ZPlainFirebirdDriver.TZInterbase6PlainDriver.Create
 0001:00007698       ZPlainFirebirdDriver.TZInterbase6PlainDriver.GetDescription
 0001:0000770C       ZPlainFirebirdDriver.TZInterbase6PlainDriver.GetProtocol
 0001:00006240       ZPlainFirebirdDriver.XSQLDA_LENGTH
 0002:00000154       ZPlainFirebirdDriver.ZPlainFirebirdDriver
 0004:000004E8       ZPlainFirebirdInterbaseConstants..1
 0001:000056FC       ZPlainFirebirdInterbaseConstants.Finalization
 0002:0000014C       ZPlainFirebirdInterbaseConstants.ZPlainFirebirdInterbaseConstants
 0004:00000014       ZPlainLoader..2
 0001:00000508       ZPlainLoader..TZNativeLibraryLoader
 0001:00000BC4       ZPlainLoader.Finalization
 0001:00000768       ZPlainLoader.TZNativeLibraryLoader.AddLocation
 0001:00000740       ZPlainLoader.TZNativeLibraryLoader.ClearLocations
 0001:000005D4       ZPlainLoader.TZNativeLibraryLoader.Create
 0001:000006FC       ZPlainLoader.TZNativeLibraryLoader.Destroy
 0001:00000B4C       ZPlainLoader.TZNativeLibraryLoader.FreeNativeLibrary
 0001:00000B9C       ZPlainLoader.TZNativeLibraryLoader.GetAddress
 0001:0000085C       ZPlainLoader.TZNativeLibraryLoader.Load
 0001:00000878       ZPlainLoader.TZNativeLibraryLoader.LoadIfNeeded
 0001:00000934       ZPlainLoader.TZNativeLibraryLoader.LoadNativeLibrary
 0001:00000AA0       ZPlainLoader.TZNativeLibraryLoader.LoadNativeLibraryStrict
 0001:00000894       ZPlainLoader.TZNativeLibraryLoader.ZLoadLibrary
 0002:00000044       ZPlainLoader.ZPlainLoader
 0004:000004F0       ZPlainMySqlConstants..1
 0003:00000048       ZPlainMySqlConstants.DEFAULT_PARAMS
 0001:000088A4       ZPlainMySqlConstants.Finalization
 0003:0000003C       ZPlainMySqlConstants.SERVER_GROUPS
 0002:0000015C       ZPlainMySqlConstants.ZPlainMySqlConstants
 0004:000004F4       ZPlainMySqlDriver..6
 0001:00008F88       ZPlainMySqlDriver..TZMySQL41PlainDriver
 0001:0000911C       ZPlainMySqlDriver..TZMySQL5PlainDriver
 0001:00008EB4       ZPlainMySqlDriver..TZMySQLBaseDriver
 0001:00009050       ZPlainMySqlDriver..TZMySQLD41PlainDriver
 0001:000091E0       ZPlainMySqlDriver..TZMySQLD5PlainDriver
 0001:0000BAE0       ZPlainMySqlDriver.Finalization
 0001:0000B490       ZPlainMySqlDriver.TZMySQL41PlainDriver.Create
 0001:0000B550       ZPlainMySqlDriver.TZMySQL41PlainDriver.GetDescription
 0001:0000B510       ZPlainMySqlDriver.TZMySQL41PlainDriver.GetProtocol
 0001:0000B7AC       ZPlainMySqlDriver.TZMySQL5PlainDriver.Create
 0001:0000B8A4       ZPlainMySqlDriver.TZMySQL5PlainDriver.GetDescription
 0001:0000B868       ZPlainMySqlDriver.TZMySQL5PlainDriver.GetProtocol
 0001:0000B758       ZPlainMySqlDriver.TZMySQL5PlainDriver.LoadApi
 0001:0000AE30       ZPlainMySqlDriver.TZMySQLBaseDriver.BindParameters
 0001:0000AE5C       ZPlainMySqlDriver.TZMySQLBaseDriver.BindResult
 0001:0000A2B0       ZPlainMySqlDriver.TZMySQLBaseDriver.BuildServerArguments
 0001:0000AD50       ZPlainMySqlDriver.TZMySQLBaseDriver.CheckAnotherRowset
 0001:0000A638       ZPlainMySqlDriver.TZMySQLBaseDriver.Close
 0001:0000AE88       ZPlainMySqlDriver.TZMySQLBaseDriver.ClosePrepStmt
 0001:0000AD24       ZPlainMySqlDriver.TZMySQLBaseDriver.Commit
 0001:0000A654       ZPlainMySqlDriver.TZMySQLBaseDriver.Connect
 0001:0000A518       ZPlainMySqlDriver.TZMySQLBaseDriver.Create
 0001:0000A6CC       ZPlainMySqlDriver.TZMySQLBaseDriver.CreateDatabase
 0001:0000A6F4       ZPlainMySqlDriver.TZMySQLBaseDriver.Debug
 0001:0000AACC       ZPlainMySqlDriver.TZMySQLBaseDriver.Despose
 0001:0000A5E4       ZPlainMySqlDriver.TZMySQLBaseDriver.Destroy
 0001:0000A710       ZPlainMySqlDriver.TZMySQLBaseDriver.DropDatabase
 0001:0000A738       ZPlainMySqlDriver.TZMySQLBaseDriver.DumpDebugInfo
 0001:0000A758       ZPlainMySqlDriver.TZMySQLBaseDriver.ExecQuery
 0001:0000A784       ZPlainMySqlDriver.TZMySQLBaseDriver.ExecRealQuery
 0001:0000AF44       ZPlainMySqlDriver.TZMySQLBaseDriver.ExecuteStmt
 0001:0000AF68       ZPlainMySqlDriver.TZMySQLBaseDriver.FetchBoundResults
 0001:0000A7C0       ZPlainMySqlDriver.TZMySQLBaseDriver.FetchField
 0001:0000A7E0       ZPlainMySqlDriver.TZMySQLBaseDriver.FetchLengths
 0001:0000A800       ZPlainMySqlDriver.TZMySQLBaseDriver.FetchRow
 0001:0000A820       ZPlainMySqlDriver.TZMySQLBaseDriver.FreeResult
 0001:0000A83C       ZPlainMySqlDriver.TZMySQLBaseDriver.GetAffectedRows
 0001:0000A864       ZPlainMySqlDriver.TZMySQLBaseDriver.GetClientInfo
 0001:0000B3A4       ZPlainMySqlDriver.TZMySQLBaseDriver.GetClientVersion
 0001:0000A880       ZPlainMySqlDriver.TZMySQLBaseDriver.GetEscapeString
 0001:0000B240       ZPlainMySqlDriver.TZMySQLBaseDriver.GetFieldCount
 0001:0000B348       ZPlainMySqlDriver.TZMySQLBaseDriver.GetFieldData
 0001:0000B26C       ZPlainMySqlDriver.TZMySQLBaseDriver.GetFieldDecimals
 0001:0000B1C4       ZPlainMySqlDriver.TZMySQLBaseDriver.GetFieldFlags
 0001:0000B294       ZPlainMySqlDriver.TZMySQLBaseDriver.GetFieldLength
 0001:0000B2B0       ZPlainMySqlDriver.TZMySQLBaseDriver.GetFieldMaxLength
 0001:0000B2D8       ZPlainMySqlDriver.TZMySQLBaseDriver.GetFieldName
 0001:0000B32C       ZPlainMySqlDriver.TZMySQLBaseDriver.GetFieldOrigName
 0001:0000B310       ZPlainMySqlDriver.TZMySQLBaseDriver.GetFieldOrigTable
 0001:0000B2F4       ZPlainMySqlDriver.TZMySQLBaseDriver.GetFieldTable
 0001:0000B1A8       ZPlainMySqlDriver.TZMySQLBaseDriver.GetFieldType
 0001:0000A8B0       ZPlainMySqlDriver.TZMySQLBaseDriver.GetHostInfo
 0001:0000B188       ZPlainMySqlDriver.TZMySQLBaseDriver.GetLastError
 0001:0000B378       ZPlainMySqlDriver.TZMySQLBaseDriver.GetLastErrorCode
 0001:0000AAA0       ZPlainMySqlDriver.TZMySQLBaseDriver.GetLastInsertID
 0001:0000AF14       ZPlainMySqlDriver.TZMySQLBaseDriver.GetLastPreparedError
 0001:0000AEE8       ZPlainMySqlDriver.TZMySQLBaseDriver.GetLastPreparedErrorCode
 0001:0000A8D0       ZPlainMySqlDriver.TZMySQLBaseDriver.GetListDatabases
 0001:0000A8FC       ZPlainMySqlDriver.TZMySQLBaseDriver.GetListFields
 0001:0000A92C       ZPlainMySqlDriver.TZMySQLBaseDriver.GetListProcesses
 0001:0000A950       ZPlainMySqlDriver.TZMySQLBaseDriver.GetListTables
 0001:0000A97C       ZPlainMySqlDriver.TZMySQLBaseDriver.GetNumRows
 0001:0000AE04       ZPlainMySqlDriver.TZMySQLBaseDriver.GetPreparedAffectedRows
 0001:0000B048       ZPlainMySqlDriver.TZMySQLBaseDriver.GetPreparedBindMarkers
 0001:0000AF8C       ZPlainMySqlDriver.TZMySQLBaseDriver.GetPreparedFieldCount
 0001:0000AFDC       ZPlainMySqlDriver.TZMySQLBaseDriver.GetPreparedInsertID
 0001:0000B0A8       ZPlainMySqlDriver.TZMySQLBaseDriver.GetPreparedMetaData
 0001:0000B008       ZPlainMySqlDriver.TZMySQLBaseDriver.GetPreparedNumRows
 0001:0000B0F8       ZPlainMySqlDriver.TZMySQLBaseDriver.GetPreparedSQLState
 0001:0000A9BC       ZPlainMySqlDriver.TZMySQLBaseDriver.GetProtoInfo
 0001:0000AB80       ZPlainMySqlDriver.TZMySQLBaseDriver.GetRealEscapeString
 0001:0000B1EC       ZPlainMySqlDriver.TZMySQLBaseDriver.GetRowCount
 0001:0000A9DC       ZPlainMySqlDriver.TZMySQLBaseDriver.GetServerInfo
 0001:0000B3CC       ZPlainMySqlDriver.TZMySQLBaseDriver.GetServerVersion
 0001:0000ADD4       ZPlainMySqlDriver.TZMySQLBaseDriver.GetSQLState
 0001:0000A9FC       ZPlainMySqlDriver.TZMySQLBaseDriver.GetStatInfo
 0001:0000AA20       ZPlainMySqlDriver.TZMySQLBaseDriver.GetThreadId
 0001:0000AA44       ZPlainMySqlDriver.TZMySQLBaseDriver.Init
 0001:0000AFB8       ZPlainMySqlDriver.TZMySQLBaseDriver.InitializePrepStmt
 0001:0000AAE4       ZPlainMySqlDriver.TZMySQLBaseDriver.Kill
 0001:000092A8       ZPlainMySqlDriver.TZMySQLBaseDriver.LoadApi
 0001:0000AB18       ZPlainMySqlDriver.TZMySQLBaseDriver.Ping
 0001:0000B06C       ZPlainMySqlDriver.TZMySQLBaseDriver.PrepareStmt
 0001:0000AB3C       ZPlainMySqlDriver.TZMySQLBaseDriver.RealConnect
 0001:0000ABB4       ZPlainMySqlDriver.TZMySQLBaseDriver.Refresh
 0001:0000B218       ZPlainMySqlDriver.TZMySQLBaseDriver.ResultSetExists
 0001:0000AD84       ZPlainMySqlDriver.TZMySQLBaseDriver.RetrieveNextRowset
 0001:0000ADA8       ZPlainMySqlDriver.TZMySQLBaseDriver.Rollback
 0001:0000ABE0       ZPlainMySqlDriver.TZMySQLBaseDriver.SeekData
 0001:0000AC04       ZPlainMySqlDriver.TZMySQLBaseDriver.SeekField
 0001:0000AEC0       ZPlainMySqlDriver.TZMySQLBaseDriver.SeekPreparedData
 0001:0000B0CC       ZPlainMySqlDriver.TZMySQLBaseDriver.SeekPreparedRow
 0001:0000AC2C       ZPlainMySqlDriver.TZMySQLBaseDriver.SeekRow
 0001:0000AC58       ZPlainMySqlDriver.TZMySQLBaseDriver.SelectDatabase
 0001:0000ACE0       ZPlainMySqlDriver.TZMySQLBaseDriver.SetAutocommit
 0001:0000B3F8       ZPlainMySqlDriver.TZMySQLBaseDriver.SetDriverOptions
 0001:0000AC84       ZPlainMySqlDriver.TZMySQLBaseDriver.SetOptions
 0001:0000ACB4       ZPlainMySqlDriver.TZMySQLBaseDriver.Shutdown
 0001:0000A688       ZPlainMySqlDriver.TZMySQLBaseDriver.SslSet
 0001:0000B11C       ZPlainMySqlDriver.TZMySQLBaseDriver.StorePreparedResult
 0001:0000B140       ZPlainMySqlDriver.TZMySQLBaseDriver.StoreResult
 0001:0000B164       ZPlainMySqlDriver.TZMySQLBaseDriver.UseResult
 0001:0000B5C4       ZPlainMySqlDriver.TZMySQLD41PlainDriver.Create
 0001:0000B6D4       ZPlainMySqlDriver.TZMySQLD41PlainDriver.GetDescription
 0001:0000B690       ZPlainMySqlDriver.TZMySQLD41PlainDriver.GetProtocol
 0001:0000B918       ZPlainMySqlDriver.TZMySQLD5PlainDriver.Create
 0001:0000BA60       ZPlainMySqlDriver.TZMySQLD5PlainDriver.GetDescription
 0001:0000BA20       ZPlainMySqlDriver.TZMySQLD5PlainDriver.GetProtocol
 0002:00000164       ZPlainMySqlDriver.ZPlainMySqlDriver
 0004:00000628       ZPlainOracle9i..1
 0001:0000F998       ZPlainOracle9i..TZOracleNativeLibraryLoader
 0001:0001043C       ZPlainOracle9i.Finalization
 0004:00000624       ZPlainOracle9i.LibraryLoader
 0004:00000544       ZPlainOracle9i.OCIAttrGet
 0004:00000520       ZPlainOracle9i.OCIAttrSet
 0004:00000558       ZPlainOracle9i.OCIBindByName
 0004:00000554       ZPlainOracle9i.OCIBindByPos
 0004:00000594       ZPlainOracle9i.OCIBindDynamic
 0004:00000578       ZPlainOracle9i.OCIBreak
 0004:00000598       ZPlainOracle9i.OCIDateTimeAssign
 0004:0000059C       ZPlainOracle9i.OCIDateTimeCheck
 0004:000005A0       ZPlainOracle9i.OCIDateTimeCompare
 0004:000005BC       ZPlainOracle9i.OCIDateTimeConstruct
 0004:000005A4       ZPlainOracle9i.OCIDateTimeConvert
 0004:000005A8       ZPlainOracle9i.OCIDateTimeFromText
 0004:000005AC       ZPlainOracle9i.OCIDateTimeGetDate
 0004:000005B0       ZPlainOracle9i.OCIDateTimeGetTime
 0004:000005C4       ZPlainOracle9i.OCIDateTimeGetTimeZoneName
 0004:000005B4       ZPlainOracle9i.OCIDateTimeGetTimeZoneOffset
 0004:000005B8       ZPlainOracle9i.OCIDateTimeSysTimeStamp
 0004:000005C0       ZPlainOracle9i.OCIDateTimeToText
 0004:00000550       ZPlainOracle9i.OCIDefineArrayOfStruct
 0004:0000054C       ZPlainOracle9i.OCIDefineByPos
 0004:00000574       ZPlainOracle9i.OCIDescribeAny
 0004:00000580       ZPlainOracle9i.OCIDescriptorAlloc
 0004:00000584       ZPlainOracle9i.OCIDescriptorFree
 0004:00000510       ZPlainOracle9i.OCIEnvCreate
 0004:0000050C       ZPlainOracle9i.OCIEnvInit
 0004:00000514       ZPlainOracle9i.OCIEnvNlsCreate
 0004:00000534       ZPlainOracle9i.OCIErrorGet
 0004:00000518       ZPlainOracle9i.OCIHandleAlloc
 0004:00000530       ZPlainOracle9i.OCIHandleFree
 0004:00000508       ZPlainOracle9i.OCIInitialize
 0004:000005C8       ZPlainOracle9i.OCILobAppend
 0004:000005CC       ZPlainOracle9i.OCILobAssign
 0004:000005D0       ZPlainOracle9i.OCILobClose
 0004:000005D4       ZPlainOracle9i.OCILobCopy
 0004:000005D8       ZPlainOracle9i.OCILobCreateTemporary
 0004:000005E0       ZPlainOracle9i.OCILobDisableBuffering
 0004:000005DC       ZPlainOracle9i.OCILobEnableBuffering
 0004:000005E4       ZPlainOracle9i.OCILobErase
 0004:000005E8       ZPlainOracle9i.OCILobFileExists
 0004:000005EC       ZPlainOracle9i.OCILobFileGetName
 0004:000005F0       ZPlainOracle9i.OCILobFileSetName
 0004:000005F4       ZPlainOracle9i.OCILobFlushBuffer
 0004:000005F8       ZPlainOracle9i.OCILobFreeTemporary
 0004:000005FC       ZPlainOracle9i.OCILobGetLength
 0004:00000600       ZPlainOracle9i.OCILobIsOpen
 0004:00000604       ZPlainOracle9i.OCILobIsTemporary
 0004:00000608       ZPlainOracle9i.OCILobLoadFromFile
 0004:0000060C       ZPlainOracle9i.OCILobLocatorIsInit
 0004:00000610       ZPlainOracle9i.OCILobOpen
 0004:00000614       ZPlainOracle9i.OCILobRead
 0004:00000618       ZPlainOracle9i.OCILobTrim
 0004:0000061C       ZPlainOracle9i.OCILobWrite
 0004:00000540       ZPlainOracle9i.OCIParamGet
 0004:00000504       ZPlainOracle9i.OCIPasswordChange
 0004:0000057C       ZPlainOracle9i.OCIReset
 0004:00000620       ZPlainOracle9i.OCIResultSetToStmt
 0004:0000051C       ZPlainOracle9i.OCIServerAttach
 0004:0000052C       ZPlainOracle9i.OCIServerDetach
[...]
  1327 0001:0001136E  1333 0001:00011378  1334 0001:00011387  1336 0001:000113C7
  1341 0001:000113D0  1342 0001:000113DF  1344 0001:00011410  1348 0001:0001141C
  1349 0001:0001142B  1350 0001:00011446  1355 0001:00011450  1356 0001:0001145F
  1357 0001:0001147E  1361 0001:00011488  1362 0001:00011497  1363 0001:000114BA
  1368 0001:000114C4  1369 0001:000114D3  1371 0001:00011506  1375 0001:00011510
  1376 0001:0001151F  1377 0001:00011536  1381 0001:00011540  1382 0001:0001154F
  1383 0001:00011566  1387 0001:00011570  1388 0001:0001157F  1390 0001:000115A2
  1394 0001:000115AC  1395 0001:000115BB  1396 0001:000115D6  1400 0001:000115E0
  1401 0001:000115EF  1403 0001:00011612  1407 0001:0001161C  1408 0001:0001162B
  1409 0001:0001164E  1413 0001:00011658  1414 0001:00011667  1415 0001:00011686
  1420 0001:00011690  1421 0001:0001169F  1423 0001:000116CE  1427 0001:000116D8
  1428 0001:000116E7  1429 0001:0001170B  1434 0001:00011714  1435 0001:00011723
  1437 0001:00011752  1441 0001:0001175C  1442 0001:0001176B  1444 0001:00011792
  1449 0001:0001179C  1450 0001:000117AB  1452 0001:000117DA  1456 0001:000117E4
  1457 0001:000117F3  1458 0001:0001180E  1462 0001:00011818  1463 0001:00011827
  1464 0001:00011842  1468 0001:0001184C  1469 0001:0001185B  1470 0001:00011876
  1474 0001:00011880  1475 0001:0001188F  1476 0001:000118AA  1480 0001:000118B4
  1481 0001:000118C3  1482 0001:000118DE  1486 0001:000118E8  1487 0001:000118F7
  1488 0001:00011917  1492 0001:00011920  1493 0001:0001192F  1494 0001:0001194E
  1498 0001:00011958  1499 0001:00011967  1500 0001:00011986  1505 0001:00011990
  1506 0001:0001199F  1507 0001:000119C2  1512 0001:000119CC  1513 0001:000119DB
  1515 0001:00011A1B  1519 0001:00011A24  1520 0001:00011A33  1521 0001:00011A52
  1527 0001:00011A5C  1528 0001:00011A6B  1530 0001:00011A9E  1535 0001:00011AA8
  1536 0001:00011AB7  1537 0001:00011ADE  1542 0001:00011AE8  1543 0001:00011AF7
  1545 0001:00011B22  1550 0001:00011B2C  1551 0001:00011B3B  1553 0001:00011B5E
  1558 0001:00011B68  1559 0001:00011B77  1561 0001:00011B9A  1565 0001:00011BA4
  1566 0001:00011BB3  1567 0001:00011BCE  1573 0001:00011BD8  1574 0001:00011BE7
  1576 0001:00011C1E

Line numbers for ZPlainOracleDriver(..\..\src\plain\ZPlainOracleDriver.pas) segment .itext

  1578 0002:000001D8

Line numbers for ZPlainSqLiteDriver(..\..\src\plain\ZPlainSqLiteDriver.pas) segment .text

   469 0001:000123B0   470 0001:000123C8   471 0001:000123D2   473 0001:000123E9
   477 0001:000123F9   481 0001:0001243C   482 0001:0001244B   483 0001:00012462
   486 0001:0001246C   487 0001:00012478   488 0001:00012489   492 0001:00012490
   493 0001:0001249F   494 0001:000124C2   498 0001:000124CC   499 0001:000124DB
   500 0001:000124F0   503 0001:000124F8   504 0001:00012507   505 0001:00012518
   508 0001:0001251C   509 0001:00012528   510 0001:00012536   514 0001:00012540
   515 0001:0001254F   516 0001:0001256A   522 0001:00012574   523 0001:00012583
   524 0001:000125A2   525 0001:000125A9   528 0001:000125B4   529 0001:000125C0
   530 0001:000125CE   535 0001:000125D8   536 0001:000125E7   537 0001:000125EE
   542 0001:000125F8   543 0001:00012607   544 0001:0001260E   547 0001:00012618
   548 0001:00012624   549 0001:000126A3   550 0001:000126B0   551 0001:000126BD
   552 0001:000126CA   553 0001:000126D7   554 0001:000126E4   555 0001:000126F1
   556 0001:000126FE   557 0001:0001270B   558 0001:00012718   559 0001:00012725
   560 0001:00012732   561 0001:0001273F   562 0001:0001274C   563 0001:00012759
   564 0001:00012766   565 0001:00012770   566 0001:0001277A   567 0001:00012784
   568 0001:0001278E   569 0001:00012798   570 0001:000127A2   571 0001:000127AC
   572 0001:000127B6   573 0001:000127C0   574 0001:000127CA   575 0001:000127D4
   577 0001:000127DE   579 0001:000127E6   584 0001:00012AEC   585 0001:00012AFB
   586 0001:00012B02   587 0001:00012B22   591 0001:00012B2C   592 0001:00012B3B
   593 0001:00012B4C   594 0001:00012B53   597 0001:00012B5C   598 0001:00012B68
   599 0001:00012B73   602 0001:00012B78   603 0001:00012B84   604 0001:00012B8F
   608 0001:00012B94   609 0001:00012BA3   610 0001:00012BAA   615 0001:00012BB4
   616 0001:00012BC3   618 0001:00012BE7   621 0001:00012BF0   622 0001:00012BFC
   623 0001:00012C07   626 0001:00012C0C   627 0001:00012C18   628 0001:00012C26
   631 0001:00012C30   632 0001:00012C3C   633 0001:00012C43   636 0001:00012C4C
   637 0001:00012C55   638 0001:00012C5A   641 0001:00012C64   642 0001:00012C6D
   643 0001:00012C76   651 0001:00012C80   652 0001:00012CA9   653 0001:00012CAE
   654 0001:00012CC0   655 0001:00012CCB   656 0001:00012CDA   658 0001:00012CFD
   659 0001:00012D0E   660 0001:00012D14   664 0001:00012D60   665 0001:00012D6F
   666 0001:00012D78   667 0001:00012D82   668 0001:00012D87   672 0001:00012DCC
   673 0001:00012DDB   674 0001:00012DF7   678 0001:00012E00   679 0001:00012E0F
   681 0001:00012E1B   685 0001:00012E22   687 0001:00012E3D   691 0001:00012E48
   692 0001:00012E57   694 0001:00012E63   698 0001:00012E6A   700 0001:00012E85
   704 0001:00012E90   705 0001:00012E9F   706 0001:00012EB0   707 0001:00012EB7
   711 0001:00012EC0   712 0001:00012ECF   713 0001:00012EEA   717 0001:00012EF4
   718 0001:00012F00   719 0001:00012F16   723 0001:00012F1C   724 0001:00012F2B
   725 0001:00012F43   729 0001:00012F4C   730 0001:00012F5B   731 0001:00012F6C
   735 0001:00012F70   736 0001:00012F7F   737 0001:00012F99   745 0001:00012FA4
   746 0001:00012FB3   747 0001:00012FB8   748 0001:00012FC9   750 0001:00012FD9
   751 0001:00012FE9   753 0001:00012FEF   754 0001:0001301B   756 0001:00013023
   757 0001:00013059   758 0001:00013061   760 0001:00013069   761 0001:0001307B
   763 0001:0001309D   765 0001:000130A3   766 0001:000130B7   767 0001:000130CB
   768 0001:000130DF   769 0001:000130E7   773 0001:000130ED   774 0001:00013101
   776 0001:00013115   777 0001:0001311D   778 0001:00013125   779 0001:00013129
   780 0001:0001312D   761 0001:00013130   781 0001:00013139   782 0001:0001313F
   783 0001:00013146   784 0001:0001314D   785 0001:00013153   787 0001:0001315A
   791 0001:00013164   792 0001:00013173   793 0001:0001318E   796 0001:00013198
   797 0001:000131A4   798 0001:000131B5   801 0001:000131BC   802 0001:000131C8
   803 0001:000131D3   808 0001:000131D8   810 0001:000131E1   812 0001:000131EA
   813 0001:000131FD   814 0001:00013210   815 0001:00013223   816 0001:00013236
   817 0001:00013249   818 0001:0001325C   819 0001:0001326F   820 0001:00013282
   822 0001:00013295   823 0001:000132A8   824 0001:000132BB   825 0001:000132CE
   826 0001:000132E1   827 0001:000132F4   828 0001:00013307   829 0001:0001331A
   830 0001:0001332D   835 0001:00013340   836 0001:00013353   837 0001:00013366
   838 0001:0001337C   839 0001:00013392   840 0001:000133A8   841 0001:000133BE
   842 0001:000133D4   843 0001:000133EA   844 0001:00013400   845 0001:00013416
   846 0001:0001342C   847 0001:00013442   849 0001:00013458   850 0001:0001346E
   852 0001:00013484   853 0001:0001349A   855 0001:000134B0   858 0001:00013778
   859 0001:00013790   861 0001:0001379A   865 0001:000137AA   868 0001:000137F0
   869 0001:000137FC   870 0001:00013809   873 0001:00013830   874 0001:0001383C
   875 0001:00013849

Line numbers for ZPlainSqLiteDriver(..\..\src\plain\ZPlainSqLiteDriver.pas) segment .itext

   877 0002:000001E0

Line numbers for ZPlainASA7(..\..\src\plain\ZPlainASA7.pas) segment .text

   268 0001:00013954   269 0001:0001395D   271 0001:00013968   272 0001:0001397A
   273 0001:0001398C   274 0001:0001399E   275 0001:000139B0   276 0001:000139C2
   277 0001:000139D4   278 0001:000139E6   279 0001:000139F8   280 0001:00013A0A
   281 0001:00013A1C   282 0001:00013A2E   283 0001:00013A40   284 0001:00013A52
   285 0001:00013A64   286 0001:00013A76   287 0001:00013A88   288 0001:00013A9A
   289 0001:00013AAC   290 0001:00013ABE   291 0001:00013AD0   292 0001:00013AE2
   293 0001:00013AF4   294 0001:00013B06   295 0001:00013B18   296 0001:00013B2A
   297 0001:00013B3C   298 0001:00013B4E   299 0001:00013B60   300 0001:00013B72
   301 0001:00013B84   302 0001:00013B96   303 0001:00013BA8   304 0001:00013BBA
   305 0001:00013BCC   306 0001:00013BDE   307 0001:00013BF0   308 0001:00013C02
   309 0001:00013C14   310 0001:00013C26   311 0001:00013C38   312 0001:00013C4A
   313 0001:00013C5C   314 0001:00013C6E   327 0001:00013F38   328 0001:00013F5A
   329 0001:00013F64

Line numbers for ZPlainASA7(..\..\src\plain\ZPlainASA7.pas) segment .itext

   316 0002:000001E8   317 0002:000001F5   319 0002:000001FC   326 0002:0000021A

Line numbers for ZPlainASA8(..\..\src\plain\ZPlainASA8.pas) segment .text

   269 0001:00014000   270 0001:00014009   272 0001:00014014   273 0001:00014026
   274 0001:00014038   275 0001:0001404A   276 0001:0001405C   277 0001:0001406E
   278 0001:00014080   279 0001:00014092   280 0001:000140A4   281 0001:000140B6
   282 0001:000140C8   283 0001:000140DA   284 0001:000140EC   285 0001:000140FE
   286 0001:00014110   287 0001:00014122   288 0001:00014134   289 0001:00014146
   290 0001:00014158   291 0001:0001416A   292 0001:0001417C   293 0001:0001418E
   294 0001:000141A0   295 0001:000141B2   296 0001:000141C4   297 0001:000141D6
   298 0001:000141E8   299 0001:000141FA   300 0001:0001420C   301 0001:0001421E
   302 0001:00014230   303 0001:00014242   304 0001:00014254   305 0001:00014266
   306 0001:00014278   307 0001:0001428A   308 0001:0001429C   309 0001:000142AE
   310 0001:000142C0   311 0001:000142D2   312 0001:000142E4   313 0001:000142F6
   314 0001:00014308   315 0001:0001431A   328 0001:000145E4   329 0001:00014606
   330 0001:00014610

Line numbers for ZPlainASA8(..\..\src\plain\ZPlainASA8.pas) segment .itext

   317 0002:00000244   318 0002:00000251   320 0002:00000258   327 0002:00000276

Line numbers for ZPlainASA9(..\..\src\plain\ZPlainASA9.pas) segment .text

   269 0001:000146AC   270 0001:000146B5   272 0001:000146C0   273 0001:000146D2
   274 0001:000146E4   275 0001:000146F6   276 0001:00014708   277 0001:0001471A
   278 0001:0001472C   279 0001:0001473E   280 0001:00014750   281 0001:00014762
   282 0001:00014774   283 0001:00014786   284 0001:00014798   285 0001:000147AA
   286 0001:000147BC   287 0001:000147CE   288 0001:000147E0   289 0001:000147F2
   290 0001:00014804   291 0001:00014816   292 0001:00014828   293 0001:0001483A
   294 0001:0001484C   295 0001:0001485E   296 0001:00014870   297 0001:00014882
   298 0001:00014894   299 0001:000148A6   300 0001:000148B8   301 0001:000148CA
   302 0001:000148DC   303 0001:000148EE   304 0001:00014900   305 0001:00014912
   306 0001:00014924   307 0001:00014936   308 0001:00014948   309 0001:0001495A
   310 0001:0001496C   311 0001:0001497E   312 0001:00014990   313 0001:000149A2
   314 0001:000149B4   315 0001:000149C6   328 0001:00014C90   329 0001:00014CB2
   330 0001:00014CBC

Line numbers for ZPlainASA9(..\..\src\plain\ZPlainASA9.pas) segment .itext

   317 0002:000002A0   318 0002:000002AD   320 0002:000002B4   327 0002:000002D2

Line numbers for ZPlainASADriver(..\..\src\plain\ZPlainASADriver.pas) segment .text

  1174 0001:00015900  1175 0001:00015918  1178 0001:00015938  1179 0001:00015944
  1180 0001:00015951  1183 0001:00015970  1184 0001:0001597C  1185 0001:00015989
  1188 0001:000159E8  1189 0001:000159EF  1190 0001:000159FB  1194 0001:00015A00
  1195 0001:00015A0F  1196 0001:00015A27  1199 0001:00015A30  1200 0001:00015A3C
  1201 0001:00015A4C  1204 0001:00015A54  1205 0001:00015A60  1206 0001:00015A70
  1210 0001:00015A78  1211 0001:00015A87  1212 0001:00015AA4  1216 0001:00015AAC
  1217 0001:00015ABB  1218 0001:00015ACF  1222 0001:00015AD8  1223 0001:00015AE7
  1224 0001:00015B08  1228 0001:00015B10  1229 0001:00015B1F  1230 0001:00015B33
  1234 0001:00015B3C  1235 0001:00015B4B  1236 0001:00015B5F  1240 0001:00015B68
  1241 0001:00015B77  1242 0001:00015B8B  1246 0001:00015B94  1247 0001:00015BA3
  1248 0001:00015BB7  1251 0001:00015BC0  1252 0001:00015BCC  1253 0001:00015BDC
  1256 0001:00015BE4  1257 0001:00015BF0  1258 0001:00015C00  1262 0001:00015C08
  1263 0001:00015C17  1264 0001:00015C2B  1267 0001:00015C34  1268 0001:00015C40
  1269 0001:00015C4D  1272 0001:00015C54  1273 0001:00015C60  1274 0001:00015C6D
  1277 0001:00015C74  1278 0001:00015C80  1279 0001:00015C8D  1282 0001:00015C94
  1283 0001:00015CA3  1284 0001:00015CB4  1287 0001:00015CB8  1288 0001:00015CC7
  1289 0001:00015CD8  1293 0001:00015CDC  1294 0001:00015CEB  1295 0001:00015D08
  1299 0001:00015D10  1300 0001:00015D1F  1301 0001:00015D38  1306 0001:00015D40
  1307 0001:00015D4F  1309 0001:00015D76  1314 0001:00015D7C  1315 0001:00015D8B
  1317 0001:00015DB5  1322 0001:00015DBC  1323 0001:00015DCB  1325 0001:00015DED
  1329 0001:00015DF4  1330 0001:00015E03  1332 0001:00015E23  1336 0001:00015E2C
  1337 0001:00015E3B  1338 0001:00015E54  1343 0001:00015E5C  1344 0001:00015E6B
  1346 0001:00015E99  1349 0001:00015EA0  1350 0001:00015EAF  1351 0001:00015EC0
  1356 0001:00015EC4  1357 0001:00015ED3  1359 0001:00015EFB  1364 0001:00015F04
  1365 0001:00015F13  1367 0001:00015F40  1371 0001:00015F48  1372 0001:00015F57
  1374 0001:00015F77  1377 0001:00015F80  1378 0001:00015F8F  1379 0001:00015FA4
  1383 0001:00015FA8  1384 0001:00015FB7  1385 0001:00015FCC  1389 0001:00015FD4
  1390 0001:00015FE3  1391 0001:00015FFC  1395 0001:00016004  1396 0001:00016013
  1398 0001:00016031  1402 0001:00016038  1403 0001:00016047  1405 0001:00016066
  1410 0001:0001606C  1411 0001:0001607B  1413 0001:0001609C  1417 0001:000160A4
  1418 0001:000160B3  1419 0001:000160C6  1422 0001:000160CC  1423 0001:000160DB
  1424 0001:000160EC  1428 0001:000160F0  1429 0001:000160FF  1430 0001:00016110
  1434 0001:00016114  1435 0001:00016123  1436 0001:0001613A  1440 0001:00016140
  1441 0001:0001614F  1442 0001:00016166  1445 0001:0001616C  1446 0001:0001617B
  1447 0001:0001618C  1450 0001:00016190  1451 0001:0001619C  1452 0001:000161AC
  1455 0001:000161B4  1456 0001:000161CC  1459 0001:000161EC  1460 0001:000161F8
  1461 0001:00016205  1464 0001:00016224  1465 0001:00016230  1466 0001:0001623D
  1469 0001:0001629C  1470 0001:000162A3  1471 0001:000162AF  1475 0001:000162B4
  1476 0001:000162C3  1477 0001:000162DB  1480 0001:000162E4  1481 0001:000162F0
  1482 0001:00016300  1485 0001:00016308  1486 0001:00016314  1487 0001:00016324
  1491 0001:0001632C  1492 0001:0001633B  1493 0001:00016358  1497 0001:00016360
  1498 0001:0001636F  1499 0001:00016383  1503 0001:0001638C  1504 0001:0001639B
  1505 0001:000163B0  1509 0001:000163B8  1510 0001:000163C7  1511 0001:000163DB
  1515 0001:000163E4  1516 0001:000163F3  1517 0001:00016407  1521 0001:00016410
  1522 0001:0001641F  1523 0001:00016433  1527 0001:0001643C  1528 0001:0001644B
  1529 0001:0001645F  1532 0001:00016468  1533 0001:00016474  1534 0001:00016484
  1537 0001:0001648C  1538 0001:00016498  1539 0001:000164A8  1543 0001:000164B0
  1544 0001:000164BF  1545 0001:000164D3  1548 0001:000164DC  1549 0001:000164E8
  1550 0001:000164F5  1553 0001:000164FC  1554 0001:00016508  1555 0001:00016515
  1558 0001:0001651C  1559 0001:00016528  1560 0001:00016535  1563 0001:0001653C
  1564 0001:0001654B  1565 0001:0001655C  1568 0001:00016560  1569 0001:0001656F
  1570 0001:00016580  1574 0001:00016584  1575 0001:00016593  1576 0001:000165B0
  1580 0001:000165B8  1581 0001:000165C7  1582 0001:000165E0  1587 0001:000165E8
  1588 0001:000165F7  1590 0001:0001661E  1595 0001:00016624  1596 0001:00016633
  1598 0001:0001665D  1603 0001:00016664  1604 0001:00016673  1606 0001:00016695
  1610 0001:0001669C  1611 0001:000166AB  1613 0001:000166CB  1617 0001:000166D4
  1618 0001:000166E3  1619 0001:000166FC  1624 0001:00016704  1625 0001:00016713
  1627 0001:00016741  1630 0001:00016748  1631 0001:00016757  1632 0001:00016768
  1637 0001:0001676C  1638 0001:0001677B  1640 0001:000167A3  1645 0001:000167AC
  1646 0001:000167BB  1648 0001:000167E8  1652 0001:000167F0  1653 0001:000167FF
  1655 0001:0001681F  1658 0001:00016828  1659 0001:00016837  1660 0001:0001684C
  1664 0001:00016850  1665 0001:0001685F  1666 0001:00016874  1670 0001:0001687C
  1671 0001:0001688B  1672 0001:000168A4  1676 0001:000168AC  1677 0001:000168BB
  1679 0001:000168D9  1683 0001:000168E0  1684 0001:000168EF  1686 0001:0001690E
  1691 0001:00016914  1692 0001:00016923  1694 0001:00016944  1698 0001:0001694C
  1699 0001:0001695B  1700 0001:0001696E  1703 0001:00016974  1704 0001:00016983
  1705 0001:00016994  1709 0001:00016998  1710 0001:000169A7  1711 0001:000169B8
  1715 0001:000169BC  1716 0001:000169CB  1717 0001:000169E2  1721 0001:000169E8
  1722 0001:000169F7  1723 0001:00016A0E  1726 0001:00016A14  1727 0001:00016A23
  1728 0001:00016A34  1731 0001:00016A38  1732 0001:00016A44  1733 0001:00016A54
  1736 0001:00016A5C  1737 0001:00016A74  1740 0001:00016A94  1741 0001:00016AA0
  1742 0001:00016AAD  1745 0001:00016ACC  1746 0001:00016AD8  1747 0001:00016AE5
  1750 0001:00016B44  1751 0001:00016B4B  1752 0001:00016B57  1756 0001:00016B5C
  1757 0001:00016B6B  1758 0001:00016B83  1761 0001:00016B8C  1762 0001:00016B98
  1763 0001:00016BA8  1766 0001:00016BB0  1767 0001:00016BBC  1768 0001:00016BCC
  1772 0001:00016BD4  1773 0001:00016BE3  1774 0001:00016C00  1778 0001:00016C08
  1779 0001:00016C17  1780 0001:00016C2B  1784 0001:00016C34  1785 0001:00016C43
  1786 0001:00016C64  1790 0001:00016C6C  1791 0001:00016C7B  1792 0001:00016C8F
  1796 0001:00016C98  1797 0001:00016CA7  1798 0001:00016CBB  1802 0001:00016CC4
  1803 0001:00016CD3  1804 0001:00016CE7  1808 0001:00016CF0  1809 0001:00016CFF
  1810 0001:00016D13  1813 0001:00016D1C  1814 0001:00016D28  1815 0001:00016D38
  1818 0001:00016D40  1819 0001:00016D4C  1820 0001:00016D5C  1824 0001:00016D64
  1825 0001:00016D73  1826 0001:00016D87  1829 0001:00016D90  1830 0001:00016D9C
  1831 0001:00016DA9  1834 0001:00016DB0  1835 0001:00016DBC  1836 0001:00016DC9
  1839 0001:00016DD0  1840 0001:00016DDC  1841 0001:00016DE9  1844 0001:00016DF0
  1845 0001:00016DFF  1846 0001:00016E10  1849 0001:00016E14  1850 0001:00016E23
  1851 0001:00016E34  1855 0001:00016E38  1856 0001:00016E47  1857 0001:00016E64
  1861 0001:00016E6C  1862 0001:00016E7B  1863 0001:00016E94  1868 0001:00016E9C
  1869 0001:00016EAB  1871 0001:00016ED2  1876 0001:00016ED8  1877 0001:00016EE7
  1879 0001:00016F11  1884 0001:00016F18  1885 0001:00016F27  1887 0001:00016F49
  1891 0001:00016F50  1892 0001:00016F5F  1894 0001:00016F7F  1898 0001:00016F88
  1899 0001:00016F97  1900 0001:00016FB0  1905 0001:00016FB8  1906 0001:00016FC7
  1908 0001:00016FF5  1911 0001:00016FFC  1912 0001:0001700B  1913 0001:0001701C
  1918 0001:00017020  1919 0001:0001702F  1921 0001:00017057  1926 0001:00017060
  1927 0001:0001706F  1929 0001:0001709C  1933 0001:000170A4  1934 0001:000170B3
  1936 0001:000170D3  1939 0001:000170DC  1940 0001:000170EB  1941 0001:00017100
  1945 0001:00017104  1946 0001:00017113  1947 0001:00017128  1951 0001:00017130
  1952 0001:0001713F  1953 0001:00017158  1957 0001:00017160  1958 0001:0001716F
  1960 0001:0001718D  1964 0001:00017194  1965 0001:000171A3  1967 0001:000171C2
  1972 0001:000171C8  1973 0001:000171D7  1975 0001:000171F8  1979 0001:00017200
  1980 0001:0001720F  1981 0001:00017222  1984 0001:00017228  1985 0001:00017237
  1986 0001:00017248  1990 0001:0001724C  1991 0001:0001725B  1992 0001:0001726C
  1996 0001:00017270  1997 0001:0001727F  1998 0001:00017296  2002 0001:0001729C
  2003 0001:000172AB  2004 0001:000172C2  2007 0001:000172C8  2008 0001:000172D7
  2009 0001:000172E8  2012 0001:000172EC  2013 0001:000172F8  2014 0001:00017308

Line numbers for ZPlainASADriver(..\..\src\plain\ZPlainASADriver.pas) segment .itext

  2016 0002:000002FC

Line numbers for .ZPlain(ZPlain.dpk) segment .itext

    80 0002:00000304

Bound resource files

ZPlain.res
ZPlain.drf


Program entry point at 0002:00000304
